2024-12-17 18:04:28,806 - __main__ - INFO - Initializing Calculator Application
2024-12-17 18:04:50,074 - __main__ - INFO - MATLAB engine started successfully
2024-12-17 18:04:58,956 - root - DEBUG - Parsed SymPy Expression: Integral(x**2, x)
2024-12-17 18:04:58,956 - __main__ - DEBUG - Converting SymPy expression to MATLAB: Integral(x**2, x)
2024-12-17 18:04:58,956 - __main__ - DEBUG - Handling list expression: Integral(x**2, x)
2024-12-17 18:04:58,956 - __main__ - DEBUG - Handling integral expression: Integral(x**2, x)
2024-12-17 18:04:58,956 - __main__ - DEBUG - Converting SymPy expression to MATLAB: x**2
2024-12-17 18:04:58,956 - __main__ - DEBUG - Handling list expression: x**2
2024-12-17 18:04:58,958 - __main__ - DEBUG - Processed expression string. Result: x^2
2024-12-17 18:04:58,958 - __main__ - DEBUG - Integral function: x^2, variable: x
2024-12-17 18:04:58,958 - __main__ - DEBUG - Created integral with variable: int(x^2, x)
2024-12-17 18:04:58,958 - __main__ - DEBUG - Handled Integral expression. Result: int(x^2, x)
2024-12-17 18:04:58,958 - root - DEBUG - Converted SymPy to MATLAB Expression: int(x^2, x)
2024-12-17 18:06:04,880 - root - DEBUG - Parsed SymPy Expression: Integral(x**2, x)
2024-12-17 18:06:04,880 - __main__ - DEBUG - Converting SymPy expression to MATLAB: Integral(x**2, x)
2024-12-17 18:06:04,881 - __main__ - DEBUG - Handling list expression: Integral(x**2, x)
2024-12-17 18:06:04,881 - __main__ - DEBUG - Handling integral expression: Integral(x**2, x)
2024-12-17 18:06:04,881 - __main__ - DEBUG - Converting SymPy expression to MATLAB: x**2
2024-12-17 18:06:04,881 - __main__ - DEBUG - Handling list expression: x**2
2024-12-17 18:06:04,881 - __main__ - DEBUG - Processed expression string. Result: x^2
2024-12-17 18:06:04,881 - __main__ - DEBUG - Integral function: x^2, variable: x
2024-12-17 18:06:04,881 - __main__ - DEBUG - Created integral with variable: int(x^2, x)
2024-12-17 18:06:04,881 - __main__ - DEBUG - Handled Integral expression. Result: int(x^2, x)
2024-12-17 18:06:04,881 - root - DEBUG - Converted SymPy to MATLAB Expression: int(x^2, x)
2024-12-17 18:06:57,508 - __main__ - INFO - Initializing Calculator Application
2024-12-17 18:07:05,914 - __main__ - INFO - MATLAB engine started successfully
2024-12-17 18:08:24,365 - root - DEBUG - Parsed SymPy Expression: Integral(x**2, x)
2024-12-17 18:08:24,367 - __main__ - DEBUG - Converting SymPy expression to MATLAB: Integral(x**2, x)
2024-12-17 18:08:24,367 - __main__ - DEBUG - Handling list expression: Integral(x**2, x)
2024-12-17 18:08:24,367 - __main__ - DEBUG - Handling integral expression: Integral(x**2, x)
2024-12-17 18:08:24,367 - __main__ - DEBUG - Converting SymPy expression to MATLAB: x**2
2024-12-17 18:08:24,367 - __main__ - DEBUG - Handling list expression: x**2
2024-12-17 18:08:24,368 - __main__ - DEBUG - Processed expression string. Result: x^2
2024-12-17 18:08:24,368 - __main__ - DEBUG - Integral function: x^2, variable: x
2024-12-17 18:08:24,368 - __main__ - DEBUG - Created integral with variable: int(x^2, x)
2024-12-17 18:08:24,368 - __main__ - DEBUG - Handled Integral expression. Result: int(x^2, x)
2024-12-17 18:08:24,368 - root - DEBUG - Converted SymPy to MATLAB Expression: int(x^2, x)
2024-12-17 18:08:24,569 - root - DEBUG - Result: x^3/3
2024-12-17 18:08:33,119 - root - DEBUG - Parsed SymPy Expression: Integral(log(x, E), x)
2024-12-17 18:08:33,119 - __main__ - DEBUG - Converting SymPy expression to MATLAB: Integral(log(x, E), x)
2024-12-17 18:08:33,119 - __main__ - DEBUG - Handling list expression: Integral(log(x, E), x)
2024-12-17 18:08:33,119 - __main__ - DEBUG - Handling integral expression: Integral(log(x, E), x)
2024-12-17 18:08:33,119 - __main__ - DEBUG - Converting SymPy expression to MATLAB: log(x, E)
2024-12-17 18:08:33,119 - __main__ - DEBUG - Handling list expression: log(x, E)
2024-12-17 18:08:33,119 - __main__ - DEBUG - Handling function expression: log(x, E)
2024-12-17 18:08:33,119 - __main__ - DEBUG - Converting SymPy expression to MATLAB: x
2024-12-17 18:08:33,119 - __main__ - DEBUG - Handling list expression: x
2024-12-17 18:08:33,119 - __main__ - DEBUG - Processed expression string. Result: x
2024-12-17 18:08:33,120 - __main__ - DEBUG - Converting SymPy expression to MATLAB: E
2024-12-17 18:08:33,120 - __main__ - DEBUG - Handling list expression: E
2024-12-17 18:08:33,120 - __main__ - DEBUG - Processed expression string. Result: exp(1)
2024-12-17 18:08:33,120 - __main__ - DEBUG - Handled special function log: log(x)
2024-12-17 18:08:33,120 - __main__ - DEBUG - Handled Function expression. Result: log(x)
2024-12-17 18:08:33,120 - __main__ - DEBUG - Integral function: log(x), variable: x
2024-12-17 18:08:33,120 - __main__ - DEBUG - Created integral with variable: int(ln(x), x)
2024-12-17 18:08:33,120 - __main__ - DEBUG - Handled Integral expression. Result: int(ln(x), x)
2024-12-17 18:08:33,120 - root - DEBUG - Converted SymPy to MATLAB Expression: int(ln(x), x)
2024-12-17 18:08:38,741 - root - DEBUG - Result: Error in integration.
2024-12-17 18:12:10,167 - __main__ - INFO - Initializing Calculator Application
2024-12-17 18:12:18,712 - __main__ - INFO - MATLAB engine started successfully
2024-12-17 18:13:06,017 - __main__ - INFO - Initializing Calculator Application
2024-12-17 18:13:14,521 - __main__ - INFO - MATLAB engine started successfully
2024-12-17 18:13:22,633 - root - DEBUG - Parsed SymPy Expression: Integral(1/x, x)
2024-12-17 18:13:22,634 - __main__ - DEBUG - Converting SymPy expression to MATLAB: Integral(1/x, x)
2024-12-17 18:13:22,634 - __main__ - DEBUG - Handling list expression: Integral(1/x, x)
2024-12-17 18:13:22,634 - __main__ - DEBUG - Handling integral expression: Integral(1/x, x)
2024-12-17 18:13:22,634 - __main__ - DEBUG - Converting SymPy expression to MATLAB: 1/x
2024-12-17 18:13:22,634 - __main__ - DEBUG - Handling list expression: 1/x
2024-12-17 18:13:22,635 - __main__ - DEBUG - Processed expression string. Result: 1./x
2024-12-17 18:13:22,636 - __main__ - DEBUG - Integral function: 1./x, variable: x
2024-12-17 18:13:22,636 - __main__ - DEBUG - Created integral with variable: int(1./x, x)
2024-12-17 18:13:22,636 - __main__ - DEBUG - Handled Integral expression. Result: int(1./x, x)
2024-12-17 18:13:22,636 - root - DEBUG - Converted SymPy to MATLAB Expression: int(1./x, x)
2024-12-17 18:13:22,796 - root - DEBUG - Result: ln(x)
2024-12-17 18:13:30,624 - root - DEBUG - Parsed SymPy Expression: Integral(log(x, E), x)
2024-12-17 18:13:30,624 - __main__ - DEBUG - Converting SymPy expression to MATLAB: Integral(log(x, E), x)
2024-12-17 18:13:30,624 - __main__ - DEBUG - Handling list expression: Integral(log(x, E), x)
2024-12-17 18:13:30,624 - __main__ - DEBUG - Handling integral expression: Integral(log(x, E), x)
2024-12-17 18:13:30,624 - __main__ - DEBUG - Converting SymPy expression to MATLAB: log(x, E)
2024-12-17 18:13:30,624 - __main__ - DEBUG - Handling list expression: log(x, E)
2024-12-17 18:13:30,624 - __main__ - DEBUG - Handling function expression: log(x, E)
2024-12-17 18:13:30,624 - __main__ - DEBUG - Converting SymPy expression to MATLAB: x
2024-12-17 18:13:30,624 - __main__ - DEBUG - Handling list expression: x
2024-12-17 18:13:30,625 - __main__ - DEBUG - Processed expression string. Result: x
2024-12-17 18:13:30,625 - __main__ - DEBUG - Converting SymPy expression to MATLAB: E
2024-12-17 18:13:30,625 - __main__ - DEBUG - Handling list expression: E
2024-12-17 18:13:30,625 - __main__ - DEBUG - Processed expression string. Result: exp(1)
2024-12-17 18:13:30,625 - __main__ - DEBUG - Handled special function log: log(x)
2024-12-17 18:13:30,625 - __main__ - DEBUG - Handled Function expression. Result: log(x)
2024-12-17 18:13:30,625 - __main__ - DEBUG - Integral function: log(x), variable: x
2024-12-17 18:13:30,625 - __main__ - DEBUG - Created integral with variable: int(log(x), x)
2024-12-17 18:13:30,625 - __main__ - DEBUG - Handled Integral expression. Result: int(log(x), x)
2024-12-17 18:13:30,625 - root - DEBUG - Converted SymPy to MATLAB Expression: int(log(x), x)
2024-12-17 18:13:30,736 - root - DEBUG - Result: x*(ln(x) - 1)
2024-12-17 18:35:37,666 - __main__ - INFO - Initializing Calculator Application
2024-12-17 18:39:56,970 - __main__ - INFO - Initializing Calculator Application
2024-12-17 18:40:10,237 - __main__ - INFO - MATLAB engine started successfully
2024-12-17 18:43:55,796 - __main__ - INFO - Initializing Calculator Application
2024-12-17 18:44:04,089 - __main__ - INFO - MATLAB engine started successfully
2024-12-17 18:44:10,512 - root - DEBUG - Parsed SymPy Expression: Integral(1/x, x)
2024-12-17 18:44:10,512 - __main__ - DEBUG - Converting SymPy expression to MATLAB: Integral(1/x, x)
2024-12-17 18:44:10,513 - __main__ - DEBUG - Handling list expression: Integral(1/x, x)
2024-12-17 18:44:10,513 - __main__ - DEBUG - Handling integral expression: Integral(1/x, x)
2024-12-17 18:44:10,513 - __main__ - DEBUG - Converting SymPy expression to MATLAB: 1/x
2024-12-17 18:44:10,513 - __main__ - DEBUG - Handling list expression: 1/x
2024-12-17 18:44:10,514 - __main__ - DEBUG - Processed expression string. Result: 1./x
2024-12-17 18:44:10,514 - __main__ - DEBUG - Integral function: 1./x, variable: x
2024-12-17 18:44:10,514 - __main__ - DEBUG - Created integral with variable: int(1./x, x)
2024-12-17 18:44:10,514 - __main__ - DEBUG - Handled Integral expression. Result: int(1./x, x)
2024-12-17 18:44:10,514 - root - DEBUG - Converted SymPy to MATLAB Expression: int(1./x, x)
2024-12-17 18:44:10,678 - root - DEBUG - Result: ln(x)
2024-12-17 18:47:23,020 - __main__ - INFO - Initializing Calculator Application
2024-12-17 18:47:31,431 - __main__ - INFO - MATLAB engine started successfully
2024-12-17 18:47:41,822 - root - DEBUG - Parsed SymPy Expression: Derivative(x**2, x)
2024-12-17 18:47:41,822 - __main__ - DEBUG - Converting SymPy expression to MATLAB: Derivative(x**2, x)
2024-12-17 18:47:41,822 - __main__ - DEBUG - Handling list expression: Derivative(x**2, x)
2024-12-17 18:47:41,823 - __main__ - DEBUG - Handling derivative expression: Derivative(x**2, x)
2024-12-17 18:47:41,823 - __main__ - DEBUG - Converting SymPy expression to MATLAB: x**2
2024-12-17 18:47:41,823 - __main__ - DEBUG - Handling list expression: x**2
2024-12-17 18:47:41,824 - __main__ - DEBUG - Processed expression string. Result: x^2
2024-12-17 18:47:41,824 - __main__ - DEBUG - Created derivative expression: diff(x^2, x)
2024-12-17 18:47:41,824 - __main__ - DEBUG - Handled Derivative expression. Result: diff(x^2, x)
2024-12-17 18:47:41,824 - root - DEBUG - Converted SymPy to MATLAB Expression: diff(x^2, x)
2024-12-17 18:47:41,997 - root - DEBUG - Result: 2*x
2024-12-17 21:41:13,504 - __main__ - INFO - Initializing Calculator Application
2024-12-17 21:41:26,002 - __main__ - INFO - MATLAB engine started successfully
2024-12-17 21:44:29,133 - __main__ - INFO - Initializing Calculator Application
2024-12-17 21:44:37,178 - __main__ - INFO - MATLAB engine started successfully
2024-12-17 21:44:39,726 - __main__ - DEBUG - Converted shortcuts to LaTeX: 1/2
2024-12-17 21:44:39,820 - __main__ - DEBUG - Parsed SymPy Expression: 1/2
2024-12-17 21:44:39,820 - __main__ - DEBUG - Converting SymPy expression to MATLAB: 1/2
2024-12-17 21:44:39,820 - __main__ - DEBUG - Handling list expression: 1/2
2024-12-17 21:44:39,821 - __main__ - DEBUG - Processed expression string. Result: 1./2
2024-12-17 21:44:39,821 - __main__ - DEBUG - Converted SymPy to MATLAB Expression: 1./2
2024-12-17 21:44:39,828 - __main__ - DEBUG - Result: 0.5000
2024-12-17 21:44:44,590 - __main__ - DEBUG - Converted shortcuts to LaTeX: \int x^2 dx
2024-12-17 21:44:44,764 - __main__ - DEBUG - Parsed SymPy Expression: Integral(x**2, x)
2024-12-17 21:44:44,764 - __main__ - DEBUG - Converting SymPy expression to MATLAB: Integral(x**2, x)
2024-12-17 21:44:44,764 - __main__ - DEBUG - Handling list expression: Integral(x**2, x)
2024-12-17 21:44:44,764 - __main__ - DEBUG - Handling integral expression: Integral(x**2, x)
2024-12-17 21:44:44,764 - __main__ - DEBUG - Converting SymPy expression to MATLAB: x**2
2024-12-17 21:44:44,764 - __main__ - DEBUG - Handling list expression: x**2
2024-12-17 21:44:44,764 - __main__ - DEBUG - Processed expression string. Result: x^2
2024-12-17 21:44:44,764 - __main__ - DEBUG - Integral function: x^2, variable: x
2024-12-17 21:44:44,765 - __main__ - DEBUG - Created integral with variable: int(x^2, x)
2024-12-17 21:44:44,765 - __main__ - DEBUG - Handled Integral expression. Result: int(x^2, x)
2024-12-17 21:44:44,765 - __main__ - DEBUG - Converted SymPy to MATLAB Expression: int(x^2, x)
2024-12-17 21:44:44,924 - __main__ - DEBUG - Result: x^3/3
2024-12-17 21:44:47,628 - __main__ - DEBUG - Converted shortcuts to LaTeX: \int x^2
2024-12-17 21:44:47,649 - __main__ - DEBUG - Parsed SymPy Expression: Integral(x**2, x)
2024-12-17 21:44:47,649 - __main__ - DEBUG - Converting SymPy expression to MATLAB: Integral(x**2, x)
2024-12-17 21:44:47,649 - __main__ - DEBUG - Handling list expression: Integral(x**2, x)
2024-12-17 21:44:47,649 - __main__ - DEBUG - Handling integral expression: Integral(x**2, x)
2024-12-17 21:44:47,649 - __main__ - DEBUG - Converting SymPy expression to MATLAB: x**2
2024-12-17 21:44:47,649 - __main__ - DEBUG - Handling list expression: x**2
2024-12-17 21:44:47,650 - __main__ - DEBUG - Processed expression string. Result: x^2
2024-12-17 21:44:47,650 - __main__ - DEBUG - Integral function: x^2, variable: x
2024-12-17 21:44:47,650 - __main__ - DEBUG - Created integral with variable: int(x^2, x)
2024-12-17 21:44:47,650 - __main__ - DEBUG - Handled Integral expression. Result: int(x^2, x)
2024-12-17 21:44:47,650 - __main__ - DEBUG - Converted SymPy to MATLAB Expression: int(x^2, x)
2024-12-17 21:44:47,700 - __main__ - DEBUG - Result: x^3/3
2024-12-17 21:45:05,198 - __main__ - DEBUG - Converted shortcuts to LaTeX: \frac{d^2}{dx^2} x^2
2024-12-17 21:45:05,284 - __main__ - ERROR - Error evaluating expression: argument of type 'Symbol' is not iterable
Traceback (most recent call last):
  File "/Users/goge/PycharmProjects/calculator_mat/main.py", line 779, in handle_latex_calculation
    expression = latex2sympy(input_text)
  File "/Users/goge/PycharmProjects/calculator_mat/venv/lib/python3.9/site-packages/latex2sympy2.py", line 112, in latex2sympy
    return_data = convert_relation(relation)
  File "/Users/goge/PycharmProjects/calculator_mat/venv/lib/python3.9/site-packages/latex2sympy2.py", line 146, in convert_relation
    return convert_expr(rel.expr())
  File "/Users/goge/PycharmProjects/calculator_mat/venv/lib/python3.9/site-packages/latex2sympy2.py", line 202, in convert_expr
    return convert_add(expr.additive())
  File "/Users/goge/PycharmProjects/calculator_mat/venv/lib/python3.9/site-packages/latex2sympy2.py", line 393, in convert_add
    return convert_mp(add.mp())
  File "/Users/goge/PycharmProjects/calculator_mat/venv/lib/python3.9/site-packages/latex2sympy2.py", line 428, in convert_mp
    return convert_unary(mp.unary())
  File "/Users/goge/PycharmProjects/calculator_mat/venv/lib/python3.9/site-packages/latex2sympy2.py", line 457, in convert_unary
    return convert_postfix_list(postfix)
  File "/Users/goge/PycharmProjects/calculator_mat/venv/lib/python3.9/site-packages/latex2sympy2.py", line 471, in convert_postfix_list
    rh = convert_postfix_list(arr, i + 1)
  File "/Users/goge/PycharmProjects/calculator_mat/venv/lib/python3.9/site-packages/latex2sympy2.py", line 464, in convert_postfix_list
    res = convert_postfix(arr[i])
  File "/Users/goge/PycharmProjects/calculator_mat/venv/lib/python3.9/site-packages/latex2sympy2.py", line 509, in convert_postfix
    exp = convert_exp(exp_nested)
  File "/Users/goge/PycharmProjects/calculator_mat/venv/lib/python3.9/site-packages/latex2sympy2.py", line 559, in convert_exp
    return convert_comp(exp.comp())
  File "/Users/goge/PycharmProjects/calculator_mat/venv/lib/python3.9/site-packages/latex2sympy2.py", line 576, in convert_comp
    return convert_atom(comp.atom())
  File "/Users/goge/PycharmProjects/calculator_mat/venv/lib/python3.9/site-packages/latex2sympy2.py", line 643, in convert_atom
    if atom_text + subscript_text in var:
TypeError: argument of type 'Symbol' is not iterable
2024-12-17 21:45:09,131 - __main__ - DEBUG - Converted shortcuts to LaTeX: \frac{d^2}{dx^2} x^3
2024-12-17 21:45:09,151 - __main__ - ERROR - Error evaluating expression: argument of type 'Symbol' is not iterable
Traceback (most recent call last):
  File "/Users/goge/PycharmProjects/calculator_mat/main.py", line 779, in handle_latex_calculation
    expression = latex2sympy(input_text)
  File "/Users/goge/PycharmProjects/calculator_mat/venv/lib/python3.9/site-packages/latex2sympy2.py", line 112, in latex2sympy
    return_data = convert_relation(relation)
  File "/Users/goge/PycharmProjects/calculator_mat/venv/lib/python3.9/site-packages/latex2sympy2.py", line 146, in convert_relation
    return convert_expr(rel.expr())
  File "/Users/goge/PycharmProjects/calculator_mat/venv/lib/python3.9/site-packages/latex2sympy2.py", line 202, in convert_expr
    return convert_add(expr.additive())
  File "/Users/goge/PycharmProjects/calculator_mat/venv/lib/python3.9/site-packages/latex2sympy2.py", line 393, in convert_add
    return convert_mp(add.mp())
  File "/Users/goge/PycharmProjects/calculator_mat/venv/lib/python3.9/site-packages/latex2sympy2.py", line 428, in convert_mp
    return convert_unary(mp.unary())
  File "/Users/goge/PycharmProjects/calculator_mat/venv/lib/python3.9/site-packages/latex2sympy2.py", line 457, in convert_unary
    return convert_postfix_list(postfix)
  File "/Users/goge/PycharmProjects/calculator_mat/venv/lib/python3.9/site-packages/latex2sympy2.py", line 464, in convert_postfix_list
    res = convert_postfix(arr[i])
  File "/Users/goge/PycharmProjects/calculator_mat/venv/lib/python3.9/site-packages/latex2sympy2.py", line 509, in convert_postfix
    exp = convert_exp(exp_nested)
  File "/Users/goge/PycharmProjects/calculator_mat/venv/lib/python3.9/site-packages/latex2sympy2.py", line 559, in convert_exp
    return convert_comp(exp.comp())
  File "/Users/goge/PycharmProjects/calculator_mat/venv/lib/python3.9/site-packages/latex2sympy2.py", line 578, in convert_comp
    return convert_frac(comp.frac())
  File "/Users/goge/PycharmProjects/calculator_mat/venv/lib/python3.9/site-packages/latex2sympy2.py", line 780, in convert_frac
    expr_top = convert_expr(frac.upper)
  File "/Users/goge/PycharmProjects/calculator_mat/venv/lib/python3.9/site-packages/latex2sympy2.py", line 202, in convert_expr
    return convert_add(expr.additive())
  File "/Users/goge/PycharmProjects/calculator_mat/venv/lib/python3.9/site-packages/latex2sympy2.py", line 393, in convert_add
    return convert_mp(add.mp())
  File "/Users/goge/PycharmProjects/calculator_mat/venv/lib/python3.9/site-packages/latex2sympy2.py", line 428, in convert_mp
    return convert_unary(mp.unary())
  File "/Users/goge/PycharmProjects/calculator_mat/venv/lib/python3.9/site-packages/latex2sympy2.py", line 457, in convert_unary
    return convert_postfix_list(postfix)
  File "/Users/goge/PycharmProjects/calculator_mat/venv/lib/python3.9/site-packages/latex2sympy2.py", line 464, in convert_postfix_list
    res = convert_postfix(arr[i])
  File "/Users/goge/PycharmProjects/calculator_mat/venv/lib/python3.9/site-packages/latex2sympy2.py", line 509, in convert_postfix
    exp = convert_exp(exp_nested)
  File "/Users/goge/PycharmProjects/calculator_mat/venv/lib/python3.9/site-packages/latex2sympy2.py", line 559, in convert_exp
    return convert_comp(exp.comp())
  File "/Users/goge/PycharmProjects/calculator_mat/venv/lib/python3.9/site-packages/latex2sympy2.py", line 576, in convert_comp
    return convert_atom(comp.atom())
  File "/Users/goge/PycharmProjects/calculator_mat/venv/lib/python3.9/site-packages/latex2sympy2.py", line 643, in convert_atom
    if atom_text + subscript_text in var:
TypeError: argument of type 'Symbol' is not iterable
2024-12-17 21:45:59,425 - __main__ - DEBUG - Converted shortcuts to LaTeX: \frac{d}{dx} 2x
2024-12-17 21:45:59,461 - __main__ - ERROR - Error evaluating expression: argument of type 'Symbol' is not iterable
Traceback (most recent call last):
  File "/Users/goge/PycharmProjects/calculator_mat/main.py", line 779, in handle_latex_calculation
    expression = latex2sympy(input_text)
  File "/Users/goge/PycharmProjects/calculator_mat/venv/lib/python3.9/site-packages/latex2sympy2.py", line 112, in latex2sympy
    return_data = convert_relation(relation)
  File "/Users/goge/PycharmProjects/calculator_mat/venv/lib/python3.9/site-packages/latex2sympy2.py", line 146, in convert_relation
    return convert_expr(rel.expr())
  File "/Users/goge/PycharmProjects/calculator_mat/venv/lib/python3.9/site-packages/latex2sympy2.py", line 202, in convert_expr
    return convert_add(expr.additive())
  File "/Users/goge/PycharmProjects/calculator_mat/venv/lib/python3.9/site-packages/latex2sympy2.py", line 393, in convert_add
    return convert_mp(add.mp())
  File "/Users/goge/PycharmProjects/calculator_mat/venv/lib/python3.9/site-packages/latex2sympy2.py", line 428, in convert_mp
    return convert_unary(mp.unary())
  File "/Users/goge/PycharmProjects/calculator_mat/venv/lib/python3.9/site-packages/latex2sympy2.py", line 457, in convert_unary
    return convert_postfix_list(postfix)
  File "/Users/goge/PycharmProjects/calculator_mat/venv/lib/python3.9/site-packages/latex2sympy2.py", line 484, in convert_postfix_list
    expr = convert_postfix_list(arr, i + 1)
  File "/Users/goge/PycharmProjects/calculator_mat/venv/lib/python3.9/site-packages/latex2sympy2.py", line 471, in convert_postfix_list
    rh = convert_postfix_list(arr, i + 1)
  File "/Users/goge/PycharmProjects/calculator_mat/venv/lib/python3.9/site-packages/latex2sympy2.py", line 464, in convert_postfix_list
    res = convert_postfix(arr[i])
  File "/Users/goge/PycharmProjects/calculator_mat/venv/lib/python3.9/site-packages/latex2sympy2.py", line 509, in convert_postfix
    exp = convert_exp(exp_nested)
  File "/Users/goge/PycharmProjects/calculator_mat/venv/lib/python3.9/site-packages/latex2sympy2.py", line 559, in convert_exp
    return convert_comp(exp.comp())
  File "/Users/goge/PycharmProjects/calculator_mat/venv/lib/python3.9/site-packages/latex2sympy2.py", line 576, in convert_comp
    return convert_atom(comp.atom())
  File "/Users/goge/PycharmProjects/calculator_mat/venv/lib/python3.9/site-packages/latex2sympy2.py", line 643, in convert_atom
    if atom_text + subscript_text in var:
TypeError: argument of type 'Symbol' is not iterable
2024-12-17 21:50:59,450 - __main__ - INFO - Initializing Calculator Application
2024-12-17 21:51:09,123 - __main__ - INFO - MATLAB engine started successfully
2024-12-17 21:51:13,716 - __main__ - DEBUG - Converted shortcuts to LaTeX: \frac{d}{dx} 2x
2024-12-17 21:51:13,845 - __main__ - DEBUG - Parsed SymPy Expression: Derivative(2*x, x)
2024-12-17 21:51:13,845 - __main__ - DEBUG - Converting SymPy expression to MATLAB: Derivative(2*x, x)
2024-12-17 21:51:13,846 - __main__ - DEBUG - Handling list expression: Derivative(2*x, x)
2024-12-17 21:51:13,846 - __main__ - DEBUG - Handling derivative expression: Derivative(2*x, x)
2024-12-17 21:51:13,846 - __main__ - DEBUG - Converting SymPy expression to MATLAB: 2*x
2024-12-17 21:51:13,846 - __main__ - DEBUG - Handling list expression: 2*x
2024-12-17 21:51:13,847 - __main__ - DEBUG - Processed expression string. Result: 2.*x
2024-12-17 21:51:13,847 - __main__ - DEBUG - Created derivative expression: diff(2.*x, x)
2024-12-17 21:51:13,848 - __main__ - DEBUG - Handled Derivative expression. Result: diff(2.*x, x)
2024-12-17 21:51:13,848 - __main__ - DEBUG - Converted SymPy to MATLAB Expression: diff(2.*x, x)
2024-12-17 21:51:14,004 - __main__ - DEBUG - Result: 2
2024-12-17 21:51:22,465 - __main__ - DEBUG - Converted shortcuts to LaTeX: \frac{d^2}{dx^2} 3x^4
2024-12-17 21:51:22,575 - __main__ - ERROR - Error evaluating expression: argument of type 'Symbol' is not iterable
Traceback (most recent call last):
  File "/Users/goge/PycharmProjects/calculator_mat/main.py", line 787, in handle_latex_calculation
    expression = latex2sympy(input_text)
  File "/Users/goge/PycharmProjects/calculator_mat/venv/lib/python3.9/site-packages/latex2sympy2.py", line 112, in latex2sympy
    return_data = convert_relation(relation)
  File "/Users/goge/PycharmProjects/calculator_mat/venv/lib/python3.9/site-packages/latex2sympy2.py", line 146, in convert_relation
    return convert_expr(rel.expr())
  File "/Users/goge/PycharmProjects/calculator_mat/venv/lib/python3.9/site-packages/latex2sympy2.py", line 202, in convert_expr
    return convert_add(expr.additive())
  File "/Users/goge/PycharmProjects/calculator_mat/venv/lib/python3.9/site-packages/latex2sympy2.py", line 393, in convert_add
    return convert_mp(add.mp())
  File "/Users/goge/PycharmProjects/calculator_mat/venv/lib/python3.9/site-packages/latex2sympy2.py", line 428, in convert_mp
    return convert_unary(mp.unary())
  File "/Users/goge/PycharmProjects/calculator_mat/venv/lib/python3.9/site-packages/latex2sympy2.py", line 457, in convert_unary
    return convert_postfix_list(postfix)
  File "/Users/goge/PycharmProjects/calculator_mat/venv/lib/python3.9/site-packages/latex2sympy2.py", line 471, in convert_postfix_list
    rh = convert_postfix_list(arr, i + 1)
  File "/Users/goge/PycharmProjects/calculator_mat/venv/lib/python3.9/site-packages/latex2sympy2.py", line 471, in convert_postfix_list
    rh = convert_postfix_list(arr, i + 1)
  File "/Users/goge/PycharmProjects/calculator_mat/venv/lib/python3.9/site-packages/latex2sympy2.py", line 464, in convert_postfix_list
    res = convert_postfix(arr[i])
  File "/Users/goge/PycharmProjects/calculator_mat/venv/lib/python3.9/site-packages/latex2sympy2.py", line 509, in convert_postfix
    exp = convert_exp(exp_nested)
  File "/Users/goge/PycharmProjects/calculator_mat/venv/lib/python3.9/site-packages/latex2sympy2.py", line 559, in convert_exp
    return convert_comp(exp.comp())
  File "/Users/goge/PycharmProjects/calculator_mat/venv/lib/python3.9/site-packages/latex2sympy2.py", line 576, in convert_comp
    return convert_atom(comp.atom())
  File "/Users/goge/PycharmProjects/calculator_mat/venv/lib/python3.9/site-packages/latex2sympy2.py", line 643, in convert_atom
    if atom_text + subscript_text in var:
TypeError: argument of type 'Symbol' is not iterable
2024-12-18 10:50:41,740 - __main__ - INFO - Initializing Calculator Application
2024-12-18 10:51:07,103 - __main__ - INFO - MATLAB engine started successfully
2024-12-18 10:51:59,294 - __main__ - INFO - Initializing Calculator Application
2024-12-18 10:52:08,759 - __main__ - INFO - MATLAB engine started successfully
2024-12-18 10:52:19,216 - __main__ - DEBUG - Converted shortcuts to LaTeX: 1/2+1/3
2024-12-18 10:52:19,327 - __main__ - DEBUG - Parsed SymPy Expression: 1/3 + 1/2
2024-12-18 10:52:19,327 - __main__ - DEBUG - Converting SymPy expression to MATLAB: 1/3 + 1/2
2024-12-18 10:52:19,328 - __main__ - DEBUG - Handling list expression: 1/3 + 1/2
2024-12-18 10:52:19,329 - __main__ - DEBUG - Processed expression string. Result: 1./3 + 1./2
2024-12-18 10:52:19,329 - __main__ - DEBUG - Converted SymPy to MATLAB Expression: 1./3 + 1./2
2024-12-18 10:52:19,352 - __main__ - DEBUG - Result: 0.8333
2024-12-18 13:00:25,509 - __main__ - DEBUG - Converted shortcuts to LaTeX: \frac{d^2}{d2^2} 3x^2
2024-12-18 13:00:25,719 - __main__ - DEBUG - Parsed SymPy Expression: d**2*3*x**2/(d*2**2)
2024-12-18 13:00:25,720 - __main__ - DEBUG - Converting SymPy expression to MATLAB: d**2*3*x**2/(d*2**2)
2024-12-18 13:00:25,720 - __main__ - DEBUG - Handling list expression: d**2*3*x**2/(d*2**2)
2024-12-18 13:00:25,720 - __main__ - DEBUG - Processed expression string. Result: d^2.*3.*x^2./(d.*2^2)
2024-12-18 13:00:25,720 - __main__ - DEBUG - Converted SymPy to MATLAB Expression: d^2.*3.*x^2./(d.*2^2)
2024-12-18 13:04:07,981 - __main__ - INFO - Initializing Calculator Application
2024-12-18 13:04:17,947 - __main__ - INFO - MATLAB engine started successfully
2024-12-18 13:04:31,444 - __main__ - DEBUG - Converted shortcuts to LaTeX: \frac{d^2}{d2^2} 3x^4
2024-12-18 13:04:31,699 - __main__ - DEBUG - Parsed SymPy Expression: d**2*3*x**4/(d*2**2)
2024-12-18 13:04:31,699 - __main__ - DEBUG - Converting SymPy expression to MATLAB: d**2*3*x**4/(d*2**2)
2024-12-18 13:04:31,699 - __main__ - DEBUG - Handling list expression: d**2*3*x**4/(d*2**2)
2024-12-18 13:04:31,700 - __main__ - DEBUG - Processed expression string. Result: d^2.*3.*x^4./(d.*2^2)
2024-12-18 13:04:31,701 - __main__ - DEBUG - Converted to MATLAB Expression: d^2.*3.*x^4./(d.*2^2)
2024-12-18 13:04:36,057 - __main__ - DEBUG - Result: Error in evaluating expression.
2024-12-18 13:09:13,128 - __main__ - INFO - Initializing Calculator Application
2024-12-18 13:09:22,056 - __main__ - INFO - MATLAB engine started successfully
2024-12-18 13:09:35,314 - __main__ - ERROR - Error evaluating expression: argument of type 'Symbol' is not iterable
Traceback (most recent call last):
  File "/Users/goge/PycharmProjects/calculator_mat/main.py", line 810, in handle_latex_calculation
    expression = latex2sympy(input_text)
  File "/Users/goge/PycharmProjects/calculator_mat/venv/lib/python3.9/site-packages/latex2sympy2.py", line 112, in latex2sympy
    return_data = convert_relation(relation)
  File "/Users/goge/PycharmProjects/calculator_mat/venv/lib/python3.9/site-packages/latex2sympy2.py", line 146, in convert_relation
    return convert_expr(rel.expr())
  File "/Users/goge/PycharmProjects/calculator_mat/venv/lib/python3.9/site-packages/latex2sympy2.py", line 202, in convert_expr
    return convert_add(expr.additive())
  File "/Users/goge/PycharmProjects/calculator_mat/venv/lib/python3.9/site-packages/latex2sympy2.py", line 393, in convert_add
    return convert_mp(add.mp())
  File "/Users/goge/PycharmProjects/calculator_mat/venv/lib/python3.9/site-packages/latex2sympy2.py", line 428, in convert_mp
    return convert_unary(mp.unary())
  File "/Users/goge/PycharmProjects/calculator_mat/venv/lib/python3.9/site-packages/latex2sympy2.py", line 457, in convert_unary
    return convert_postfix_list(postfix)
  File "/Users/goge/PycharmProjects/calculator_mat/venv/lib/python3.9/site-packages/latex2sympy2.py", line 471, in convert_postfix_list
    rh = convert_postfix_list(arr, i + 1)
  File "/Users/goge/PycharmProjects/calculator_mat/venv/lib/python3.9/site-packages/latex2sympy2.py", line 464, in convert_postfix_list
    res = convert_postfix(arr[i])
  File "/Users/goge/PycharmProjects/calculator_mat/venv/lib/python3.9/site-packages/latex2sympy2.py", line 509, in convert_postfix
    exp = convert_exp(exp_nested)
  File "/Users/goge/PycharmProjects/calculator_mat/venv/lib/python3.9/site-packages/latex2sympy2.py", line 559, in convert_exp
    return convert_comp(exp.comp())
  File "/Users/goge/PycharmProjects/calculator_mat/venv/lib/python3.9/site-packages/latex2sympy2.py", line 576, in convert_comp
    return convert_atom(comp.atom())
  File "/Users/goge/PycharmProjects/calculator_mat/venv/lib/python3.9/site-packages/latex2sympy2.py", line 643, in convert_atom
    if atom_text + subscript_text in var:
TypeError: argument of type 'Symbol' is not iterable
2024-12-18 13:09:40,228 - __main__ - ERROR - Error evaluating expression: argument of type 'Symbol' is not iterable
Traceback (most recent call last):
  File "/Users/goge/PycharmProjects/calculator_mat/main.py", line 810, in handle_latex_calculation
    expression = latex2sympy(input_text)
  File "/Users/goge/PycharmProjects/calculator_mat/venv/lib/python3.9/site-packages/latex2sympy2.py", line 112, in latex2sympy
    return_data = convert_relation(relation)
  File "/Users/goge/PycharmProjects/calculator_mat/venv/lib/python3.9/site-packages/latex2sympy2.py", line 146, in convert_relation
    return convert_expr(rel.expr())
  File "/Users/goge/PycharmProjects/calculator_mat/venv/lib/python3.9/site-packages/latex2sympy2.py", line 202, in convert_expr
    return convert_add(expr.additive())
  File "/Users/goge/PycharmProjects/calculator_mat/venv/lib/python3.9/site-packages/latex2sympy2.py", line 393, in convert_add
    return convert_mp(add.mp())
  File "/Users/goge/PycharmProjects/calculator_mat/venv/lib/python3.9/site-packages/latex2sympy2.py", line 428, in convert_mp
    return convert_unary(mp.unary())
  File "/Users/goge/PycharmProjects/calculator_mat/venv/lib/python3.9/site-packages/latex2sympy2.py", line 457, in convert_unary
    return convert_postfix_list(postfix)
  File "/Users/goge/PycharmProjects/calculator_mat/venv/lib/python3.9/site-packages/latex2sympy2.py", line 464, in convert_postfix_list
    res = convert_postfix(arr[i])
  File "/Users/goge/PycharmProjects/calculator_mat/venv/lib/python3.9/site-packages/latex2sympy2.py", line 509, in convert_postfix
    exp = convert_exp(exp_nested)
  File "/Users/goge/PycharmProjects/calculator_mat/venv/lib/python3.9/site-packages/latex2sympy2.py", line 559, in convert_exp
    return convert_comp(exp.comp())
  File "/Users/goge/PycharmProjects/calculator_mat/venv/lib/python3.9/site-packages/latex2sympy2.py", line 578, in convert_comp
    return convert_frac(comp.frac())
  File "/Users/goge/PycharmProjects/calculator_mat/venv/lib/python3.9/site-packages/latex2sympy2.py", line 780, in convert_frac
    expr_top = convert_expr(frac.upper)
  File "/Users/goge/PycharmProjects/calculator_mat/venv/lib/python3.9/site-packages/latex2sympy2.py", line 202, in convert_expr
    return convert_add(expr.additive())
  File "/Users/goge/PycharmProjects/calculator_mat/venv/lib/python3.9/site-packages/latex2sympy2.py", line 393, in convert_add
    return convert_mp(add.mp())
  File "/Users/goge/PycharmProjects/calculator_mat/venv/lib/python3.9/site-packages/latex2sympy2.py", line 428, in convert_mp
    return convert_unary(mp.unary())
  File "/Users/goge/PycharmProjects/calculator_mat/venv/lib/python3.9/site-packages/latex2sympy2.py", line 457, in convert_unary
    return convert_postfix_list(postfix)
  File "/Users/goge/PycharmProjects/calculator_mat/venv/lib/python3.9/site-packages/latex2sympy2.py", line 464, in convert_postfix_list
    res = convert_postfix(arr[i])
  File "/Users/goge/PycharmProjects/calculator_mat/venv/lib/python3.9/site-packages/latex2sympy2.py", line 509, in convert_postfix
    exp = convert_exp(exp_nested)
  File "/Users/goge/PycharmProjects/calculator_mat/venv/lib/python3.9/site-packages/latex2sympy2.py", line 559, in convert_exp
    return convert_comp(exp.comp())
  File "/Users/goge/PycharmProjects/calculator_mat/venv/lib/python3.9/site-packages/latex2sympy2.py", line 576, in convert_comp
    return convert_atom(comp.atom())
  File "/Users/goge/PycharmProjects/calculator_mat/venv/lib/python3.9/site-packages/latex2sympy2.py", line 643, in convert_atom
    if atom_text + subscript_text in var:
TypeError: argument of type 'Symbol' is not iterable
2024-12-18 13:09:49,082 - __main__ - ERROR - Error evaluating expression: argument of type 'Symbol' is not iterable
Traceback (most recent call last):
  File "/Users/goge/PycharmProjects/calculator_mat/main.py", line 810, in handle_latex_calculation
    expression = latex2sympy(input_text)
  File "/Users/goge/PycharmProjects/calculator_mat/venv/lib/python3.9/site-packages/latex2sympy2.py", line 112, in latex2sympy
    return_data = convert_relation(relation)
  File "/Users/goge/PycharmProjects/calculator_mat/venv/lib/python3.9/site-packages/latex2sympy2.py", line 146, in convert_relation
    return convert_expr(rel.expr())
  File "/Users/goge/PycharmProjects/calculator_mat/venv/lib/python3.9/site-packages/latex2sympy2.py", line 202, in convert_expr
    return convert_add(expr.additive())
  File "/Users/goge/PycharmProjects/calculator_mat/venv/lib/python3.9/site-packages/latex2sympy2.py", line 393, in convert_add
    return convert_mp(add.mp())
  File "/Users/goge/PycharmProjects/calculator_mat/venv/lib/python3.9/site-packages/latex2sympy2.py", line 428, in convert_mp
    return convert_unary(mp.unary())
  File "/Users/goge/PycharmProjects/calculator_mat/venv/lib/python3.9/site-packages/latex2sympy2.py", line 457, in convert_unary
    return convert_postfix_list(postfix)
  File "/Users/goge/PycharmProjects/calculator_mat/venv/lib/python3.9/site-packages/latex2sympy2.py", line 464, in convert_postfix_list
    res = convert_postfix(arr[i])
  File "/Users/goge/PycharmProjects/calculator_mat/venv/lib/python3.9/site-packages/latex2sympy2.py", line 509, in convert_postfix
    exp = convert_exp(exp_nested)
  File "/Users/goge/PycharmProjects/calculator_mat/venv/lib/python3.9/site-packages/latex2sympy2.py", line 559, in convert_exp
    return convert_comp(exp.comp())
  File "/Users/goge/PycharmProjects/calculator_mat/venv/lib/python3.9/site-packages/latex2sympy2.py", line 587, in convert_comp
    return convert_func(comp.func())
  File "/Users/goge/PycharmProjects/calculator_mat/venv/lib/python3.9/site-packages/latex2sympy2.py", line 955, in convert_func
    return handle_integral(func)
  File "/Users/goge/PycharmProjects/calculator_mat/venv/lib/python3.9/site-packages/latex2sympy2.py", line 982, in handle_integral
    integrand = convert_add(func.additive())
  File "/Users/goge/PycharmProjects/calculator_mat/venv/lib/python3.9/site-packages/latex2sympy2.py", line 393, in convert_add
    return convert_mp(add.mp())
  File "/Users/goge/PycharmProjects/calculator_mat/venv/lib/python3.9/site-packages/latex2sympy2.py", line 428, in convert_mp
    return convert_unary(mp.unary())
  File "/Users/goge/PycharmProjects/calculator_mat/venv/lib/python3.9/site-packages/latex2sympy2.py", line 457, in convert_unary
    return convert_postfix_list(postfix)
  File "/Users/goge/PycharmProjects/calculator_mat/venv/lib/python3.9/site-packages/latex2sympy2.py", line 464, in convert_postfix_list
    res = convert_postfix(arr[i])
  File "/Users/goge/PycharmProjects/calculator_mat/venv/lib/python3.9/site-packages/latex2sympy2.py", line 509, in convert_postfix
    exp = convert_exp(exp_nested)
  File "/Users/goge/PycharmProjects/calculator_mat/venv/lib/python3.9/site-packages/latex2sympy2.py", line 559, in convert_exp
    return convert_comp(exp.comp())
  File "/Users/goge/PycharmProjects/calculator_mat/venv/lib/python3.9/site-packages/latex2sympy2.py", line 576, in convert_comp
    return convert_atom(comp.atom())
  File "/Users/goge/PycharmProjects/calculator_mat/venv/lib/python3.9/site-packages/latex2sympy2.py", line 643, in convert_atom
    if atom_text + subscript_text in var:
TypeError: argument of type 'Symbol' is not iterable
2024-12-18 13:10:48,517 - __main__ - INFO - Initializing Calculator Application
2024-12-18 13:10:57,040 - __main__ - INFO - MATLAB engine started successfully
2024-12-18 13:11:18,241 - __main__ - DEBUG - Converting SymPy expression to MATLAB: [Eq(x, 8)]
2024-12-18 13:11:18,241 - __main__ - DEBUG - Handling list expression: [Eq(x, 8)]
2024-12-18 13:11:18,241 - __main__ - DEBUG - Handling equation expression: Eq(x, 8)
2024-12-18 13:11:18,241 - __main__ - DEBUG - Converting SymPy expression to MATLAB: x
2024-12-18 13:11:18,241 - __main__ - DEBUG - Handling list expression: x
2024-12-18 13:11:18,242 - __main__ - DEBUG - Processed expression string. Result: x
2024-12-18 13:11:18,242 - __main__ - DEBUG - Converting SymPy expression to MATLAB: 8
2024-12-18 13:11:18,242 - __main__ - DEBUG - Handling list expression: 8
2024-12-18 13:11:18,243 - __main__ - DEBUG - Processed expression string. Result: 8
2024-12-18 13:11:18,243 - __main__ - DEBUG - Created equation: x == 8
2024-12-18 13:11:18,243 - __main__ - DEBUG - Handled Equality expression. Result: x == 8
2024-12-18 13:11:18,243 - __main__ - DEBUG - Final MATLAB Expression: x == 8
2024-12-18 13:11:18,466 - __main__ - DEBUG - Result: x == 8
2024-12-18 13:11:25,575 - __main__ - DEBUG - Converting SymPy expression to MATLAB: dx*i*n*t*x**2
2024-12-18 13:11:25,575 - __main__ - DEBUG - Handling list expression: dx*i*n*t*x**2
2024-12-18 13:11:25,575 - __main__ - DEBUG - Processed expression string. Result: dx.*i.*n.*t.*x^2
2024-12-18 13:11:25,575 - __main__ - DEBUG - Final MATLAB Expression: dx.*i.*n.*t.*x^2
2024-12-18 13:11:28,011 - __main__ - DEBUG - Result: Error in evaluating expression.
2024-12-18 13:11:30,121 - __main__ - ERROR - Error in latex2sympy conversion: argument of type 'Symbol' is not iterable
2024-12-18 13:11:30,121 - __main__ - DEBUG - Final MATLAB Expression: int x.^2
2024-12-18 13:11:30,149 - __main__ - ERROR - Error evaluating expression: Invalid expression. Check for missing multiplication operator, missing or unbalanced delimiters, or other syntax error. To construct matrices, use brackets instead of parentheses.
Traceback (most recent call last):
  File "/Users/goge/PycharmProjects/calculator_mat/main.py", line 833, in handle_latex_calculation
    result = self.handle_regular_expression(matlab_expression)
  File "/Users/goge/PycharmProjects/calculator_mat/main.py", line 962, in handle_regular_expression
    self.eng.eval(f"result = {matlab_expression};", nargout=0)
  File "/Users/goge/PycharmProjects/calculator_mat/venv/lib/python3.9/site-packages/matlab/engine/matlabengine.py", line 70, in __call__
    return FutureResult(self._engine(), future, nargs, _stdout,
  File "/Users/goge/PycharmProjects/calculator_mat/venv/lib/python3.9/site-packages/matlab/engine/futureresult.py", line 62, in result
    return self.__future.result(timeout)
  File "/Users/goge/PycharmProjects/calculator_mat/venv/lib/python3.9/site-packages/matlab/engine/fevalfuture.py", line 76, in result
    self._result = pythonengine.getFEvalResult(self._future,self._nargout, None, out=self._out, err=self._err)
SyntaxError: Invalid expression. Check for missing multiplication operator, missing or unbalanced delimiters, or other syntax error. To construct matrices, use brackets instead of parentheses.

2024-12-18 13:11:39,325 - __main__ - ERROR - Error in latex2sympy conversion: argument of type 'Symbol' is not iterable
2024-12-18 13:11:39,326 - __main__ - DEBUG - Final MATLAB Expression: \int x.^2 dx
2024-12-18 13:11:39,338 - __main__ - ERROR - Error evaluating expression: Invalid use of operator.
Traceback (most recent call last):
  File "/Users/goge/PycharmProjects/calculator_mat/main.py", line 833, in handle_latex_calculation
    result = self.handle_regular_expression(matlab_expression)
  File "/Users/goge/PycharmProjects/calculator_mat/main.py", line 962, in handle_regular_expression
    self.eng.eval(f"result = {matlab_expression};", nargout=0)
  File "/Users/goge/PycharmProjects/calculator_mat/venv/lib/python3.9/site-packages/matlab/engine/matlabengine.py", line 70, in __call__
    return FutureResult(self._engine(), future, nargs, _stdout,
  File "/Users/goge/PycharmProjects/calculator_mat/venv/lib/python3.9/site-packages/matlab/engine/futureresult.py", line 62, in result
    return self.__future.result(timeout)
  File "/Users/goge/PycharmProjects/calculator_mat/venv/lib/python3.9/site-packages/matlab/engine/fevalfuture.py", line 76, in result
    self._result = pythonengine.getFEvalResult(self._future,self._nargout, None, out=self._out, err=self._err)
SyntaxError: Invalid use of operator.

2024-12-18 13:11:44,454 - __main__ - ERROR - Error in latex2sympy conversion: argument of type 'Symbol' is not iterable
2024-12-18 13:11:44,455 - __main__ - DEBUG - Final MATLAB Expression: int x.^2 dx
2024-12-18 13:11:44,469 - __main__ - ERROR - Error evaluating expression: Invalid expression. Check for missing multiplication operator, missing or unbalanced delimiters, or other syntax error. To construct matrices, use brackets instead of parentheses.
Traceback (most recent call last):
  File "/Users/goge/PycharmProjects/calculator_mat/main.py", line 833, in handle_latex_calculation
    result = self.handle_regular_expression(matlab_expression)
  File "/Users/goge/PycharmProjects/calculator_mat/main.py", line 962, in handle_regular_expression
    self.eng.eval(f"result = {matlab_expression};", nargout=0)
  File "/Users/goge/PycharmProjects/calculator_mat/venv/lib/python3.9/site-packages/matlab/engine/matlabengine.py", line 70, in __call__
    return FutureResult(self._engine(), future, nargs, _stdout,
  File "/Users/goge/PycharmProjects/calculator_mat/venv/lib/python3.9/site-packages/matlab/engine/futureresult.py", line 62, in result
    return self.__future.result(timeout)
  File "/Users/goge/PycharmProjects/calculator_mat/venv/lib/python3.9/site-packages/matlab/engine/fevalfuture.py", line 76, in result
    self._result = pythonengine.getFEvalResult(self._future,self._nargout, None, out=self._out, err=self._err)
SyntaxError: Invalid expression. Check for missing multiplication operator, missing or unbalanced delimiters, or other syntax error. To construct matrices, use brackets instead of parentheses.

2024-12-18 13:11:53,344 - __main__ - INFO - Initializing Calculator Application
2024-12-18 13:12:01,582 - __main__ - INFO - MATLAB engine started successfully
2024-12-18 13:13:27,611 - __main__ - INFO - Initializing Calculator Application
2024-12-18 13:13:35,720 - __main__ - INFO - MATLAB engine started successfully
2024-12-18 13:15:17,376 - __main__ - DEBUG - Matched derivative pattern: diff(2x,x)
2024-12-18 13:15:17,377 - __main__ - DEBUG - Final MATLAB Expression: diff(2x,x)
2024-12-18 13:15:17,534 - __main__ - ERROR - Error evaluating expression: Invalid expression. Check for missing multiplication operator, missing or unbalanced delimiters, or other syntax error. To construct matrices, use brackets instead of parentheses.
Traceback (most recent call last):
  File "/Users/goge/PycharmProjects/calculator_mat/main.py", line 846, in handle_latex_calculation
    result = self.eng.eval(matlab_expression, nargout=1)
  File "/Users/goge/PycharmProjects/calculator_mat/venv/lib/python3.9/site-packages/matlab/engine/matlabengine.py", line 70, in __call__
    return FutureResult(self._engine(), future, nargs, _stdout,
  File "/Users/goge/PycharmProjects/calculator_mat/venv/lib/python3.9/site-packages/matlab/engine/futureresult.py", line 62, in result
    return self.__future.result(timeout)
  File "/Users/goge/PycharmProjects/calculator_mat/venv/lib/python3.9/site-packages/matlab/engine/fevalfuture.py", line 76, in result
    self._result = pythonengine.getFEvalResult(self._future,self._nargout, None, out=self._out, err=self._err)
SyntaxError: Invalid expression. Check for missing multiplication operator, missing or unbalanced delimiters, or other syntax error. To construct matrices, use brackets instead of parentheses.

2024-12-18 13:20:18,138 - __main__ - INFO - Initializing Calculator Application
2024-12-18 13:20:26,858 - __main__ - INFO - MATLAB engine started successfully
2024-12-18 13:20:34,842 - __main__ - DEBUG - Final MATLAB Expression: diff(2.*x,x)
2024-12-18 13:20:35,252 - __main__ - ERROR - Error evaluating expression: Unrecognized function or variable 'result'.
Traceback (most recent call last):
  File "/Users/goge/PycharmProjects/calculator_mat/main.py", line 841, in handle_latex_calculation
    result_str = self.eng.eval("char(simplify(result))", nargout=1)
  File "/Users/goge/PycharmProjects/calculator_mat/venv/lib/python3.9/site-packages/matlab/engine/matlabengine.py", line 70, in __call__
    return FutureResult(self._engine(), future, nargs, _stdout,
  File "/Users/goge/PycharmProjects/calculator_mat/venv/lib/python3.9/site-packages/matlab/engine/futureresult.py", line 62, in result
    return self.__future.result(timeout)
  File "/Users/goge/PycharmProjects/calculator_mat/venv/lib/python3.9/site-packages/matlab/engine/fevalfuture.py", line 76, in result
    self._result = pythonengine.getFEvalResult(self._future,self._nargout, None, out=self._out, err=self._err)
matlab.engine.MatlabExecutionError: Unrecognized function or variable 'result'.

2024-12-18 13:22:20,028 - __main__ - INFO - Initializing Calculator Application
2024-12-18 13:22:28,368 - __main__ - INFO - MATLAB engine started successfully
2024-12-18 13:22:34,703 - __main__ - DEBUG - Converting SymPy expression to MATLAB: [Eq(x, 12)]
2024-12-18 13:22:34,704 - __main__ - DEBUG - Handling list expression: [Eq(x, 12)]
2024-12-18 13:22:34,704 - __main__ - DEBUG - Handling equation expression: Eq(x, 12)
2024-12-18 13:22:34,704 - __main__ - DEBUG - Converting SymPy expression to MATLAB: x
2024-12-18 13:22:34,704 - __main__ - DEBUG - Handling list expression: x
2024-12-18 13:22:34,705 - __main__ - DEBUG - Processed expression string. Result: x
2024-12-18 13:22:34,705 - __main__ - DEBUG - Converting SymPy expression to MATLAB: 12
2024-12-18 13:22:34,705 - __main__ - DEBUG - Handling list expression: 12
2024-12-18 13:22:34,705 - __main__ - DEBUG - Processed expression string. Result: 12
2024-12-18 13:22:34,705 - __main__ - DEBUG - Created equation: x == 12
2024-12-18 13:22:34,705 - __main__ - DEBUG - Handled Equality expression. Result: x == 12
2024-12-18 13:22:34,706 - __main__ - DEBUG - Final MATLAB Expression: x == 12
2024-12-18 13:22:34,725 - __main__ - DEBUG - Result: <matlab.object object at 0x11221c4d0>
2024-12-18 13:22:43,829 - __main__ - DEBUG - Final MATLAB Expression: int(2.*x, x)
2024-12-18 13:22:44,299 - __main__ - ERROR - Error evaluating expression: Unrecognized function or variable 'ans'.
Traceback (most recent call last):
  File "/Users/goge/PycharmProjects/calculator_mat/main.py", line 838, in handle_latex_calculation
    result_str = self.eng.eval("char(ans)", nargout=1)
  File "/Users/goge/PycharmProjects/calculator_mat/venv/lib/python3.9/site-packages/matlab/engine/matlabengine.py", line 70, in __call__
    return FutureResult(self._engine(), future, nargs, _stdout,
  File "/Users/goge/PycharmProjects/calculator_mat/venv/lib/python3.9/site-packages/matlab/engine/futureresult.py", line 62, in result
    return self.__future.result(timeout)
  File "/Users/goge/PycharmProjects/calculator_mat/venv/lib/python3.9/site-packages/matlab/engine/fevalfuture.py", line 76, in result
    self._result = pythonengine.getFEvalResult(self._future,self._nargout, None, out=self._out, err=self._err)
matlab.engine.MatlabExecutionError: Unrecognized function or variable 'ans'.

2024-12-18 13:25:36,391 - __main__ - INFO - Initializing Calculator Application
2024-12-18 13:25:45,448 - __main__ - INFO - MATLAB engine started successfully
2024-12-18 13:25:51,259 - __main__ - DEBUG - Converting SymPy expression to MATLAB: [Eq(x, 12)]
2024-12-18 13:25:51,259 - __main__ - DEBUG - Handling list expression: [Eq(x, 12)]
2024-12-18 13:25:51,259 - __main__ - DEBUG - Handling equation expression: Eq(x, 12)
2024-12-18 13:25:51,259 - __main__ - DEBUG - Converting SymPy expression to MATLAB: x
2024-12-18 13:25:51,260 - __main__ - DEBUG - Handling list expression: x
2024-12-18 13:25:51,261 - __main__ - DEBUG - Processed expression string. Result: x
2024-12-18 13:25:51,261 - __main__ - DEBUG - Converting SymPy expression to MATLAB: 12
2024-12-18 13:25:51,261 - __main__ - DEBUG - Handling list expression: 12
2024-12-18 13:25:51,261 - __main__ - DEBUG - Processed expression string. Result: 12
2024-12-18 13:25:51,261 - __main__ - DEBUG - Created equation: x == 12
2024-12-18 13:25:51,261 - __main__ - DEBUG - Handled Equality expression. Result: x == 12
2024-12-18 13:25:51,261 - __main__ - DEBUG - Final MATLAB Expression: x == 12
2024-12-18 13:25:51,412 - __main__ - DEBUG - Result: x = 12
2024-12-18 13:25:57,111 - __main__ - DEBUG - Final MATLAB Expression: int(2.*x, x)
2024-12-18 13:25:57,239 - __main__ - DEBUG - Result: x^2
2024-12-18 13:26:02,411 - __main__ - DEBUG - Final MATLAB Expression: diff(2.*x,x)
2024-12-18 13:26:02,468 - __main__ - DEBUG - Result: 2
2024-12-18 13:26:11,684 - __main__ - DEBUG - Converting SymPy expression to MATLAB: s*i*n*30
2024-12-18 13:26:11,685 - __main__ - DEBUG - Handling list expression: s*i*n*30
2024-12-18 13:26:11,685 - __main__ - DEBUG - Processed expression string. Result: s.*i.*n.*30
2024-12-18 13:26:11,685 - __main__ - DEBUG - Final MATLAB Expression: s.*i.*n.*30
2024-12-18 13:26:12,016 - __main__ - ERROR - Error evaluating expression: Unrecognized function or variable 's'.
Traceback (most recent call last):
  File "/Users/goge/PycharmProjects/calculator_mat/main.py", line 850, in handle_latex_calculation
    result = self.eng.eval(matlab_expression, nargout=1)
  File "/Users/goge/PycharmProjects/calculator_mat/venv/lib/python3.9/site-packages/matlab/engine/matlabengine.py", line 70, in __call__
    return FutureResult(self._engine(), future, nargs, _stdout,
  File "/Users/goge/PycharmProjects/calculator_mat/venv/lib/python3.9/site-packages/matlab/engine/futureresult.py", line 62, in result
    return self.__future.result(timeout)
  File "/Users/goge/PycharmProjects/calculator_mat/venv/lib/python3.9/site-packages/matlab/engine/fevalfuture.py", line 76, in result
    self._result = pythonengine.getFEvalResult(self._future,self._nargout, None, out=self._out, err=self._err)
matlab.engine.MatlabExecutionError: Unrecognized function or variable 's'.

2024-12-18 13:28:16,316 - __main__ - INFO - Initializing Calculator Application
2024-12-18 13:28:24,254 - __main__ - INFO - MATLAB engine started successfully
2024-12-18 13:28:29,661 - __main__ - DEBUG - Final MATLAB Expression: int(2.*x \frac{d}{, x)}
2024-12-18 13:28:29,708 - __main__ - ERROR - Error evaluating expression: Invalid expression. When calling a function or indexing a variable, use parentheses. Otherwise, check for mismatched delimiters.
Traceback (most recent call last):
  File "/Users/goge/PycharmProjects/calculator_mat/main.py", line 842, in handle_latex_calculation
    self.eng.eval(f"temp_result = simplify({matlab_expression});", nargout=0)
  File "/Users/goge/PycharmProjects/calculator_mat/venv/lib/python3.9/site-packages/matlab/engine/matlabengine.py", line 70, in __call__
    return FutureResult(self._engine(), future, nargs, _stdout,
  File "/Users/goge/PycharmProjects/calculator_mat/venv/lib/python3.9/site-packages/matlab/engine/futureresult.py", line 62, in result
    return self.__future.result(timeout)
  File "/Users/goge/PycharmProjects/calculator_mat/venv/lib/python3.9/site-packages/matlab/engine/fevalfuture.py", line 76, in result
    self._result = pythonengine.getFEvalResult(self._future,self._nargout, None, out=self._out, err=self._err)
SyntaxError: Invalid expression. When calling a function or indexing a variable, use parentheses. Otherwise, check for mismatched delimiters.

2024-12-18 13:36:07,660 - __main__ - INFO - Initializing Calculator Application
2024-12-18 13:36:16,696 - __main__ - INFO - MATLAB engine started successfully
2024-12-18 13:36:29,982 - __main__ - ERROR - Error evaluating expression: Expected expression for derivative
Traceback (most recent call last):
  File "/Users/goge/PycharmProjects/calculator_mat/main.py", line 794, in handle_latex_calculation
    expression = latex2sympy(latex_expr)
  File "/Users/goge/PycharmProjects/calculator_mat/venv/lib/python3.9/site-packages/latex2sympy2.py", line 112, in latex2sympy
    return_data = convert_relation(relation)
  File "/Users/goge/PycharmProjects/calculator_mat/venv/lib/python3.9/site-packages/latex2sympy2.py", line 146, in convert_relation
    return convert_expr(rel.expr())
  File "/Users/goge/PycharmProjects/calculator_mat/venv/lib/python3.9/site-packages/latex2sympy2.py", line 202, in convert_expr
    return convert_add(expr.additive())
  File "/Users/goge/PycharmProjects/calculator_mat/venv/lib/python3.9/site-packages/latex2sympy2.py", line 393, in convert_add
    return convert_mp(add.mp())
  File "/Users/goge/PycharmProjects/calculator_mat/venv/lib/python3.9/site-packages/latex2sympy2.py", line 428, in convert_mp
    return convert_unary(mp.unary())
  File "/Users/goge/PycharmProjects/calculator_mat/venv/lib/python3.9/site-packages/latex2sympy2.py", line 457, in convert_unary
    return convert_postfix_list(postfix)
  File "/Users/goge/PycharmProjects/calculator_mat/venv/lib/python3.9/site-packages/latex2sympy2.py", line 464, in convert_postfix_list
    res = convert_postfix(arr[i])
  File "/Users/goge/PycharmProjects/calculator_mat/venv/lib/python3.9/site-packages/latex2sympy2.py", line 509, in convert_postfix
    exp = convert_exp(exp_nested)
  File "/Users/goge/PycharmProjects/calculator_mat/venv/lib/python3.9/site-packages/latex2sympy2.py", line 559, in convert_exp
    return convert_comp(exp.comp())
  File "/Users/goge/PycharmProjects/calculator_mat/venv/lib/python3.9/site-packages/latex2sympy2.py", line 587, in convert_comp
    return convert_func(comp.func())
  File "/Users/goge/PycharmProjects/calculator_mat/venv/lib/python3.9/site-packages/latex2sympy2.py", line 955, in convert_func
    return handle_integral(func)
  File "/Users/goge/PycharmProjects/calculator_mat/venv/lib/python3.9/site-packages/latex2sympy2.py", line 982, in handle_integral
    integrand = convert_add(func.additive())
  File "/Users/goge/PycharmProjects/calculator_mat/venv/lib/python3.9/site-packages/latex2sympy2.py", line 393, in convert_add
    return convert_mp(add.mp())
  File "/Users/goge/PycharmProjects/calculator_mat/venv/lib/python3.9/site-packages/latex2sympy2.py", line 428, in convert_mp
    return convert_unary(mp.unary())
  File "/Users/goge/PycharmProjects/calculator_mat/venv/lib/python3.9/site-packages/latex2sympy2.py", line 457, in convert_unary
    return convert_postfix_list(postfix)
  File "/Users/goge/PycharmProjects/calculator_mat/venv/lib/python3.9/site-packages/latex2sympy2.py", line 471, in convert_postfix_list
    rh = convert_postfix_list(arr, i + 1)
  File "/Users/goge/PycharmProjects/calculator_mat/venv/lib/python3.9/site-packages/latex2sympy2.py", line 471, in convert_postfix_list
    rh = convert_postfix_list(arr, i + 1)
  File "/Users/goge/PycharmProjects/calculator_mat/venv/lib/python3.9/site-packages/latex2sympy2.py", line 482, in convert_postfix_list
    raise Exception("Expected expression for derivative")
Exception: Expected expression for derivative
2024-12-18 13:36:41,045 - __main__ - ERROR - Error evaluating expression: argument of type 'Symbol' is not iterable
Traceback (most recent call last):
  File "/Users/goge/PycharmProjects/calculator_mat/main.py", line 794, in handle_latex_calculation
    expression = latex2sympy(latex_expr)
  File "/Users/goge/PycharmProjects/calculator_mat/venv/lib/python3.9/site-packages/latex2sympy2.py", line 112, in latex2sympy
    return_data = convert_relation(relation)
  File "/Users/goge/PycharmProjects/calculator_mat/venv/lib/python3.9/site-packages/latex2sympy2.py", line 146, in convert_relation
    return convert_expr(rel.expr())
  File "/Users/goge/PycharmProjects/calculator_mat/venv/lib/python3.9/site-packages/latex2sympy2.py", line 202, in convert_expr
    return convert_add(expr.additive())
  File "/Users/goge/PycharmProjects/calculator_mat/venv/lib/python3.9/site-packages/latex2sympy2.py", line 393, in convert_add
    return convert_mp(add.mp())
  File "/Users/goge/PycharmProjects/calculator_mat/venv/lib/python3.9/site-packages/latex2sympy2.py", line 428, in convert_mp
    return convert_unary(mp.unary())
  File "/Users/goge/PycharmProjects/calculator_mat/venv/lib/python3.9/site-packages/latex2sympy2.py", line 457, in convert_unary
    return convert_postfix_list(postfix)
  File "/Users/goge/PycharmProjects/calculator_mat/venv/lib/python3.9/site-packages/latex2sympy2.py", line 471, in convert_postfix_list
    rh = convert_postfix_list(arr, i + 1)
  File "/Users/goge/PycharmProjects/calculator_mat/venv/lib/python3.9/site-packages/latex2sympy2.py", line 471, in convert_postfix_list
    rh = convert_postfix_list(arr, i + 1)
  File "/Users/goge/PycharmProjects/calculator_mat/venv/lib/python3.9/site-packages/latex2sympy2.py", line 464, in convert_postfix_list
    res = convert_postfix(arr[i])
  File "/Users/goge/PycharmProjects/calculator_mat/venv/lib/python3.9/site-packages/latex2sympy2.py", line 509, in convert_postfix
    exp = convert_exp(exp_nested)
  File "/Users/goge/PycharmProjects/calculator_mat/venv/lib/python3.9/site-packages/latex2sympy2.py", line 559, in convert_exp
    return convert_comp(exp.comp())
  File "/Users/goge/PycharmProjects/calculator_mat/venv/lib/python3.9/site-packages/latex2sympy2.py", line 576, in convert_comp
    return convert_atom(comp.atom())
  File "/Users/goge/PycharmProjects/calculator_mat/venv/lib/python3.9/site-packages/latex2sympy2.py", line 643, in convert_atom
    if atom_text + subscript_text in var:
TypeError: argument of type 'Symbol' is not iterable
2024-12-18 13:37:29,919 - __main__ - INFO - Initializing Calculator Application
2024-12-18 13:37:46,917 - __main__ - INFO - MATLAB engine started successfully
2024-12-18 13:37:52,098 - __main__ - DEBUG - Final MATLAB Expression: int(2x, x)
2024-12-18 13:37:52,147 - __main__ - ERROR - Error evaluating expression: Invalid expression. Check for missing multiplication operator, missing or unbalanced delimiters, or other syntax error. To construct matrices, use brackets instead of parentheses.
Traceback (most recent call last):
  File "/Users/goge/PycharmProjects/calculator_mat/main.py", line 831, in handle_latex_calculation
    self.eng.eval(f"temp_result = simplify({matlab_expression});", nargout=0)
  File "/Users/goge/PycharmProjects/calculator_mat/venv/lib/python3.9/site-packages/matlab/engine/matlabengine.py", line 70, in __call__
    return FutureResult(self._engine(), future, nargs, _stdout,
  File "/Users/goge/PycharmProjects/calculator_mat/venv/lib/python3.9/site-packages/matlab/engine/futureresult.py", line 62, in result
    return self.__future.result(timeout)
  File "/Users/goge/PycharmProjects/calculator_mat/venv/lib/python3.9/site-packages/matlab/engine/fevalfuture.py", line 76, in result
    self._result = pythonengine.getFEvalResult(self._future,self._nargout, None, out=self._out, err=self._err)
SyntaxError: Invalid expression. Check for missing multiplication operator, missing or unbalanced delimiters, or other syntax error. To construct matrices, use brackets instead of parentheses.

2024-12-18 13:38:03,373 - __main__ - DEBUG - Final MATLAB Expression: int 2x
2024-12-18 13:38:03,401 - __main__ - ERROR - Error evaluating expression: Invalid expression. Check for missing multiplication operator, missing or unbalanced delimiters, or other syntax error. To construct matrices, use brackets instead of parentheses.
Traceback (most recent call last):
  File "/Users/goge/PycharmProjects/calculator_mat/main.py", line 845, in handle_latex_calculation
    result = self.eng.eval(matlab_expression, nargout=1)
  File "/Users/goge/PycharmProjects/calculator_mat/venv/lib/python3.9/site-packages/matlab/engine/matlabengine.py", line 70, in __call__
    return FutureResult(self._engine(), future, nargs, _stdout,
  File "/Users/goge/PycharmProjects/calculator_mat/venv/lib/python3.9/site-packages/matlab/engine/futureresult.py", line 62, in result
    return self.__future.result(timeout)
  File "/Users/goge/PycharmProjects/calculator_mat/venv/lib/python3.9/site-packages/matlab/engine/fevalfuture.py", line 76, in result
    self._result = pythonengine.getFEvalResult(self._future,self._nargout, None, out=self._out, err=self._err)
SyntaxError: Invalid expression. Check for missing multiplication operator, missing or unbalanced delimiters, or other syntax error. To construct matrices, use brackets instead of parentheses.

2024-12-18 13:38:59,320 - __main__ - INFO - Initializing Calculator Application
2024-12-18 13:39:07,794 - __main__ - INFO - MATLAB engine started successfully
2024-12-18 13:39:15,401 - __main__ - DEBUG - Final MATLAB Expression: int(2x, x)
2024-12-18 13:39:15,459 - __main__ - ERROR - Error evaluating expression: Invalid expression. Check for missing multiplication operator, missing or unbalanced delimiters, or other syntax error. To construct matrices, use brackets instead of parentheses.
Traceback (most recent call last):
  File "/Users/goge/PycharmProjects/calculator_mat/main.py", line 850, in handle_latex_calculation
    self.eng.eval(f"temp_result = {matlab_expression};", nargout=0)
  File "/Users/goge/PycharmProjects/calculator_mat/venv/lib/python3.9/site-packages/matlab/engine/matlabengine.py", line 70, in __call__
    return FutureResult(self._engine(), future, nargs, _stdout,
  File "/Users/goge/PycharmProjects/calculator_mat/venv/lib/python3.9/site-packages/matlab/engine/futureresult.py", line 62, in result
    return self.__future.result(timeout)
  File "/Users/goge/PycharmProjects/calculator_mat/venv/lib/python3.9/site-packages/matlab/engine/fevalfuture.py", line 76, in result
    self._result = pythonengine.getFEvalResult(self._future,self._nargout, None, out=self._out, err=self._err)
SyntaxError: Invalid expression. Check for missing multiplication operator, missing or unbalanced delimiters, or other syntax error. To construct matrices, use brackets instead of parentheses.

2024-12-18 13:39:23,624 - __main__ - DEBUG - Final MATLAB Expression: sind (30)
2024-12-18 13:39:23,630 - __main__ - DEBUG - Result:  
2024-12-18 13:39:25,093 - __main__ - DEBUG - Final MATLAB Expression: sind (30)
2024-12-18 13:39:25,096 - __main__ - DEBUG - Result:  
2024-12-18 13:43:05,361 - __main__ - INFO - Initializing Calculator Application
2024-12-18 13:43:14,119 - __main__ - INFO - MATLAB engine started successfully
2024-12-18 13:44:15,528 - __main__ - DEBUG - Final MATLAB Expression: int(2.*x, x)
2024-12-18 13:44:15,750 - __main__ - DEBUG - Result: x^2
2024-12-18 13:44:20,983 - __main__ - DEBUG - Final MATLAB Expression: s.*in.*d(30)
2024-12-18 13:44:21,494 - __main__ - ERROR - Error evaluating expression: MATLAB Error: Unrecognized function or variable 's'.
Traceback (most recent call last):
  File "/Users/goge/PycharmProjects/calculator_mat/main.py", line 855, in handle_latex_calculation
    self.eng.eval(f"temp_result = {matlab_expression};", nargout=0)
  File "/Users/goge/PycharmProjects/calculator_mat/venv/lib/python3.9/site-packages/matlab/engine/matlabengine.py", line 70, in __call__
    return FutureResult(self._engine(), future, nargs, _stdout,
  File "/Users/goge/PycharmProjects/calculator_mat/venv/lib/python3.9/site-packages/matlab/engine/futureresult.py", line 62, in result
    return self.__future.result(timeout)
  File "/Users/goge/PycharmProjects/calculator_mat/venv/lib/python3.9/site-packages/matlab/engine/fevalfuture.py", line 76, in result
    self._result = pythonengine.getFEvalResult(self._future,self._nargout, None, out=self._out, err=self._err)
matlab.engine.MatlabExecutionError: Unrecognized function or variable 's'.


During handling of the above exception, another exception occurred:

Traceback (most recent call last):
  File "/Users/goge/PycharmProjects/calculator_mat/main.py", line 868, in handle_latex_calculation
    raise ValueError(f"MATLAB Error: {me}")
ValueError: MATLAB Error: Unrecognized function or variable 's'.

2024-12-18 14:17:55,247 - __main__ - INFO - Initializing Calculator Application
2024-12-18 14:18:01,963 - __main__ - INFO - MATLAB engine started successfully
2024-12-18 15:19:34,281 - __main__ - INFO - Initializing Calculator Application
2024-12-18 15:19:45,160 - __main__ - INFO - MATLAB engine started successfully
2024-12-18 15:19:50,613 - __main__ - DEBUG - Final MATLAB Expression: __FUNC.*6__d(30)
2024-12-18 15:19:50,662 - __main__ - ERROR - Error evaluating expression: Error: Invalid text character. Check for unsupported symbol, invisible character, or pasting of non-ASCII characters.
Traceback (most recent call last):
  File "/Users/goge/PycharmProjects/calculator_mat/main.py", line 838, in handle_latex_calculation
    self.eng.eval(f"temp_result = {matlab_expression};", nargout=0)
  File "/Users/goge/PycharmProjects/calculator_mat/venv/lib/python3.9/site-packages/matlab/engine/matlabengine.py", line 70, in __call__
    return FutureResult(self._engine(), future, nargs, _stdout,
  File "/Users/goge/PycharmProjects/calculator_mat/venv/lib/python3.9/site-packages/matlab/engine/futureresult.py", line 62, in result
    return self.__future.result(timeout)
  File "/Users/goge/PycharmProjects/calculator_mat/venv/lib/python3.9/site-packages/matlab/engine/fevalfuture.py", line 76, in result
    self._result = pythonengine.getFEvalResult(self._future,self._nargout, None, out=self._out, err=self._err)
SyntaxError: Error: Invalid text character. Check for unsupported symbol, invisible character, or pasting of non-ASCII characters.

2024-12-18 15:20:09,710 - __main__ - DEBUG - Final MATLAB Expression: \__FUNC.*6__d{30}
2024-12-18 15:20:09,724 - __main__ - ERROR - Error evaluating expression: Invalid use of operator.
Traceback (most recent call last):
  File "/Users/goge/PycharmProjects/calculator_mat/main.py", line 838, in handle_latex_calculation
    self.eng.eval(f"temp_result = {matlab_expression};", nargout=0)
  File "/Users/goge/PycharmProjects/calculator_mat/venv/lib/python3.9/site-packages/matlab/engine/matlabengine.py", line 70, in __call__
    return FutureResult(self._engine(), future, nargs, _stdout,
  File "/Users/goge/PycharmProjects/calculator_mat/venv/lib/python3.9/site-packages/matlab/engine/futureresult.py", line 62, in result
    return self.__future.result(timeout)
  File "/Users/goge/PycharmProjects/calculator_mat/venv/lib/python3.9/site-packages/matlab/engine/fevalfuture.py", line 76, in result
    self._result = pythonengine.getFEvalResult(self._future,self._nargout, None, out=self._out, err=self._err)
SyntaxError: Invalid use of operator.

2024-12-18 15:23:23,159 - __main__ - INFO - Initializing Calculator Application
2024-12-18 15:23:31,757 - __main__ - INFO - MATLAB engine started successfully
2024-12-18 15:23:36,870 - __main__ - DEBUG - Final MATLAB Expression: int(x^2, x)
2024-12-18 15:23:37,023 - __main__ - DEBUG - Result: x^3/3
2024-12-18 15:23:43,894 - __main__ - DEBUG - Final MATLAB Expression: sind(30)
2024-12-18 15:23:43,897 - __main__ - DEBUG - Result:  
2024-12-18 15:29:10,642 - __main__ - INFO - Initializing Calculator Application
2024-12-18 15:29:20,015 - __main__ - INFO - MATLAB engine started successfully
2024-12-18 15:29:27,018 - __main__ - DEBUG - Final MATLAB Expression: sind(30)
2024-12-18 15:29:27,023 - __main__ - DEBUG - temp_result: 0.5
2024-12-18 15:29:27,042 - __main__ - DEBUG - Converted Result String: 0.5
2024-12-18 15:29:27,044 - __main__ - DEBUG - Result: 0.5
2024-12-18 15:29:37,487 - __main__ - DEBUG - Final MATLAB Expression: sin(\pi/6)
2024-12-18 15:29:37,578 - __main__ - ERROR - Error evaluating expression: Invalid use of operator.
Traceback (most recent call last):
  File "/Users/goge/PycharmProjects/calculator_mat/main.py", line 838, in handle_latex_calculation
    self.eng.eval(f"temp_result = {matlab_expression};", nargout=0)
  File "/Users/goge/PycharmProjects/calculator_mat/venv/lib/python3.9/site-packages/matlab/engine/matlabengine.py", line 70, in __call__
    return FutureResult(self._engine(), future, nargs, _stdout,
  File "/Users/goge/PycharmProjects/calculator_mat/venv/lib/python3.9/site-packages/matlab/engine/futureresult.py", line 62, in result
    return self.__future.result(timeout)
  File "/Users/goge/PycharmProjects/calculator_mat/venv/lib/python3.9/site-packages/matlab/engine/fevalfuture.py", line 76, in result
    self._result = pythonengine.getFEvalResult(self._future,self._nargout, None, out=self._out, err=self._err)
SyntaxError: Invalid use of operator.

2024-12-18 15:29:41,990 - __main__ - DEBUG - Final MATLAB Expression: sin(pi/6)
2024-12-18 15:29:41,999 - __main__ - DEBUG - temp_result: 0.49999999999999994
2024-12-18 15:29:42,001 - __main__ - DEBUG - Converted Result String: 0.5
2024-12-18 15:29:42,001 - __main__ - DEBUG - Result: 0.5
2024-12-18 15:45:23,512 - __main__ - INFO - Initializing Calculator Application
2024-12-18 15:51:03,243 - __main__ - INFO - Initializing Calculator Application
2024-12-18 15:51:14,794 - __main__ - INFO - MATLAB engine started successfully
2024-12-18 15:55:22,661 - __main__ - INFO - Initializing Calculator Application
2024-12-18 15:55:31,733 - __main__ - INFO - MATLAB engine started successfully
2024-12-18 15:57:00,503 - __main__ - INFO - Initializing Calculator Application
2024-12-18 15:57:10,483 - __main__ - INFO - MATLAB engine started successfully
2024-12-18 15:57:56,320 - __main__ - INFO - Initializing Calculator Application
2024-12-18 15:58:03,403 - __main__ - INFO - MATLAB engine started successfully
2024-12-18 16:58:10,397 - matlab_interface.sympy_to_matlab - DEBUG - Converting SymPy expression to MATLAB: 1/x
2024-12-18 16:58:10,401 - matlab_interface.sympy_to_matlab - DEBUG - Processed expression string. Result: 1./x
2024-12-18 16:58:10,401 - __main__ - DEBUG - Final MATLAB Expression: int(1./x, x)
2024-12-18 16:58:10,729 - __main__ - DEBUG - temp_result: <matlab.object object at 0x112f05cf0>
2024-12-18 16:58:10,837 - __main__ - ERROR - Error evaluating expression: 
  File /Applications/MATLAB_R2024b.app/toolbox/matlab/strfun/num2str.m, line 24, in num2str
Input to num2str must be numeric.
Traceback (most recent call last):
  File "/Users/goge/PycharmProjects/calculator_mat/main.py", line 850, in handle_latex_calculation
    result_str = self.eng.eval("num2str(temp_result)", nargout=1)
  File "/Users/goge/PycharmProjects/calculator_mat/venv/lib/python3.9/site-packages/matlab/engine/matlabengine.py", line 70, in __call__
    return FutureResult(self._engine(), future, nargs, _stdout,
  File "/Users/goge/PycharmProjects/calculator_mat/venv/lib/python3.9/site-packages/matlab/engine/futureresult.py", line 62, in result
    return self.__future.result(timeout)
  File "/Users/goge/PycharmProjects/calculator_mat/venv/lib/python3.9/site-packages/matlab/engine/fevalfuture.py", line 76, in result
    self._result = pythonengine.getFEvalResult(self._future,self._nargout, None, out=self._out, err=self._err)
matlab.engine.MatlabExecutionError: 
  File /Applications/MATLAB_R2024b.app/toolbox/matlab/strfun/num2str.m, line 24, in num2str
Input to num2str must be numeric.

2024-12-18 16:59:10,584 - __main__ - INFO - Initializing Calculator Application
2024-12-18 16:59:18,886 - __main__ - INFO - MATLAB engine started successfully
2024-12-18 16:59:34,013 - matlab_interface.sympy_to_matlab - DEBUG - Converting SymPy expression to MATLAB: 1/x
2024-12-18 16:59:34,018 - matlab_interface.sympy_to_matlab - DEBUG - Processed expression string. Result: 1./x
2024-12-18 16:59:34,018 - __main__ - DEBUG - Final MATLAB Expression: int(1./x, x)
2024-12-18 16:59:34,202 - __main__ - DEBUG - temp_result: <matlab.object object at 0x12eb62cd0>
2024-12-18 16:59:34,275 - __main__ - ERROR - Error evaluating expression: 
  File /Applications/MATLAB_R2024b.app/toolbox/matlab/strfun/num2str.m, line 24, in num2str
Input to num2str must be numeric.
Traceback (most recent call last):
  File "/Users/goge/PycharmProjects/calculator_mat/main.py", line 850, in handle_latex_calculation
    result_str = self.eng.eval("num2str(temp_result)", nargout=1)
  File "/Users/goge/PycharmProjects/calculator_mat/venv/lib/python3.9/site-packages/matlab/engine/matlabengine.py", line 70, in __call__
    return FutureResult(self._engine(), future, nargs, _stdout,
  File "/Users/goge/PycharmProjects/calculator_mat/venv/lib/python3.9/site-packages/matlab/engine/futureresult.py", line 62, in result
    return self.__future.result(timeout)
  File "/Users/goge/PycharmProjects/calculator_mat/venv/lib/python3.9/site-packages/matlab/engine/fevalfuture.py", line 76, in result
    self._result = pythonengine.getFEvalResult(self._future,self._nargout, None, out=self._out, err=self._err)
matlab.engine.MatlabExecutionError: 
  File /Applications/MATLAB_R2024b.app/toolbox/matlab/strfun/num2str.m, line 24, in num2str
Input to num2str must be numeric.

2024-12-18 17:01:15,707 - __main__ - INFO - Initializing Calculator Application
2024-12-18 17:01:24,473 - __main__ - INFO - MATLAB engine started successfully
2024-12-18 17:01:29,555 - matlab_interface.sympy_to_matlab - DEBUG - Converting SymPy expression to MATLAB: Degree
2024-12-18 17:01:29,563 - matlab_interface.sympy_to_matlab - DEBUG - Processed expression string. Result: Degree
2024-12-18 17:01:29,564 - __main__ - DEBUG - Final MATLAB Expression: Degree
2024-12-18 17:01:29,903 - __main__ - ERROR - Error evaluating expression: Unrecognized function or variable 'Degree'.
Traceback (most recent call last):
  File "/Users/goge/PycharmProjects/calculator_mat/main.py", line 763, in handle_latex_calculation
    self.eng.workspace['temp_result'] = self.eng.eval(matlab_expr, nargout=1)
  File "/Users/goge/PycharmProjects/calculator_mat/venv/lib/python3.9/site-packages/matlab/engine/matlabengine.py", line 70, in __call__
    return FutureResult(self._engine(), future, nargs, _stdout,
  File "/Users/goge/PycharmProjects/calculator_mat/venv/lib/python3.9/site-packages/matlab/engine/futureresult.py", line 62, in result
    return self.__future.result(timeout)
  File "/Users/goge/PycharmProjects/calculator_mat/venv/lib/python3.9/site-packages/matlab/engine/fevalfuture.py", line 76, in result
    self._result = pythonengine.getFEvalResult(self._future,self._nargout, None, out=self._out, err=self._err)
matlab.engine.MatlabExecutionError: Unrecognized function or variable 'Degree'.

2024-12-18 17:03:26,189 - __main__ - INFO - Initializing Calculator Application
2024-12-18 17:03:34,972 - __main__ - INFO - MATLAB engine started successfully
2024-12-18 17:03:48,485 - __main__ - INFO - Initializing Calculator Application
2024-12-18 17:03:54,495 - __main__ - INFO - MATLAB engine started successfully
2024-12-18 17:06:27,342 - __main__ - INFO - Initializing Calculator Application
2024-12-18 17:06:36,267 - __main__ - INFO - MATLAB engine started successfully
2024-12-18 17:06:57,576 - matlab_interface.sympy_to_matlab - DEBUG - Converting SymPy expression to MATLAB: x^2
2024-12-18 17:06:57,580 - matlab_interface.sympy_to_matlab - DEBUG - Processed expression string. Result: x^2
2024-12-18 17:06:57,580 - __main__ - DEBUG - Final MATLAB Expression: int(x^2, x)
2024-12-18 17:06:57,827 - __main__ - DEBUG - temp_result: <matlab.object object at 0x1129e0cf0>
2024-12-18 17:06:57,933 - __main__ - ERROR - Error evaluating expression: 
  File /Applications/MATLAB_R2024b.app/toolbox/matlab/strfun/num2str.m, line 24, in num2str
Input to num2str must be numeric.
Traceback (most recent call last):
  File "/Users/goge/PycharmProjects/calculator_mat/main.py", line 850, in handle_latex_calculation
    result_str = self.eng.eval("num2str(temp_result)", nargout=1)
  File "/Users/goge/PycharmProjects/calculator_mat/venv/lib/python3.9/site-packages/matlab/engine/matlabengine.py", line 70, in __call__
    return FutureResult(self._engine(), future, nargs, _stdout,
  File "/Users/goge/PycharmProjects/calculator_mat/venv/lib/python3.9/site-packages/matlab/engine/futureresult.py", line 62, in result
    return self.__future.result(timeout)
  File "/Users/goge/PycharmProjects/calculator_mat/venv/lib/python3.9/site-packages/matlab/engine/fevalfuture.py", line 76, in result
    self._result = pythonengine.getFEvalResult(self._future,self._nargout, None, out=self._out, err=self._err)
matlab.engine.MatlabExecutionError: 
  File /Applications/MATLAB_R2024b.app/toolbox/matlab/strfun/num2str.m, line 24, in num2str
Input to num2str must be numeric.

2024-12-18 17:07:59,835 - __main__ - INFO - Initializing Calculator Application
2024-12-18 17:08:12,529 - __main__ - INFO - MATLAB engine started successfully
2024-12-18 17:08:56,059 - __main__ - DEBUG - Final MATLAB Expression: int(x^2, x)
2024-12-18 17:08:56,283 - __main__ - DEBUG - temp_result: <matlab.object object at 0x117b52cb0>
2024-12-18 17:08:56,372 - __main__ - ERROR - Error evaluating expression: MATLAB Error: 
  File /Applications/MATLAB_R2024b.app/toolbox/matlab/strfun/num2str.m, line 24, in num2str
Input to num2str must be numeric.
Traceback (most recent call last):
  File "/Users/goge/PycharmProjects/calculator_mat/main.py", line 845, in handle_latex_calculation
    result_str = self.eng.eval("num2str(temp_result)", nargout=1)
  File "/Users/goge/PycharmProjects/calculator_mat/venv/lib/python3.9/site-packages/matlab/engine/matlabengine.py", line 70, in __call__
    return FutureResult(self._engine(), future, nargs, _stdout,
  File "/Users/goge/PycharmProjects/calculator_mat/venv/lib/python3.9/site-packages/matlab/engine/futureresult.py", line 62, in result
    return self.__future.result(timeout)
  File "/Users/goge/PycharmProjects/calculator_mat/venv/lib/python3.9/site-packages/matlab/engine/fevalfuture.py", line 76, in result
    self._result = pythonengine.getFEvalResult(self._future,self._nargout, None, out=self._out, err=self._err)
matlab.engine.MatlabExecutionError: 
  File /Applications/MATLAB_R2024b.app/toolbox/matlab/strfun/num2str.m, line 24, in num2str
Input to num2str must be numeric.


During handling of the above exception, another exception occurred:

Traceback (most recent call last):
  File "/Users/goge/PycharmProjects/calculator_mat/main.py", line 854, in handle_latex_calculation
    raise ValueError(f"MATLAB Error: {me}")
ValueError: MATLAB Error: 
  File /Applications/MATLAB_R2024b.app/toolbox/matlab/strfun/num2str.m, line 24, in num2str
Input to num2str must be numeric.

2024-12-18 17:10:47,567 - __main__ - INFO - Initializing Calculator Application
2024-12-18 17:10:57,580 - __main__ - INFO - MATLAB engine started successfully
2024-12-18 17:15:19,500 - __main__ - INFO - Initializing Calculator Application
2024-12-18 17:15:28,911 - __main__ - INFO - MATLAB engine started successfully
2024-12-18 17:16:00,396 - __main__ - DEBUG - Final MATLAB Expression: int(x^2, x)
2024-12-18 17:16:00,645 - __main__ - DEBUG - Result: x^3/3
2024-12-18 17:16:06,719 - __main__ - DEBUG - Final MATLAB Expression: int(1/x, x)
2024-12-18 17:16:06,772 - __main__ - DEBUG - Result: log(x)
2024-12-22 20:20:03,871 - __main__ - INFO - Initializing Calculator Application
2024-12-22 20:20:54,123 - __main__ - INFO - MATLAB engine started successfully
2024-12-22 20:21:13,258 - __main__ - DEBUG - Final MATLAB Expression: int(2.*x, x)
2024-12-22 20:21:13,406 - __main__ - DEBUG - Result: x^2
2024-12-22 20:21:21,977 - __main__ - DEBUG - Final MATLAB Expression: diff(x^2, x)
2024-12-22 20:21:22,047 - __main__ - DEBUG - Result: 2*x
2024-12-22 20:21:27,800 - __main__ - DEBUG - Final MATLAB Expression: __FUNC.*6__d(30)
2024-12-22 20:21:27,872 - __main__ - ERROR - Error evaluating expression: Error: Invalid text character. Check for unsupported symbol, invisible character, or pasting of non-ASCII characters.
Traceback (most recent call last):
  File "/Users/goge/PycharmProjects/calculator_mat/main.py", line 838, in handle_latex_calculation
    self.eng.eval(f"temp_result = {matlab_expression};", nargout=0)
  File "/Users/goge/PycharmProjects/calculator_mat/venv/lib/python3.9/site-packages/matlab/engine/matlabengine.py", line 70, in __call__
    return FutureResult(self._engine(), future, nargs, _stdout,
  File "/Users/goge/PycharmProjects/calculator_mat/venv/lib/python3.9/site-packages/matlab/engine/futureresult.py", line 62, in result
    return self.__future.result(timeout)
  File "/Users/goge/PycharmProjects/calculator_mat/venv/lib/python3.9/site-packages/matlab/engine/fevalfuture.py", line 76, in result
    self._result = pythonengine.getFEvalResult(self._future,self._nargout, None, out=self._out, err=self._err)
SyntaxError: Error: Invalid text character. Check for unsupported symbol, invisible character, or pasting of non-ASCII characters.

2024-12-22 20:31:05,185 - __main__ - INFO - Initializing Calculator Application
2024-12-22 20:31:16,425 - __main__ - INFO - MATLAB engine started successfully
2024-12-22 20:31:21,696 - __main__ - DEBUG - Final MATLAB Expression: FUNC.*6.*d 30
2024-12-22 20:31:21,740 - __main__ - ERROR - Error evaluating expression: Invalid expression. Check for missing multiplication operator, missing or unbalanced delimiters, or other syntax error. To construct matrices, use brackets instead of parentheses.
Traceback (most recent call last):
  File "/Users/goge/PycharmProjects/calculator_mat/main.py", line 842, in handle_latex_calculation
    self.eng.eval(f"temp_result = {matlab_expression};", nargout=0)
  File "/Users/goge/PycharmProjects/calculator_mat/venv/lib/python3.9/site-packages/matlab/engine/matlabengine.py", line 70, in __call__
    return FutureResult(self._engine(), future, nargs, _stdout,
  File "/Users/goge/PycharmProjects/calculator_mat/venv/lib/python3.9/site-packages/matlab/engine/futureresult.py", line 62, in result
    return self.__future.result(timeout)
  File "/Users/goge/PycharmProjects/calculator_mat/venv/lib/python3.9/site-packages/matlab/engine/fevalfuture.py", line 76, in result
    self._result = pythonengine.getFEvalResult(self._future,self._nargout, None, out=self._out, err=self._err)
SyntaxError: Invalid expression. Check for missing multiplication operator, missing or unbalanced delimiters, or other syntax error. To construct matrices, use brackets instead of parentheses.

2024-12-22 22:52:58,070 - __main__ - DEBUG - Final MATLAB Expression: \FUNC.*6.*d{30}
2024-12-22 22:52:58,072 - __main__ - ERROR - Error evaluating expression: Expression contains invalid characters
Traceback (most recent call last):
  File "/Users/goge/PycharmProjects/calculator_mat/main.py", line 838, in handle_latex_calculation
    raise ValueError("Expression contains invalid characters")
ValueError: Expression contains invalid characters
2024-12-22 22:54:19,339 - __main__ - INFO - Initializing Calculator Application
2024-12-22 22:54:31,879 - __main__ - INFO - MATLAB engine started successfully
2024-12-22 22:55:18,036 - __main__ - INFO - Initializing Calculator Application
2024-12-22 22:55:27,617 - __main__ - INFO - MATLAB engine started successfully
2024-12-22 22:55:32,036 - __main__ - DEBUG - Final MATLAB Expression: i .* n .* t .* 2 .* x .* dx
2024-12-22 22:57:21,695 - __main__ - INFO - Initializing Calculator Application
2024-12-22 22:57:30,434 - __main__ - INFO - MATLAB engine started successfully
2024-12-22 22:57:34,052 - __main__ - DEBUG - Final MATLAB Expression: int(2.*x, x)
2024-12-22 22:57:34,166 - __main__ - DEBUG - temp_result: <matlab.object object at 0x112359e90>
2024-12-22 22:57:34,231 - __main__ - ERROR - Error evaluating expression: MATLAB Error: 
  File /Applications/MATLAB_R2024b.app/toolbox/matlab/strfun/num2str.m, line 24, in num2str
Input to num2str must be numeric.
Traceback (most recent call last):
  File "/Users/goge/PycharmProjects/calculator_mat/main.py", line 845, in handle_latex_calculation
    result_str = self.eng.eval("num2str(temp_result)", nargout=1)
  File "/Users/goge/PycharmProjects/calculator_mat/venv/lib/python3.9/site-packages/matlab/engine/matlabengine.py", line 70, in __call__
    return FutureResult(self._engine(), future, nargs, _stdout,
  File "/Users/goge/PycharmProjects/calculator_mat/venv/lib/python3.9/site-packages/matlab/engine/futureresult.py", line 62, in result
    return self.__future.result(timeout)
  File "/Users/goge/PycharmProjects/calculator_mat/venv/lib/python3.9/site-packages/matlab/engine/fevalfuture.py", line 76, in result
    self._result = pythonengine.getFEvalResult(self._future,self._nargout, None, out=self._out, err=self._err)
matlab.engine.MatlabExecutionError: 
  File /Applications/MATLAB_R2024b.app/toolbox/matlab/strfun/num2str.m, line 24, in num2str
Input to num2str must be numeric.


During handling of the above exception, another exception occurred:

Traceback (most recent call last):
  File "/Users/goge/PycharmProjects/calculator_mat/main.py", line 854, in handle_latex_calculation
    raise ValueError(f"MATLAB Error: {me}")
ValueError: MATLAB Error: 
  File /Applications/MATLAB_R2024b.app/toolbox/matlab/strfun/num2str.m, line 24, in num2str
Input to num2str must be numeric.

2024-12-22 22:58:32,472 - __main__ - INFO - Initializing Calculator Application
2024-12-22 22:58:42,039 - __main__ - INFO - MATLAB engine started successfully
2024-12-22 22:58:46,104 - __main__ - DEBUG - Final MATLAB Expression: int(2.*x, x)
2024-12-22 22:58:46,217 - __main__ - DEBUG - temp_result: <matlab.object object at 0x11289ecd0>
2024-12-22 22:58:46,241 - __main__ - ERROR - Error evaluating expression: MATLAB Error: 
  File /Applications/MATLAB_R2024b.app/toolbox/matlab/strfun/num2str.m, line 24, in num2str
Input to num2str must be numeric.
Traceback (most recent call last):
  File "/Users/goge/PycharmProjects/calculator_mat/main.py", line 845, in handle_latex_calculation
    result_str = self.eng.eval("num2str(temp_result)", nargout=1)
  File "/Users/goge/PycharmProjects/calculator_mat/venv/lib/python3.9/site-packages/matlab/engine/matlabengine.py", line 70, in __call__
    return FutureResult(self._engine(), future, nargs, _stdout,
  File "/Users/goge/PycharmProjects/calculator_mat/venv/lib/python3.9/site-packages/matlab/engine/futureresult.py", line 62, in result
    return self.__future.result(timeout)
  File "/Users/goge/PycharmProjects/calculator_mat/venv/lib/python3.9/site-packages/matlab/engine/fevalfuture.py", line 76, in result
    self._result = pythonengine.getFEvalResult(self._future,self._nargout, None, out=self._out, err=self._err)
matlab.engine.MatlabExecutionError: 
  File /Applications/MATLAB_R2024b.app/toolbox/matlab/strfun/num2str.m, line 24, in num2str
Input to num2str must be numeric.


During handling of the above exception, another exception occurred:

Traceback (most recent call last):
  File "/Users/goge/PycharmProjects/calculator_mat/main.py", line 854, in handle_latex_calculation
    raise ValueError(f"MATLAB Error: {me}")
ValueError: MATLAB Error: 
  File /Applications/MATLAB_R2024b.app/toolbox/matlab/strfun/num2str.m, line 24, in num2str
Input to num2str must be numeric.

2024-12-22 22:59:27,826 - __main__ - INFO - Initializing Calculator Application
2024-12-22 22:59:37,584 - __main__ - INFO - MATLAB engine started successfully
2024-12-22 22:59:43,671 - __main__ - DEBUG - Final MATLAB Expression: int(2.*x, x)
2024-12-22 22:59:43,817 - __main__ - DEBUG - Result: x^2
2024-12-22 22:59:51,949 - __main__ - DEBUG - Final MATLAB Expression: \__FUNC.*6__d{30}
2024-12-22 22:59:51,978 - __main__ - ERROR - Error evaluating expression: Invalid use of operator.
Traceback (most recent call last):
  File "/Users/goge/PycharmProjects/calculator_mat/main.py", line 838, in handle_latex_calculation
    self.eng.eval(f"temp_result = {matlab_expression};", nargout=0)
  File "/Users/goge/PycharmProjects/calculator_mat/venv/lib/python3.9/site-packages/matlab/engine/matlabengine.py", line 70, in __call__
    return FutureResult(self._engine(), future, nargs, _stdout,
  File "/Users/goge/PycharmProjects/calculator_mat/venv/lib/python3.9/site-packages/matlab/engine/futureresult.py", line 62, in result
    return self.__future.result(timeout)
  File "/Users/goge/PycharmProjects/calculator_mat/venv/lib/python3.9/site-packages/matlab/engine/fevalfuture.py", line 76, in result
    self._result = pythonengine.getFEvalResult(self._future,self._nargout, None, out=self._out, err=self._err)
SyntaxError: Invalid use of operator.

2024-12-22 23:02:18,365 - __main__ - INFO - Initializing Calculator Application
2024-12-22 23:02:29,077 - __main__ - INFO - MATLAB engine started successfully
2024-12-22 23:02:41,396 - __main__ - DEBUG - Final MATLAB Expression: \sin{30}
2024-12-22 23:02:41,434 - __main__ - ERROR - Error evaluating expression: Invalid use of operator.
Traceback (most recent call last):
  File "/Users/goge/PycharmProjects/calculator_mat/main.py", line 836, in handle_latex_calculation
    self.eng.eval(f"temp_result = {matlab_expression};", nargout=0)
  File "/Users/goge/PycharmProjects/calculator_mat/venv/lib/python3.9/site-packages/matlab/engine/matlabengine.py", line 70, in __call__
    return FutureResult(self._engine(), future, nargs, _stdout,
  File "/Users/goge/PycharmProjects/calculator_mat/venv/lib/python3.9/site-packages/matlab/engine/futureresult.py", line 62, in result
    return self.__future.result(timeout)
  File "/Users/goge/PycharmProjects/calculator_mat/venv/lib/python3.9/site-packages/matlab/engine/fevalfuture.py", line 76, in result
    self._result = pythonengine.getFEvalResult(self._future,self._nargout, None, out=self._out, err=self._err)
SyntaxError: Invalid use of operator.

2024-12-22 23:05:11,137 - __main__ - INFO - Initializing Calculator Application
2024-12-22 23:05:24,109 - __main__ - INFO - MATLAB engine started successfully
2024-12-22 23:05:28,124 - __main__ - DEBUG - Final MATLAB Expression: int(1/x, x)
2024-12-22 23:05:28,248 - __main__ - DEBUG - Result: log(x)
2024-12-22 23:05:34,772 - __main__ - DEBUG - Final MATLAB Expression: sind(30)
2024-12-22 23:05:34,776 - __main__ - DEBUG - Result:  
2024-12-22 23:07:11,225 - __main__ - INFO - Initializing Calculator Application
2024-12-22 23:07:20,320 - __main__ - INFO - MATLAB engine started successfully
2024-12-22 23:07:27,819 - __main__ - DEBUG - Final MATLAB Expression: sind(30)
2024-12-22 23:07:27,823 - __main__ - DEBUG - Result: 0.5
2024-12-22 23:07:32,124 - __main__ - DEBUG - Final MATLAB Expression: sind(30)
2024-12-22 23:07:32,127 - __main__ - DEBUG - Result: 0.5
2024-12-22 23:12:15,696 - __main__ - INFO - Initializing Calculator Application
2024-12-22 23:12:28,985 - __main__ - INFO - MATLAB engine started successfully
2024-12-22 23:13:36,617 - __main__ - INFO - Initializing Calculator Application
2024-12-22 23:13:47,528 - __main__ - INFO - MATLAB engine started successfully
2024-12-22 23:13:58,886 - __main__ - DEBUG - Final MATLAB Expression: sind(30)
2024-12-22 23:13:58,891 - __main__ - DEBUG - Result: 0.5
2024-12-22 23:16:26,479 - __main__ - INFO - Initializing Calculator Application
2024-12-22 23:16:38,068 - __main__ - INFO - MATLAB engine started successfully
2024-12-22 23:16:43,461 - __main__ - DEBUG - Handling integral expression: int 1/x dx
2024-12-22 23:16:43,461 - __main__ - ERROR - Error handling integral: 'str' object has no attribute 'function'
2024-12-22 23:16:43,461 - __main__ - ERROR - Error evaluating expression: 'str' object has no attribute 'function'
Traceback (most recent call last):
  File "/Users/goge/PycharmProjects/calculator_mat/latex_pack/latex_calculation.py", line 44, in _handle_latex_calculation
    matlab_expression = self._convert_expression(input_text, expression_type)
  File "/Users/goge/PycharmProjects/calculator_mat/latex_pack/latex_calculation.py", line 76, in _convert_expression
    return self._handle_integral(input_text)
  File "/Users/goge/PycharmProjects/calculator_mat/main.py", line 399, in _handle_integral
    func = self.sympy_to_matlab(expr.function)
AttributeError: 'str' object has no attribute 'function'
2024-12-22 23:17:09,320 - __main__ - INFO - Initializing Calculator Application
2024-12-22 23:17:17,626 - __main__ - INFO - MATLAB engine started successfully
2024-12-22 23:17:36,394 - __main__ - DEBUG - Final MATLAB Expression: int(1/x, x)
2024-12-22 23:17:36,635 - __main__ - DEBUG - Result: ln(x)
2024-12-23 10:47:02,316 - __main__ - INFO - Initializing Calculator Application
2024-12-23 10:47:23,274 - __main__ - INFO - MATLAB engine started successfully
2024-12-23 10:47:30,192 - __main__ - DEBUG - Final MATLAB Expression: int(1/x, x)
2024-12-23 10:47:30,420 - __main__ - DEBUG - Result: ln(x)
2024-12-23 11:39:13,077 - __main__ - INFO - Initializing Calculator Application
2024-12-23 11:39:25,969 - __main__ - INFO - MATLAB engine started successfully
2024-12-23 11:39:40,031 - __main__ - DEBUG - Final MATLAB Expression: int(1/x, x)
2024-12-23 11:39:40,243 - __main__ - DEBUG - Result: ln(x)
2024-12-23 11:39:49,819 - __main__ - DEBUG - Final MATLAB Expression: int(__FUNC.*3__(x), x)
2024-12-23 11:39:49,831 - __main__ - ERROR - Error evaluating expression: Error: Invalid text character. Check for unsupported symbol, invisible character, or pasting of non-ASCII characters.
Traceback (most recent call last):
  File "/Users/goge/PycharmProjects/calculator_mat/latex_pack/latex_calculation.py", line 93, in _handle_latex_calculation
    self.eng.eval(f"temp_result = {matlab_expression};", nargout=0)
  File "/Users/goge/PycharmProjects/calculator_mat/venv/lib/python3.9/site-packages/matlab/engine/matlabengine.py", line 70, in __call__
    return FutureResult(self._engine(), future, nargs, _stdout,
  File "/Users/goge/PycharmProjects/calculator_mat/venv/lib/python3.9/site-packages/matlab/engine/futureresult.py", line 62, in result
    return self.__future.result(timeout)
  File "/Users/goge/PycharmProjects/calculator_mat/venv/lib/python3.9/site-packages/matlab/engine/fevalfuture.py", line 76, in result
    self._result = pythonengine.getFEvalResult(self._future,self._nargout, None, out=self._out, err=self._err)
SyntaxError: Error: Invalid text character. Check for unsupported symbol, invisible character, or pasting of non-ASCII characters.

2024-12-23 11:46:13,361 - __main__ - INFO - Initializing Calculator Application
2024-12-23 11:46:24,465 - __main__ - INFO - MATLAB engine started successfully
2024-12-23 11:47:56,437 - __main__ - DEBUG - Final MATLAB Expression: int(1/x, x)
2024-12-23 11:47:56,684 - __main__ - DEBUG - Result: ln(x)
2024-12-23 11:48:03,326 - __main__ - DEBUG - Final MATLAB Expression: int(__FUNC.*3__(x), x)
2024-12-23 11:48:03,339 - __main__ - ERROR - Error evaluating expression: Error: Invalid text character. Check for unsupported symbol, invisible character, or pasting of non-ASCII characters.
Traceback (most recent call last):
  File "/Users/goge/PycharmProjects/calculator_mat/latex_pack/latex_calculation.py", line 13, in _handle_latex_calculation
    result = self._evaluate_and_format_result(matlab_expression)
  File "/Users/goge/PycharmProjects/calculator_mat/latex_pack/latex_calculation.py", line 94, in _evaluate_and_format_result
    self.eng.eval(f"temp_result = {matlab_expression};", nargout=0)
  File "/Users/goge/PycharmProjects/calculator_mat/venv/lib/python3.9/site-packages/matlab/engine/matlabengine.py", line 70, in __call__
    return FutureResult(self._engine(), future, nargs, _stdout,
  File "/Users/goge/PycharmProjects/calculator_mat/venv/lib/python3.9/site-packages/matlab/engine/futureresult.py", line 62, in result
    return self.__future.result(timeout)
  File "/Users/goge/PycharmProjects/calculator_mat/venv/lib/python3.9/site-packages/matlab/engine/fevalfuture.py", line 76, in result
    self._result = pythonengine.getFEvalResult(self._future,self._nargout, None, out=self._out, err=self._err)
SyntaxError: Error: Invalid text character. Check for unsupported symbol, invisible character, or pasting of non-ASCII characters.

2024-12-23 11:48:09,015 - __main__ - DEBUG - Final MATLAB Expression: int(__FUNC.*4__(x), x)
2024-12-23 11:48:09,025 - __main__ - ERROR - Error evaluating expression: Error: Invalid text character. Check for unsupported symbol, invisible character, or pasting of non-ASCII characters.
Traceback (most recent call last):
  File "/Users/goge/PycharmProjects/calculator_mat/latex_pack/latex_calculation.py", line 13, in _handle_latex_calculation
    result = self._evaluate_and_format_result(matlab_expression)
  File "/Users/goge/PycharmProjects/calculator_mat/latex_pack/latex_calculation.py", line 94, in _evaluate_and_format_result
    self.eng.eval(f"temp_result = {matlab_expression};", nargout=0)
  File "/Users/goge/PycharmProjects/calculator_mat/venv/lib/python3.9/site-packages/matlab/engine/matlabengine.py", line 70, in __call__
    return FutureResult(self._engine(), future, nargs, _stdout,
  File "/Users/goge/PycharmProjects/calculator_mat/venv/lib/python3.9/site-packages/matlab/engine/futureresult.py", line 62, in result
    return self.__future.result(timeout)
  File "/Users/goge/PycharmProjects/calculator_mat/venv/lib/python3.9/site-packages/matlab/engine/fevalfuture.py", line 76, in result
    self._result = pythonengine.getFEvalResult(self._future,self._nargout, None, out=self._out, err=self._err)
SyntaxError: Error: Invalid text character. Check for unsupported symbol, invisible character, or pasting of non-ASCII characters.

2024-12-23 11:48:27,719 - __main__ - INFO - Initializing Calculator Application
2024-12-23 11:48:37,211 - __main__ - INFO - MATLAB engine started successfully
2024-12-23 11:48:44,422 - __main__ - DEBUG - Final MATLAB Expression: int(x^2, x)
2024-12-23 11:48:44,614 - __main__ - DEBUG - Result: x^3/3
2024-12-23 11:48:55,846 - __main__ - DEBUG - Final MATLAB Expression: int(l.*nx, x)
2024-12-23 11:48:56,268 - __main__ - ERROR - Error evaluating expression: Unrecognized function or variable 'l'.
Traceback (most recent call last):
  File "/Users/goge/PycharmProjects/calculator_mat/latex_pack/latex_calculation.py", line 13, in _handle_latex_calculation
    result = self._evaluate_and_format_result(matlab_expression)
  File "/Users/goge/PycharmProjects/calculator_mat/latex_pack/latex_calculation.py", line 94, in _evaluate_and_format_result
    self.eng.eval(f"temp_result = {matlab_expression};", nargout=0)
  File "/Users/goge/PycharmProjects/calculator_mat/venv/lib/python3.9/site-packages/matlab/engine/matlabengine.py", line 70, in __call__
    return FutureResult(self._engine(), future, nargs, _stdout,
  File "/Users/goge/PycharmProjects/calculator_mat/venv/lib/python3.9/site-packages/matlab/engine/futureresult.py", line 62, in result
    return self.__future.result(timeout)
  File "/Users/goge/PycharmProjects/calculator_mat/venv/lib/python3.9/site-packages/matlab/engine/fevalfuture.py", line 76, in result
    self._result = pythonengine.getFEvalResult(self._future,self._nargout, None, out=self._out, err=self._err)
matlab.engine.MatlabExecutionError: Unrecognized function or variable 'l'.

2024-12-23 11:49:00,463 - __main__ - DEBUG - Final MATLAB Expression: int(l.*nx, x)
2024-12-23 11:49:00,482 - __main__ - ERROR - Error evaluating expression: Unrecognized function or variable 'l'.
Traceback (most recent call last):
  File "/Users/goge/PycharmProjects/calculator_mat/latex_pack/latex_calculation.py", line 13, in _handle_latex_calculation
    result = self._evaluate_and_format_result(matlab_expression)
  File "/Users/goge/PycharmProjects/calculator_mat/latex_pack/latex_calculation.py", line 94, in _evaluate_and_format_result
    self.eng.eval(f"temp_result = {matlab_expression};", nargout=0)
  File "/Users/goge/PycharmProjects/calculator_mat/venv/lib/python3.9/site-packages/matlab/engine/matlabengine.py", line 70, in __call__
    return FutureResult(self._engine(), future, nargs, _stdout,
  File "/Users/goge/PycharmProjects/calculator_mat/venv/lib/python3.9/site-packages/matlab/engine/futureresult.py", line 62, in result
    return self.__future.result(timeout)
  File "/Users/goge/PycharmProjects/calculator_mat/venv/lib/python3.9/site-packages/matlab/engine/fevalfuture.py", line 76, in result
    self._result = pythonengine.getFEvalResult(self._future,self._nargout, None, out=self._out, err=self._err)
matlab.engine.MatlabExecutionError: Unrecognized function or variable 'l'.

2024-12-23 11:49:06,813 - __main__ - DEBUG - Final MATLAB Expression: int(__FUNC.*4__(x), x)
2024-12-23 11:49:06,824 - __main__ - ERROR - Error evaluating expression: Error: Invalid text character. Check for unsupported symbol, invisible character, or pasting of non-ASCII characters.
Traceback (most recent call last):
  File "/Users/goge/PycharmProjects/calculator_mat/latex_pack/latex_calculation.py", line 13, in _handle_latex_calculation
    result = self._evaluate_and_format_result(matlab_expression)
  File "/Users/goge/PycharmProjects/calculator_mat/latex_pack/latex_calculation.py", line 94, in _evaluate_and_format_result
    self.eng.eval(f"temp_result = {matlab_expression};", nargout=0)
  File "/Users/goge/PycharmProjects/calculator_mat/venv/lib/python3.9/site-packages/matlab/engine/matlabengine.py", line 70, in __call__
    return FutureResult(self._engine(), future, nargs, _stdout,
  File "/Users/goge/PycharmProjects/calculator_mat/venv/lib/python3.9/site-packages/matlab/engine/futureresult.py", line 62, in result
    return self.__future.result(timeout)
  File "/Users/goge/PycharmProjects/calculator_mat/venv/lib/python3.9/site-packages/matlab/engine/fevalfuture.py", line 76, in result
    self._result = pythonengine.getFEvalResult(self._future,self._nargout, None, out=self._out, err=self._err)
SyntaxError: Error: Invalid text character. Check for unsupported symbol, invisible character, or pasting of non-ASCII characters.

2024-12-23 12:41:32,661 - __main__ - INFO - Initializing Calculator Application
2024-12-23 12:41:46,376 - __main__ - INFO - MATLAB engine started successfully
2024-12-23 12:41:59,676 - __main__ - DEBUG - Final MATLAB Expression: int(1/x, x)
2024-12-23 12:41:59,927 - __main__ - DEBUG - Result: ln(x)
2024-12-23 12:42:08,699 - __main__ - DEBUG - Final MATLAB Expression: int(ln(x), x)
2024-12-23 12:42:09,034 - __main__ - ERROR - Error evaluating expression: Undefined function 'ln' for input arguments of type 'sym'.
Traceback (most recent call last):
  File "/Users/goge/PycharmProjects/calculator_mat/latex_pack/latex_calculation.py", line 13, in _handle_latex_calculation
    result = self._evaluate_and_format_result(matlab_expression)
  File "/Users/goge/PycharmProjects/calculator_mat/latex_pack/latex_calculation.py", line 94, in _evaluate_and_format_result
    self.eng.eval(f"temp_result = {matlab_expression};", nargout=0)
  File "/Users/goge/PycharmProjects/calculator_mat/venv/lib/python3.9/site-packages/matlab/engine/matlabengine.py", line 70, in __call__
    return FutureResult(self._engine(), future, nargs, _stdout,
  File "/Users/goge/PycharmProjects/calculator_mat/venv/lib/python3.9/site-packages/matlab/engine/futureresult.py", line 62, in result
    return self.__future.result(timeout)
  File "/Users/goge/PycharmProjects/calculator_mat/venv/lib/python3.9/site-packages/matlab/engine/fevalfuture.py", line 76, in result
    self._result = pythonengine.getFEvalResult(self._future,self._nargout, None, out=self._out, err=self._err)
matlab.engine.MatlabExecutionError: Undefined function 'ln' for input arguments of type 'sym'.

2024-12-23 13:07:55,736 - __main__ - INFO - Initializing Calculator Application
2024-12-23 13:08:06,141 - __main__ - INFO - MATLAB engine started successfully
2024-12-23 13:08:15,341 - __main__ - DEBUG - Final MATLAB Expression: int(1/x, x)
2024-12-23 13:08:15,561 - __main__ - DEBUG - Result: ln(x)
2024-12-23 13:12:51,342 - __main__ - INFO - Initializing Calculator Application
2024-12-23 13:13:03,305 - __main__ - INFO - MATLAB engine started successfully
2024-12-23 13:13:07,825 - __main__ - DEBUG - Final MATLAB Expression: int(1/x, x)
2024-12-23 13:13:07,825 - matlab_interface.evaluate_expression - DEBUG - Starting evaluation of MATLAB expression: 'int(1/x, x)'
2024-12-23 13:13:07,825 - matlab_interface.evaluate_expression - DEBUG - Executing MATLAB expression.
2024-12-23 13:13:07,918 - matlab_interface.evaluate_expression - INFO - Expression executed successfully in MATLAB.
2024-12-23 13:13:07,918 - matlab_interface.evaluate_expression - DEBUG - Simplifying the result as it's a derivative or integral.
2024-12-23 13:13:07,956 - matlab_interface.evaluate_expression - DEBUG - Simplification completed.
2024-12-23 13:13:07,956 - matlab_interface.evaluate_expression - DEBUG - Checking for symbolic variables in the result.
2024-12-23 13:13:07,972 - matlab_interface.evaluate_expression - DEBUG - Result contains symbols: True
2024-12-23 13:13:07,972 - matlab_interface.evaluate_expression - DEBUG - Retrieving symbolic result as string.
2024-12-23 13:13:07,974 - matlab_interface.evaluate_expression - DEBUG - Symbolic result obtained: 'log(x)'
2024-12-23 13:13:07,975 - matlab_interface.evaluate_expression - DEBUG - Formatting the result string.
2024-12-23 13:13:07,975 - matlab_interface.evaluate_expression - DEBUG - Formatted string: 'ln(x)'
2024-12-23 13:13:07,975 - matlab_interface.evaluate_expression - DEBUG - Cleaning the result string.
2024-12-23 13:13:07,975 - matlab_interface.evaluate_expression - DEBUG - Cleaned result string: 'ln(x)'
2024-12-23 13:13:07,975 - matlab_interface.evaluate_expression - DEBUG - Cleaned result string: 'ln(x)'
2024-12-23 13:13:07,975 - matlab_interface.evaluate_expression - DEBUG - Clearing 'temp_result' from MATLAB workspace.
2024-12-23 13:13:07,976 - matlab_interface.evaluate_expression - DEBUG - 'temp_result' cleared successfully.
2024-12-23 13:13:07,977 - __main__ - DEBUG - Result: ln(x)
2024-12-23 13:13:07,979 - __main__ - DEBUG - Cleared 'temp_result' from MATLAB workspace.
2024-12-23 13:13:17,232 - __main__ - DEBUG - Final MATLAB Expression: int(l.*og.*10.*(x), x)
2024-12-23 13:13:17,232 - matlab_interface.evaluate_expression - DEBUG - Starting evaluation of MATLAB expression: 'int(l.*og.*10.*(x), x)'
2024-12-23 13:13:17,232 - matlab_interface.evaluate_expression - DEBUG - Executing MATLAB expression.
2024-12-23 13:13:17,552 - matlab_interface.evaluate_expression - ERROR - MATLAB Execution Error: Unrecognized function or variable 'l'.

2024-12-23 13:13:17,552 - matlab_interface.evaluate_expression - DEBUG - Clearing 'temp_result' from MATLAB workspace.
2024-12-23 13:13:17,554 - matlab_interface.evaluate_expression - DEBUG - 'temp_result' cleared successfully.
2024-12-23 13:13:17,554 - __main__ - ERROR - Error evaluating expression: MATLAB Error: Unrecognized function or variable 'l'.
Traceback (most recent call last):
  File "/Users/goge/PycharmProjects/calculator_mat/matlab_interface/evaluate_expression.py", line 46, in evaluate_matlab_expression
    self.eng.eval(f"temp_result = {matlab_expression};", nargout=0)
  File "/Users/goge/PycharmProjects/calculator_mat/venv/lib/python3.9/site-packages/matlab/engine/matlabengine.py", line 70, in __call__
    return FutureResult(self._engine(), future, nargs, _stdout,
  File "/Users/goge/PycharmProjects/calculator_mat/venv/lib/python3.9/site-packages/matlab/engine/futureresult.py", line 62, in result
    return self.__future.result(timeout)
  File "/Users/goge/PycharmProjects/calculator_mat/venv/lib/python3.9/site-packages/matlab/engine/fevalfuture.py", line 76, in result
    self._result = pythonengine.getFEvalResult(self._future,self._nargout, None, out=self._out, err=self._err)
matlab.engine.MatlabExecutionError: Unrecognized function or variable 'l'.


The above exception was the direct cause of the following exception:

Traceback (most recent call last):
  File "/Users/goge/PycharmProjects/calculator_mat/latex_pack/latex_calculation.py", line 13, in _handle_latex_calculation
    result = self._evaluate_and_format_result(matlab_expression)
  File "/Users/goge/PycharmProjects/calculator_mat/latex_pack/latex_calculation.py", line 139, in _evaluate_and_format_result
    result = evaluator.evaluate_matlab_expression(matlab_expression)
  File "/Users/goge/PycharmProjects/calculator_mat/matlab_interface/evaluate_expression.py", line 105, in evaluate_matlab_expression
    raise ValueError(f"MATLAB Error: {me}") from me
ValueError: MATLAB Error: Unrecognized function or variable 'l'.

2024-12-23 13:13:18,992 - __main__ - DEBUG - Cleared 'temp_result' from MATLAB workspace.
2024-12-23 13:13:51,482 - __main__ - DEBUG - Final MATLAB Expression: s.*in.*d(30)
2024-12-23 13:13:51,484 - matlab_interface.evaluate_expression - DEBUG - Starting evaluation of MATLAB expression: 's.*in.*d(30)'
2024-12-23 13:13:51,484 - matlab_interface.evaluate_expression - DEBUG - Executing MATLAB expression.
2024-12-23 13:13:51,514 - matlab_interface.evaluate_expression - ERROR - MATLAB Execution Error: Unrecognized function or variable 's'.

2024-12-23 13:13:51,514 - matlab_interface.evaluate_expression - DEBUG - Clearing 'temp_result' from MATLAB workspace.
2024-12-23 13:13:51,519 - matlab_interface.evaluate_expression - DEBUG - 'temp_result' cleared successfully.
2024-12-23 13:13:51,519 - __main__ - ERROR - Error evaluating expression: MATLAB Error: Unrecognized function or variable 's'.
Traceback (most recent call last):
  File "/Users/goge/PycharmProjects/calculator_mat/matlab_interface/evaluate_expression.py", line 46, in evaluate_matlab_expression
    self.eng.eval(f"temp_result = {matlab_expression};", nargout=0)
  File "/Users/goge/PycharmProjects/calculator_mat/venv/lib/python3.9/site-packages/matlab/engine/matlabengine.py", line 70, in __call__
    return FutureResult(self._engine(), future, nargs, _stdout,
  File "/Users/goge/PycharmProjects/calculator_mat/venv/lib/python3.9/site-packages/matlab/engine/futureresult.py", line 62, in result
    return self.__future.result(timeout)
  File "/Users/goge/PycharmProjects/calculator_mat/venv/lib/python3.9/site-packages/matlab/engine/fevalfuture.py", line 76, in result
    self._result = pythonengine.getFEvalResult(self._future,self._nargout, None, out=self._out, err=self._err)
matlab.engine.MatlabExecutionError: Unrecognized function or variable 's'.


The above exception was the direct cause of the following exception:

Traceback (most recent call last):
  File "/Users/goge/PycharmProjects/calculator_mat/latex_pack/latex_calculation.py", line 13, in _handle_latex_calculation
    result = self._evaluate_and_format_result(matlab_expression)
  File "/Users/goge/PycharmProjects/calculator_mat/latex_pack/latex_calculation.py", line 139, in _evaluate_and_format_result
    result = evaluator.evaluate_matlab_expression(matlab_expression)
  File "/Users/goge/PycharmProjects/calculator_mat/matlab_interface/evaluate_expression.py", line 105, in evaluate_matlab_expression
    raise ValueError(f"MATLAB Error: {me}") from me
ValueError: MATLAB Error: Unrecognized function or variable 's'.

2024-12-23 13:13:53,322 - __main__ - DEBUG - Cleared 'temp_result' from MATLAB workspace.
2024-12-23 13:13:57,424 - __main__ - DEBUG - Final MATLAB Expression: s.*in.*d(30)
2024-12-23 13:13:57,424 - matlab_interface.evaluate_expression - DEBUG - Starting evaluation of MATLAB expression: 's.*in.*d(30)'
2024-12-23 13:13:57,424 - matlab_interface.evaluate_expression - DEBUG - Executing MATLAB expression.
2024-12-23 13:13:57,440 - matlab_interface.evaluate_expression - ERROR - MATLAB Execution Error: Unrecognized function or variable 's'.

2024-12-23 13:13:57,440 - matlab_interface.evaluate_expression - DEBUG - Clearing 'temp_result' from MATLAB workspace.
2024-12-23 13:13:57,441 - matlab_interface.evaluate_expression - DEBUG - 'temp_result' cleared successfully.
2024-12-23 13:13:57,441 - __main__ - ERROR - Error evaluating expression: MATLAB Error: Unrecognized function or variable 's'.
Traceback (most recent call last):
  File "/Users/goge/PycharmProjects/calculator_mat/matlab_interface/evaluate_expression.py", line 46, in evaluate_matlab_expression
    self.eng.eval(f"temp_result = {matlab_expression};", nargout=0)
  File "/Users/goge/PycharmProjects/calculator_mat/venv/lib/python3.9/site-packages/matlab/engine/matlabengine.py", line 70, in __call__
    return FutureResult(self._engine(), future, nargs, _stdout,
  File "/Users/goge/PycharmProjects/calculator_mat/venv/lib/python3.9/site-packages/matlab/engine/futureresult.py", line 62, in result
    return self.__future.result(timeout)
  File "/Users/goge/PycharmProjects/calculator_mat/venv/lib/python3.9/site-packages/matlab/engine/fevalfuture.py", line 76, in result
    self._result = pythonengine.getFEvalResult(self._future,self._nargout, None, out=self._out, err=self._err)
matlab.engine.MatlabExecutionError: Unrecognized function or variable 's'.


The above exception was the direct cause of the following exception:

Traceback (most recent call last):
  File "/Users/goge/PycharmProjects/calculator_mat/latex_pack/latex_calculation.py", line 13, in _handle_latex_calculation
    result = self._evaluate_and_format_result(matlab_expression)
  File "/Users/goge/PycharmProjects/calculator_mat/latex_pack/latex_calculation.py", line 139, in _evaluate_and_format_result
    result = evaluator.evaluate_matlab_expression(matlab_expression)
  File "/Users/goge/PycharmProjects/calculator_mat/matlab_interface/evaluate_expression.py", line 105, in evaluate_matlab_expression
    raise ValueError(f"MATLAB Error: {me}") from me
ValueError: MATLAB Error: Unrecognized function or variable 's'.

2024-12-23 13:13:58,522 - __main__ - DEBUG - Cleared 'temp_result' from MATLAB workspace.
2024-12-23 13:14:02,669 - __main__ - DEBUG - Final MATLAB Expression: 1+1
2024-12-23 13:14:02,669 - matlab_interface.evaluate_expression - DEBUG - Starting evaluation of MATLAB expression: '1+1'
2024-12-23 13:14:02,669 - matlab_interface.evaluate_expression - DEBUG - Executing MATLAB expression.
2024-12-23 13:14:02,671 - matlab_interface.evaluate_expression - INFO - Expression executed successfully in MATLAB.
2024-12-23 13:14:02,671 - matlab_interface.evaluate_expression - DEBUG - Checking for symbolic variables in the result.
2024-12-23 13:14:02,767 - matlab_interface.evaluate_expression - ERROR - MATLAB Execution Error: 
  File /Applications/MATLAB_R2024b.app/toolbox/matlab/funfun/symvar.m, line 21, in symvar
Invalid argument at position 1. Value must be a character vector or string scalar.

2024-12-23 13:14:02,768 - matlab_interface.evaluate_expression - DEBUG - Clearing 'temp_result' from MATLAB workspace.
2024-12-23 13:14:02,769 - matlab_interface.evaluate_expression - DEBUG - 'temp_result' cleared successfully.
2024-12-23 13:14:02,769 - __main__ - ERROR - Error evaluating expression: MATLAB Error: 
  File /Applications/MATLAB_R2024b.app/toolbox/matlab/funfun/symvar.m, line 21, in symvar
Invalid argument at position 1. Value must be a character vector or string scalar.
Traceback (most recent call last):
  File "/Users/goge/PycharmProjects/calculator_mat/matlab_interface/evaluate_expression.py", line 57, in evaluate_matlab_expression
    has_symbols = self.eng.eval("~isempty(symvar(temp_result))", nargout=1)
  File "/Users/goge/PycharmProjects/calculator_mat/venv/lib/python3.9/site-packages/matlab/engine/matlabengine.py", line 70, in __call__
    return FutureResult(self._engine(), future, nargs, _stdout,
  File "/Users/goge/PycharmProjects/calculator_mat/venv/lib/python3.9/site-packages/matlab/engine/futureresult.py", line 62, in result
    return self.__future.result(timeout)
  File "/Users/goge/PycharmProjects/calculator_mat/venv/lib/python3.9/site-packages/matlab/engine/fevalfuture.py", line 76, in result
    self._result = pythonengine.getFEvalResult(self._future,self._nargout, None, out=self._out, err=self._err)
matlab.engine.MatlabExecutionError: 
  File /Applications/MATLAB_R2024b.app/toolbox/matlab/funfun/symvar.m, line 21, in symvar
Invalid argument at position 1. Value must be a character vector or string scalar.


The above exception was the direct cause of the following exception:

Traceback (most recent call last):
  File "/Users/goge/PycharmProjects/calculator_mat/latex_pack/latex_calculation.py", line 13, in _handle_latex_calculation
    result = self._evaluate_and_format_result(matlab_expression)
  File "/Users/goge/PycharmProjects/calculator_mat/latex_pack/latex_calculation.py", line 139, in _evaluate_and_format_result
    result = evaluator.evaluate_matlab_expression(matlab_expression)
  File "/Users/goge/PycharmProjects/calculator_mat/matlab_interface/evaluate_expression.py", line 105, in evaluate_matlab_expression
    raise ValueError(f"MATLAB Error: {me}") from me
ValueError: MATLAB Error: 
  File /Applications/MATLAB_R2024b.app/toolbox/matlab/funfun/symvar.m, line 21, in symvar
Invalid argument at position 1. Value must be a character vector or string scalar.

2024-12-23 13:14:07,686 - __main__ - DEBUG - Cleared 'temp_result' from MATLAB workspace.
2024-12-23 13:15:31,913 - __main__ - INFO - Initializing Calculator Application
2024-12-23 13:15:43,924 - __main__ - INFO - MATLAB engine started successfully
2024-12-23 13:15:49,230 - __main__ - DEBUG - Final MATLAB Expression: int(l.*og.*10.*(x), x)
2024-12-23 13:15:49,231 - matlab_interface.evaluate_expression - DEBUG - Starting evaluation of MATLAB expression: 'int(l.*og.*10.*(x), x)'
2024-12-23 13:15:49,231 - matlab_interface.evaluate_expression - DEBUG - Executing MATLAB expression.
2024-12-23 13:15:49,515 - matlab_interface.evaluate_expression - ERROR - MATLAB Execution Error: Unrecognized function or variable 'l'.

2024-12-23 13:15:49,515 - matlab_interface.evaluate_expression - DEBUG - Clearing 'temp_result' from MATLAB workspace.
2024-12-23 13:15:49,517 - matlab_interface.evaluate_expression - DEBUG - 'temp_result' cleared successfully.
2024-12-23 13:15:49,517 - __main__ - ERROR - Error evaluating expression: MATLAB Error: Unrecognized function or variable 'l'.
Traceback (most recent call last):
  File "/Users/goge/PycharmProjects/calculator_mat/matlab_interface/evaluate_expression.py", line 46, in evaluate_matlab_expression
    self.eng.eval(f"temp_result = {matlab_expression};", nargout=0)
  File "/Users/goge/PycharmProjects/calculator_mat/venv/lib/python3.9/site-packages/matlab/engine/matlabengine.py", line 70, in __call__
    return FutureResult(self._engine(), future, nargs, _stdout,
  File "/Users/goge/PycharmProjects/calculator_mat/venv/lib/python3.9/site-packages/matlab/engine/futureresult.py", line 62, in result
    return self.__future.result(timeout)
  File "/Users/goge/PycharmProjects/calculator_mat/venv/lib/python3.9/site-packages/matlab/engine/fevalfuture.py", line 76, in result
    self._result = pythonengine.getFEvalResult(self._future,self._nargout, None, out=self._out, err=self._err)
matlab.engine.MatlabExecutionError: Unrecognized function or variable 'l'.


The above exception was the direct cause of the following exception:

Traceback (most recent call last):
  File "/Users/goge/PycharmProjects/calculator_mat/latex_pack/latex_calculation.py", line 13, in _handle_latex_calculation
    result = self._evaluate_and_format_result(matlab_expression)
  File "/Users/goge/PycharmProjects/calculator_mat/latex_pack/latex_calculation.py", line 154, in _evaluate_and_format_result
    result = evaluator.evaluate_matlab_expression(matlab_expression)
  File "/Users/goge/PycharmProjects/calculator_mat/matlab_interface/evaluate_expression.py", line 105, in evaluate_matlab_expression
    raise ValueError(f"MATLAB Error: {me}") from me
ValueError: MATLAB Error: Unrecognized function or variable 'l'.

2024-12-23 13:16:16,961 - __main__ - DEBUG - Cleared 'temp_result' from MATLAB workspace.
2024-12-23 13:16:24,257 - __main__ - INFO - Initializing Calculator Application
2024-12-23 13:16:35,710 - __main__ - INFO - MATLAB engine started successfully
2024-12-23 13:17:32,115 - __main__ - INFO - Initializing Calculator Application
2024-12-23 13:17:43,390 - __main__ - INFO - MATLAB engine started successfully
2024-12-23 13:17:52,632 - __main__ - DEBUG - Processing expression: int log10(x) dx
2024-12-23 13:17:52,635 - __main__ - DEBUG - Processed expression: int(l.*og.*10.*(x), x)
2024-12-23 13:17:52,635 - __main__ - DEBUG - Final MATLAB Expression: int(l.*og.*10.*(x), x)
2024-12-23 13:17:52,635 - matlab_interface.evaluate_expression - DEBUG - Starting evaluation of MATLAB expression: 'int(l.*og.*10.*(x), x)'
2024-12-23 13:17:52,635 - matlab_interface.evaluate_expression - DEBUG - Executing MATLAB expression.
2024-12-23 13:17:53,001 - matlab_interface.evaluate_expression - ERROR - MATLAB Execution Error: Unrecognized function or variable 'l'.

2024-12-23 13:17:53,001 - matlab_interface.evaluate_expression - DEBUG - Clearing 'temp_result' from MATLAB workspace.
2024-12-23 13:17:53,003 - matlab_interface.evaluate_expression - DEBUG - 'temp_result' cleared successfully.
2024-12-23 13:17:53,003 - __main__ - ERROR - Error evaluating expression: MATLAB Error: Unrecognized function or variable 'l'.
Traceback (most recent call last):
  File "/Users/goge/PycharmProjects/calculator_mat/matlab_interface/evaluate_expression.py", line 46, in evaluate_matlab_expression
    self.eng.eval(f"temp_result = {matlab_expression};", nargout=0)
  File "/Users/goge/PycharmProjects/calculator_mat/venv/lib/python3.9/site-packages/matlab/engine/matlabengine.py", line 70, in __call__
    return FutureResult(self._engine(), future, nargs, _stdout,
  File "/Users/goge/PycharmProjects/calculator_mat/venv/lib/python3.9/site-packages/matlab/engine/futureresult.py", line 62, in result
    return self.__future.result(timeout)
  File "/Users/goge/PycharmProjects/calculator_mat/venv/lib/python3.9/site-packages/matlab/engine/fevalfuture.py", line 76, in result
    self._result = pythonengine.getFEvalResult(self._future,self._nargout, None, out=self._out, err=self._err)
matlab.engine.MatlabExecutionError: Unrecognized function or variable 'l'.


The above exception was the direct cause of the following exception:

Traceback (most recent call last):
  File "/Users/goge/PycharmProjects/calculator_mat/latex_pack/latex_calculation.py", line 13, in _handle_latex_calculation
    result = self._evaluate_and_format_result(matlab_expression)
  File "/Users/goge/PycharmProjects/calculator_mat/latex_pack/latex_calculation.py", line 160, in _evaluate_and_format_result
    result = evaluator.evaluate_matlab_expression(matlab_expression)
  File "/Users/goge/PycharmProjects/calculator_mat/matlab_interface/evaluate_expression.py", line 105, in evaluate_matlab_expression
    raise ValueError(f"MATLAB Error: {me}") from me
ValueError: MATLAB Error: Unrecognized function or variable 'l'.

2024-12-23 13:17:54,808 - __main__ - DEBUG - Cleared 'temp_result' from MATLAB workspace.
2024-12-23 13:19:32,978 - __main__ - INFO - Initializing Calculator Application
2024-12-23 13:19:45,102 - __main__ - INFO - MATLAB engine started successfully
2024-12-23 13:24:41,399 - __main__ - DEBUG - Processing expression: int log10(x) dx
2024-12-23 13:24:41,401 - __main__ - DEBUG - Processed expression: int(l.*og.*10.*(x), x)
2024-12-23 13:24:41,401 - __main__ - DEBUG - Final MATLAB Expression: int(l.*og.*10.*(x), x)
2024-12-23 13:24:41,401 - matlab_interface.evaluate_expression - DEBUG - Starting evaluation of MATLAB expression: 'int(l.*og.*10.*(x), x)'
2024-12-23 13:24:41,401 - matlab_interface.evaluate_expression - DEBUG - Executing MATLAB expression.
2024-12-23 13:24:41,741 - matlab_interface.evaluate_expression - ERROR - MATLAB Execution Error: Unrecognized function or variable 'l'.

2024-12-23 13:24:41,742 - matlab_interface.evaluate_expression - DEBUG - Clearing 'temp_result' from MATLAB workspace.
2024-12-23 13:24:41,744 - matlab_interface.evaluate_expression - DEBUG - 'temp_result' cleared successfully.
2024-12-23 13:24:41,744 - __main__ - ERROR - Error evaluating expression: MATLAB Error: Unrecognized function or variable 'l'.
Traceback (most recent call last):
  File "/Users/goge/PycharmProjects/calculator_mat/matlab_interface/evaluate_expression.py", line 46, in evaluate_matlab_expression
    self.eng.eval(f"temp_result = {matlab_expression};", nargout=0)
  File "/Users/goge/PycharmProjects/calculator_mat/venv/lib/python3.9/site-packages/matlab/engine/matlabengine.py", line 70, in __call__
    return FutureResult(self._engine(), future, nargs, _stdout,
  File "/Users/goge/PycharmProjects/calculator_mat/venv/lib/python3.9/site-packages/matlab/engine/futureresult.py", line 62, in result
    return self.__future.result(timeout)
  File "/Users/goge/PycharmProjects/calculator_mat/venv/lib/python3.9/site-packages/matlab/engine/fevalfuture.py", line 76, in result
    self._result = pythonengine.getFEvalResult(self._future,self._nargout, None, out=self._out, err=self._err)
matlab.engine.MatlabExecutionError: Unrecognized function or variable 'l'.


The above exception was the direct cause of the following exception:

Traceback (most recent call last):
  File "/Users/goge/PycharmProjects/calculator_mat/latex_pack/latex_calculation.py", line 13, in _handle_latex_calculation
    result = self._evaluate_and_format_result(matlab_expression)
  File "/Users/goge/PycharmProjects/calculator_mat/latex_pack/latex_calculation.py", line 160, in _evaluate_and_format_result
    result = evaluator.evaluate_matlab_expression(matlab_expression)
  File "/Users/goge/PycharmProjects/calculator_mat/matlab_interface/evaluate_expression.py", line 105, in evaluate_matlab_expression
    raise ValueError(f"MATLAB Error: {me}") from me
ValueError: MATLAB Error: Unrecognized function or variable 'l'.

2024-12-23 13:24:43,951 - __main__ - DEBUG - Cleared 'temp_result' from MATLAB workspace.
2024-12-23 13:24:47,657 - __main__ - DEBUG - Processing expression: 1+1
2024-12-23 13:24:47,657 - __main__ - DEBUG - Processed expression: 1+1
2024-12-23 13:24:47,657 - __main__ - DEBUG - Final MATLAB Expression: 1+1
2024-12-23 13:24:47,657 - matlab_interface.evaluate_expression - DEBUG - Starting evaluation of MATLAB expression: '1+1'
2024-12-23 13:24:47,657 - matlab_interface.evaluate_expression - DEBUG - Executing MATLAB expression.
2024-12-23 13:24:47,660 - matlab_interface.evaluate_expression - INFO - Expression executed successfully in MATLAB.
2024-12-23 13:24:47,660 - matlab_interface.evaluate_expression - DEBUG - Checking for symbolic variables in the result.
2024-12-23 13:24:47,749 - matlab_interface.evaluate_expression - ERROR - MATLAB Execution Error: 
  File /Applications/MATLAB_R2024b.app/toolbox/matlab/funfun/symvar.m, line 21, in symvar
Invalid argument at position 1. Value must be a character vector or string scalar.

2024-12-23 13:24:47,749 - matlab_interface.evaluate_expression - DEBUG - Clearing 'temp_result' from MATLAB workspace.
2024-12-23 13:24:47,751 - matlab_interface.evaluate_expression - DEBUG - 'temp_result' cleared successfully.
2024-12-23 13:24:47,751 - __main__ - ERROR - Error evaluating expression: MATLAB Error: 
  File /Applications/MATLAB_R2024b.app/toolbox/matlab/funfun/symvar.m, line 21, in symvar
Invalid argument at position 1. Value must be a character vector or string scalar.
Traceback (most recent call last):
  File "/Users/goge/PycharmProjects/calculator_mat/matlab_interface/evaluate_expression.py", line 57, in evaluate_matlab_expression
    has_symbols = self.eng.eval("~isempty(symvar(temp_result))", nargout=1)
  File "/Users/goge/PycharmProjects/calculator_mat/venv/lib/python3.9/site-packages/matlab/engine/matlabengine.py", line 70, in __call__
    return FutureResult(self._engine(), future, nargs, _stdout,
  File "/Users/goge/PycharmProjects/calculator_mat/venv/lib/python3.9/site-packages/matlab/engine/futureresult.py", line 62, in result
    return self.__future.result(timeout)
  File "/Users/goge/PycharmProjects/calculator_mat/venv/lib/python3.9/site-packages/matlab/engine/fevalfuture.py", line 76, in result
    self._result = pythonengine.getFEvalResult(self._future,self._nargout, None, out=self._out, err=self._err)
matlab.engine.MatlabExecutionError: 
  File /Applications/MATLAB_R2024b.app/toolbox/matlab/funfun/symvar.m, line 21, in symvar
Invalid argument at position 1. Value must be a character vector or string scalar.


The above exception was the direct cause of the following exception:

Traceback (most recent call last):
  File "/Users/goge/PycharmProjects/calculator_mat/latex_pack/latex_calculation.py", line 13, in _handle_latex_calculation
    result = self._evaluate_and_format_result(matlab_expression)
  File "/Users/goge/PycharmProjects/calculator_mat/latex_pack/latex_calculation.py", line 160, in _evaluate_and_format_result
    result = evaluator.evaluate_matlab_expression(matlab_expression)
  File "/Users/goge/PycharmProjects/calculator_mat/matlab_interface/evaluate_expression.py", line 105, in evaluate_matlab_expression
    raise ValueError(f"MATLAB Error: {me}") from me
ValueError: MATLAB Error: 
  File /Applications/MATLAB_R2024b.app/toolbox/matlab/funfun/symvar.m, line 21, in symvar
Invalid argument at position 1. Value must be a character vector or string scalar.

2024-12-23 13:24:48,697 - __main__ - DEBUG - Cleared 'temp_result' from MATLAB workspace.
2024-12-23 13:27:15,676 - __main__ - INFO - Initializing Calculator Application
2024-12-23 13:27:27,302 - __main__ - INFO - MATLAB engine started successfully
2024-12-23 13:27:30,446 - __main__ - DEBUG - Processing expression: 1+1
2024-12-23 13:27:30,447 - __main__ - DEBUG - Processed expression: 1+1
2024-12-23 13:27:30,447 - __main__ - DEBUG - Final MATLAB Expression: 1+1
2024-12-23 13:27:30,447 - matlab_interface.evaluate_expression - DEBUG - Starting evaluation of MATLAB expression: '1+1'
2024-12-23 13:27:30,449 - matlab_interface.evaluate_expression - INFO - Expression executed successfully in MATLAB.
2024-12-23 13:27:30,453 - matlab_interface.evaluate_expression - DEBUG - Numeric result obtained: 2.0
2024-12-23 13:27:30,454 - matlab_interface.evaluate_expression - DEBUG - Cleared 'temp_result' from MATLAB workspace.
2024-12-23 13:27:30,456 - __main__ - DEBUG - Result: 2.0
2024-12-23 13:27:30,457 - __main__ - DEBUG - Cleared 'temp_result' from MATLAB workspace.
2024-12-23 13:27:36,716 - __main__ - DEBUG - Processing expression: sin(30)
2024-12-23 13:27:36,717 - __main__ - DEBUG - Processed expression: s.*in.*d(30)
2024-12-23 13:27:36,717 - __main__ - DEBUG - Final MATLAB Expression: s.*in.*d(30)
2024-12-23 13:27:36,717 - matlab_interface.evaluate_expression - DEBUG - Starting evaluation of MATLAB expression: 's.*in.*d(30)'
2024-12-23 13:27:37,026 - matlab_interface.evaluate_expression - ERROR - MATLAB Execution Error: Unrecognized function or variable 's'.
Traceback (most recent call last):
  File "/Users/goge/PycharmProjects/calculator_mat/matlab_interface/evaluate_expression.py", line 45, in evaluate_matlab_expression
    self.eng.eval(f"temp_result = {matlab_expression};", nargout=0)
  File "/Users/goge/PycharmProjects/calculator_mat/venv/lib/python3.9/site-packages/matlab/engine/matlabengine.py", line 70, in __call__
    return FutureResult(self._engine(), future, nargs, _stdout,
  File "/Users/goge/PycharmProjects/calculator_mat/venv/lib/python3.9/site-packages/matlab/engine/futureresult.py", line 62, in result
    return self.__future.result(timeout)
  File "/Users/goge/PycharmProjects/calculator_mat/venv/lib/python3.9/site-packages/matlab/engine/fevalfuture.py", line 76, in result
    self._result = pythonengine.getFEvalResult(self._future,self._nargout, None, out=self._out, err=self._err)
matlab.engine.MatlabExecutionError: Unrecognized function or variable 's'.

2024-12-23 13:27:37,039 - matlab_interface.evaluate_expression - DEBUG - Cleared 'temp_result' from MATLAB workspace.
2024-12-23 13:27:37,039 - __main__ - ERROR - Error evaluating expression: MATLAB Error: Unrecognized function or variable 's'.
Traceback (most recent call last):
  File "/Users/goge/PycharmProjects/calculator_mat/matlab_interface/evaluate_expression.py", line 45, in evaluate_matlab_expression
    self.eng.eval(f"temp_result = {matlab_expression};", nargout=0)
  File "/Users/goge/PycharmProjects/calculator_mat/venv/lib/python3.9/site-packages/matlab/engine/matlabengine.py", line 70, in __call__
    return FutureResult(self._engine(), future, nargs, _stdout,
  File "/Users/goge/PycharmProjects/calculator_mat/venv/lib/python3.9/site-packages/matlab/engine/futureresult.py", line 62, in result
    return self.__future.result(timeout)
  File "/Users/goge/PycharmProjects/calculator_mat/venv/lib/python3.9/site-packages/matlab/engine/fevalfuture.py", line 76, in result
    self._result = pythonengine.getFEvalResult(self._future,self._nargout, None, out=self._out, err=self._err)
matlab.engine.MatlabExecutionError: Unrecognized function or variable 's'.


The above exception was the direct cause of the following exception:

Traceback (most recent call last):
  File "/Users/goge/PycharmProjects/calculator_mat/latex_pack/latex_calculation.py", line 13, in _handle_latex_calculation
    result = self._evaluate_and_format_result(matlab_expression)
  File "/Users/goge/PycharmProjects/calculator_mat/latex_pack/latex_calculation.py", line 160, in _evaluate_and_format_result
    result = evaluator.evaluate_matlab_expression(matlab_expression)
  File "/Users/goge/PycharmProjects/calculator_mat/matlab_interface/evaluate_expression.py", line 79, in evaluate_matlab_expression
    raise ValueError(f"MATLAB Error: {me}") from me
ValueError: MATLAB Error: Unrecognized function or variable 's'.

2024-12-23 13:39:07,449 - __main__ - DEBUG - Cleared 'temp_result' from MATLAB workspace.
2024-12-23 13:39:49,509 - __main__ - INFO - Initializing Calculator Application
2024-12-23 13:40:00,887 - __main__ - INFO - MATLAB engine started successfully
2024-12-23 13:41:33,367 - __main__ - DEBUG - Processing expression: 1+1
2024-12-23 13:41:33,369 - __main__ - DEBUG - Converting trigonometric functions to degrees: 1+1
2024-12-23 13:41:33,370 - __main__ - DEBUG - Expression after trig conversion: 1+1
2024-12-23 13:41:33,371 - __main__ - DEBUG - Processed expression: 1+1
2024-12-23 13:41:33,371 - __main__ - DEBUG - Final MATLAB Expression: 1+1
2024-12-23 13:41:33,371 - matlab_interface.evaluate_expression - DEBUG - Starting evaluation of MATLAB expression: '1+1'
2024-12-23 13:41:33,371 - matlab_interface.evaluate_expression - DEBUG - Executing MATLAB expression.
2024-12-23 13:41:33,442 - matlab_interface.evaluate_expression - INFO - Expression executed successfully in MATLAB.
2024-12-23 13:41:33,442 - matlab_interface.evaluate_expression - DEBUG - Checking for symbolic variables in the result.
2024-12-23 13:41:33,761 - matlab_interface.evaluate_expression - ERROR - MATLAB Execution Error: 
  File /Applications/MATLAB_R2024b.app/toolbox/matlab/funfun/symvar.m, line 21, in symvar
Invalid argument at position 1. Value must be a character vector or string scalar.

2024-12-23 13:41:33,761 - matlab_interface.evaluate_expression - DEBUG - Clearing 'temp_result' from MATLAB workspace.
2024-12-23 13:41:33,764 - matlab_interface.evaluate_expression - DEBUG - 'temp_result' cleared successfully.
2024-12-23 13:41:33,764 - __main__ - ERROR - Error evaluating expression: MATLAB Error: 
  File /Applications/MATLAB_R2024b.app/toolbox/matlab/funfun/symvar.m, line 21, in symvar
Invalid argument at position 1. Value must be a character vector or string scalar.
Traceback (most recent call last):
  File "/Users/goge/PycharmProjects/calculator_mat/matlab_interface/evaluate_expression.py", line 57, in evaluate_matlab_expression
    has_symbols = self.eng.eval("~isempty(symvar(temp_result))", nargout=1)
  File "/Users/goge/PycharmProjects/calculator_mat/venv/lib/python3.9/site-packages/matlab/engine/matlabengine.py", line 70, in __call__
    return FutureResult(self._engine(), future, nargs, _stdout,
  File "/Users/goge/PycharmProjects/calculator_mat/venv/lib/python3.9/site-packages/matlab/engine/futureresult.py", line 62, in result
    return self.__future.result(timeout)
  File "/Users/goge/PycharmProjects/calculator_mat/venv/lib/python3.9/site-packages/matlab/engine/fevalfuture.py", line 76, in result
    self._result = pythonengine.getFEvalResult(self._future,self._nargout, None, out=self._out, err=self._err)
matlab.engine.MatlabExecutionError: 
  File /Applications/MATLAB_R2024b.app/toolbox/matlab/funfun/symvar.m, line 21, in symvar
Invalid argument at position 1. Value must be a character vector or string scalar.


The above exception was the direct cause of the following exception:

Traceback (most recent call last):
  File "/Users/goge/PycharmProjects/calculator_mat/latex_pack/latex_calculation.py", line 20, in _handle_latex_calculation
    result = self._evaluate_and_format_result(matlab_expression)
  File "/Users/goge/PycharmProjects/calculator_mat/latex_pack/latex_calculation.py", line 211, in _evaluate_and_format_result
    result = evaluator.evaluate_matlab_expression(matlab_expression)
  File "/Users/goge/PycharmProjects/calculator_mat/matlab_interface/evaluate_expression.py", line 105, in evaluate_matlab_expression
    raise ValueError(f"MATLAB Error: {me}") from me
ValueError: MATLAB Error: 
  File /Applications/MATLAB_R2024b.app/toolbox/matlab/funfun/symvar.m, line 21, in symvar
Invalid argument at position 1. Value must be a character vector or string scalar.

2024-12-23 13:41:37,662 - __main__ - DEBUG - Cleared 'temp_result' from MATLAB workspace.
2024-12-23 13:42:34,205 - __main__ - INFO - Initializing Calculator Application
2024-12-23 13:42:44,145 - __main__ - INFO - MATLAB engine started successfully
2024-12-23 13:42:47,290 - __main__ - DEBUG - Processing expression: 1+1
2024-12-23 13:42:47,290 - __main__ - DEBUG - Converting trigonometric functions to degrees: 1+1
2024-12-23 13:42:47,291 - __main__ - DEBUG - Expression after trig conversion: 1+1
2024-12-23 13:42:47,292 - __main__ - DEBUG - Processed expression: 1+1
2024-12-23 13:42:47,292 - __main__ - DEBUG - Final MATLAB Expression: 1+1
2024-12-23 13:42:47,292 - matlab_interface.evaluate_expression - DEBUG - Starting evaluation of MATLAB expression: '1+1'
2024-12-23 13:42:47,296 - matlab_interface.evaluate_expression - INFO - Expression executed successfully in MATLAB.
2024-12-23 13:42:47,300 - matlab_interface.evaluate_expression - DEBUG - Is the result numeric? True
2024-12-23 13:42:47,302 - matlab_interface.evaluate_expression - DEBUG - Numeric result obtained: 2.0
2024-12-23 13:42:47,303 - matlab_interface.evaluate_expression - DEBUG - Cleared 'temp_result' from MATLAB workspace.
2024-12-23 13:42:47,305 - __main__ - DEBUG - Result: 2.0
2024-12-23 13:42:47,306 - __main__ - DEBUG - Cleared 'temp_result' from MATLAB workspace.
2024-12-23 13:42:51,823 - __main__ - DEBUG - Processing expression: 2*5
2024-12-23 13:42:51,824 - __main__ - DEBUG - Converting trigonometric functions to degrees: 2*5
2024-12-23 13:42:51,824 - __main__ - DEBUG - Expression after trig conversion: 2*5
2024-12-23 13:42:51,824 - __main__ - DEBUG - Processed expression: 2*5
2024-12-23 13:42:51,824 - __main__ - DEBUG - Final MATLAB Expression: 2*5
2024-12-23 13:42:51,825 - matlab_interface.evaluate_expression - DEBUG - Starting evaluation of MATLAB expression: '2*5'
2024-12-23 13:42:51,832 - matlab_interface.evaluate_expression - INFO - Expression executed successfully in MATLAB.
2024-12-23 13:42:51,834 - matlab_interface.evaluate_expression - DEBUG - Is the result numeric? True
2024-12-23 13:42:51,836 - matlab_interface.evaluate_expression - DEBUG - Numeric result obtained: 10.0
2024-12-23 13:42:51,838 - matlab_interface.evaluate_expression - DEBUG - Cleared 'temp_result' from MATLAB workspace.
2024-12-23 13:42:51,838 - __main__ - DEBUG - Result: 10.0
2024-12-23 13:42:51,840 - __main__ - DEBUG - Cleared 'temp_result' from MATLAB workspace.
2024-12-23 13:43:25,370 - __main__ - DEBUG - Processing expression: int 1/x dx
2024-12-23 13:43:25,371 - __main__ - DEBUG - Converting trigonometric functions to degrees: int 1/x dx
2024-12-23 13:43:25,371 - __main__ - DEBUG - Expression after trig conversion: int 1/x dx
2024-12-23 13:43:25,372 - __main__ - DEBUG - Processed expression: int(1/x, x)
2024-12-23 13:43:25,372 - __main__ - DEBUG - Final MATLAB Expression: int(1/x, x)
2024-12-23 13:43:25,372 - matlab_interface.evaluate_expression - DEBUG - Starting evaluation of MATLAB expression: 'int(1/x, x)'
2024-12-23 13:43:25,504 - matlab_interface.evaluate_expression - INFO - Expression executed successfully in MATLAB.
2024-12-23 13:43:25,505 - matlab_interface.evaluate_expression - DEBUG - Is the result numeric? False
2024-12-23 13:43:25,542 - matlab_interface.evaluate_expression - DEBUG - Does the result have symbolic variables? True
2024-12-23 13:43:25,545 - matlab_interface.evaluate_expression - DEBUG - Symbolic result obtained: log(x)
2024-12-23 13:43:25,545 - matlab_interface.evaluate_expression - DEBUG - Formatting the result string.
2024-12-23 13:43:25,545 - matlab_interface.evaluate_expression - DEBUG - Formatted string: 'ln(x)'
2024-12-23 13:43:25,546 - matlab_interface.evaluate_expression - DEBUG - Cleared 'temp_result' from MATLAB workspace.
2024-12-23 13:43:25,547 - __main__ - DEBUG - Result: ln(x)
2024-12-23 13:43:25,548 - __main__ - DEBUG - Cleared 'temp_result' from MATLAB workspace.
2024-12-23 13:43:31,064 - __main__ - DEBUG - Processing expression: d/dx 2x
2024-12-23 13:43:31,064 - __main__ - DEBUG - Converting trigonometric functions to degrees: d/dx 2x
2024-12-23 13:43:31,064 - __main__ - DEBUG - Expression after trig conversion: d/dx 2x
2024-12-23 13:43:31,065 - __main__ - DEBUG - Processed expression: diff(2.*x, x)
2024-12-23 13:43:31,066 - __main__ - DEBUG - Final MATLAB Expression: diff(2.*x, x)
2024-12-23 13:43:31,066 - matlab_interface.evaluate_expression - DEBUG - Starting evaluation of MATLAB expression: 'diff(2.*x, x)'
2024-12-23 13:43:31,143 - matlab_interface.evaluate_expression - INFO - Expression executed successfully in MATLAB.
2024-12-23 13:43:31,144 - matlab_interface.evaluate_expression - DEBUG - Is the result numeric? False
2024-12-23 13:43:31,146 - matlab_interface.evaluate_expression - DEBUG - Does the result have symbolic variables? False
2024-12-23 13:43:31,149 - matlab_interface.evaluate_expression - DEBUG - Double result obtained: 2.0
2024-12-23 13:43:31,150 - matlab_interface.evaluate_expression - DEBUG - Cleared 'temp_result' from MATLAB workspace.
2024-12-23 13:43:31,150 - __main__ - DEBUG - Result: 2.0
2024-12-23 13:43:31,152 - __main__ - DEBUG - Cleared 'temp_result' from MATLAB workspace.
2024-12-23 13:43:35,750 - __main__ - DEBUG - Processing expression: d/dx x^3
2024-12-23 13:43:35,751 - __main__ - DEBUG - Converting trigonometric functions to degrees: d/dx x^3
2024-12-23 13:43:35,751 - __main__ - DEBUG - Expression after trig conversion: d/dx x^3
2024-12-23 13:43:35,751 - __main__ - DEBUG - Processed expression: diff(x^3, x)
2024-12-23 13:43:35,751 - __main__ - DEBUG - Final MATLAB Expression: diff(x^3, x)
2024-12-23 13:43:35,751 - matlab_interface.evaluate_expression - DEBUG - Starting evaluation of MATLAB expression: 'diff(x^3, x)'
2024-12-23 13:43:35,787 - matlab_interface.evaluate_expression - INFO - Expression executed successfully in MATLAB.
2024-12-23 13:43:35,788 - matlab_interface.evaluate_expression - DEBUG - Is the result numeric? False
2024-12-23 13:43:35,791 - matlab_interface.evaluate_expression - DEBUG - Does the result have symbolic variables? True
2024-12-23 13:43:35,794 - matlab_interface.evaluate_expression - DEBUG - Symbolic result obtained: 3*x^2
2024-12-23 13:43:35,794 - matlab_interface.evaluate_expression - DEBUG - Formatting the result string.
2024-12-23 13:43:35,794 - matlab_interface.evaluate_expression - DEBUG - Formatted string: '3*x^2'
2024-12-23 13:43:35,795 - matlab_interface.evaluate_expression - DEBUG - Cleared 'temp_result' from MATLAB workspace.
2024-12-23 13:43:35,795 - __main__ - DEBUG - Result: 3*x^2
2024-12-23 13:43:35,796 - __main__ - DEBUG - Cleared 'temp_result' from MATLAB workspace.
2024-12-23 13:43:41,206 - __main__ - DEBUG - Processing expression: int log10(x) dx
2024-12-23 13:43:41,206 - __main__ - DEBUG - Converting trigonometric functions to degrees: int log10(x) dx
2024-12-23 13:43:41,206 - __main__ - DEBUG - Expression after trig conversion: int log10(x) dx
2024-12-23 13:43:41,207 - __main__ - DEBUG - Processed expression: int(l.*og.*10.*(x), x)
2024-12-23 13:43:41,207 - __main__ - DEBUG - Final MATLAB Expression: int(l.*og.*10.*(x), x)
2024-12-23 13:43:41,207 - matlab_interface.evaluate_expression - DEBUG - Starting evaluation of MATLAB expression: 'int(l.*og.*10.*(x), x)'
2024-12-23 13:43:41,542 - matlab_interface.evaluate_expression - ERROR - MATLAB Execution Error: Unrecognized function or variable 'l'.
Traceback (most recent call last):
  File "/Users/goge/PycharmProjects/calculator_mat/matlab_interface/evaluate_expression.py", line 45, in evaluate_matlab_expression
    self.eng.eval(f"temp_result = {matlab_expression};", nargout=0)
  File "/Users/goge/PycharmProjects/calculator_mat/venv/lib/python3.9/site-packages/matlab/engine/matlabengine.py", line 70, in __call__
    return FutureResult(self._engine(), future, nargs, _stdout,
  File "/Users/goge/PycharmProjects/calculator_mat/venv/lib/python3.9/site-packages/matlab/engine/futureresult.py", line 62, in result
    return self.__future.result(timeout)
  File "/Users/goge/PycharmProjects/calculator_mat/venv/lib/python3.9/site-packages/matlab/engine/fevalfuture.py", line 76, in result
    self._result = pythonengine.getFEvalResult(self._future,self._nargout, None, out=self._out, err=self._err)
matlab.engine.MatlabExecutionError: Unrecognized function or variable 'l'.

2024-12-23 13:43:41,559 - matlab_interface.evaluate_expression - DEBUG - Cleared 'temp_result' from MATLAB workspace.
2024-12-23 13:43:41,560 - __main__ - ERROR - Error evaluating expression: MATLAB Error: Unrecognized function or variable 'l'.
Traceback (most recent call last):
  File "/Users/goge/PycharmProjects/calculator_mat/matlab_interface/evaluate_expression.py", line 45, in evaluate_matlab_expression
    self.eng.eval(f"temp_result = {matlab_expression};", nargout=0)
  File "/Users/goge/PycharmProjects/calculator_mat/venv/lib/python3.9/site-packages/matlab/engine/matlabengine.py", line 70, in __call__
    return FutureResult(self._engine(), future, nargs, _stdout,
  File "/Users/goge/PycharmProjects/calculator_mat/venv/lib/python3.9/site-packages/matlab/engine/futureresult.py", line 62, in result
    return self.__future.result(timeout)
  File "/Users/goge/PycharmProjects/calculator_mat/venv/lib/python3.9/site-packages/matlab/engine/fevalfuture.py", line 76, in result
    self._result = pythonengine.getFEvalResult(self._future,self._nargout, None, out=self._out, err=self._err)
matlab.engine.MatlabExecutionError: Unrecognized function or variable 'l'.


The above exception was the direct cause of the following exception:

Traceback (most recent call last):
  File "/Users/goge/PycharmProjects/calculator_mat/latex_pack/latex_calculation.py", line 20, in _handle_latex_calculation
    result = self._evaluate_and_format_result(matlab_expression)
  File "/Users/goge/PycharmProjects/calculator_mat/latex_pack/latex_calculation.py", line 211, in _evaluate_and_format_result
    result = evaluator.evaluate_matlab_expression(matlab_expression)
  File "/Users/goge/PycharmProjects/calculator_mat/matlab_interface/evaluate_expression.py", line 75, in evaluate_matlab_expression
    raise ValueError(f"MATLAB Error: {me}") from me
ValueError: MATLAB Error: Unrecognized function or variable 'l'.

2024-12-23 13:43:42,929 - __main__ - DEBUG - Cleared 'temp_result' from MATLAB workspace.
2024-12-23 13:51:41,137 - __main__ - INFO - Initializing Calculator Application
2024-12-23 13:51:52,957 - __main__ - INFO - MATLAB engine started successfully
2024-12-23 13:52:08,364 - __main__ - DEBUG - Processing expression: int log10(x) dx
2024-12-23 13:52:08,364 - __main__ - DEBUG - Converting trigonometric functions to degrees: int log10(x) dx
2024-12-23 13:52:08,366 - __main__ - DEBUG - Expression after trig conversion: int log10(x) dx
2024-12-23 13:52:08,368 - __main__ - DEBUG - Processed expression: int(l.*og.*10.*(x), x)
2024-12-23 13:52:08,368 - __main__ - DEBUG - Final MATLAB Expression: int(l.*og.*10.*(x), x)
2024-12-23 13:52:08,368 - matlab_interface.evaluate_expression - DEBUG - Starting evaluation of MATLAB expression: 'int(l.*og.*10.*(x), x)'
2024-12-23 13:52:08,703 - matlab_interface.evaluate_expression - ERROR - MATLAB Execution Error: Unrecognized function or variable 'l'.
Traceback (most recent call last):
  File "/Users/goge/PycharmProjects/calculator_mat/matlab_interface/evaluate_expression.py", line 45, in evaluate_matlab_expression
    self.eng.eval(f"temp_result = {matlab_expression};", nargout=0)
  File "/Users/goge/PycharmProjects/calculator_mat/venv/lib/python3.9/site-packages/matlab/engine/matlabengine.py", line 70, in __call__
    return FutureResult(self._engine(), future, nargs, _stdout,
  File "/Users/goge/PycharmProjects/calculator_mat/venv/lib/python3.9/site-packages/matlab/engine/futureresult.py", line 62, in result
    return self.__future.result(timeout)
  File "/Users/goge/PycharmProjects/calculator_mat/venv/lib/python3.9/site-packages/matlab/engine/fevalfuture.py", line 76, in result
    self._result = pythonengine.getFEvalResult(self._future,self._nargout, None, out=self._out, err=self._err)
matlab.engine.MatlabExecutionError: Unrecognized function or variable 'l'.

2024-12-23 13:52:08,721 - matlab_interface.evaluate_expression - DEBUG - Cleared 'temp_result' from MATLAB workspace.
2024-12-23 13:52:08,721 - __main__ - ERROR - Error evaluating expression: MATLAB Error: Unrecognized function or variable 'l'.
Traceback (most recent call last):
  File "/Users/goge/PycharmProjects/calculator_mat/matlab_interface/evaluate_expression.py", line 45, in evaluate_matlab_expression
    self.eng.eval(f"temp_result = {matlab_expression};", nargout=0)
  File "/Users/goge/PycharmProjects/calculator_mat/venv/lib/python3.9/site-packages/matlab/engine/matlabengine.py", line 70, in __call__
    return FutureResult(self._engine(), future, nargs, _stdout,
  File "/Users/goge/PycharmProjects/calculator_mat/venv/lib/python3.9/site-packages/matlab/engine/futureresult.py", line 62, in result
    return self.__future.result(timeout)
  File "/Users/goge/PycharmProjects/calculator_mat/venv/lib/python3.9/site-packages/matlab/engine/fevalfuture.py", line 76, in result
    self._result = pythonengine.getFEvalResult(self._future,self._nargout, None, out=self._out, err=self._err)
matlab.engine.MatlabExecutionError: Unrecognized function or variable 'l'.


The above exception was the direct cause of the following exception:

Traceback (most recent call last):
  File "/Users/goge/PycharmProjects/calculator_mat/latex_pack/latex_calculation.py", line 19, in _handle_latex_calculation
    result = self._evaluate_and_format_result(matlab_expression)
  File "/Users/goge/PycharmProjects/calculator_mat/latex_pack/latex_calculation.py", line 210, in _evaluate_and_format_result
    result = evaluator.evaluate_matlab_expression(matlab_expression)
  File "/Users/goge/PycharmProjects/calculator_mat/matlab_interface/evaluate_expression.py", line 75, in evaluate_matlab_expression
    raise ValueError(f"MATLAB Error: {me}") from me
ValueError: MATLAB Error: Unrecognized function or variable 'l'.

2024-12-23 13:52:10,306 - __main__ - DEBUG - Cleared 'temp_result' from MATLAB workspace.
2024-12-23 13:52:12,886 - __main__ - DEBUG - Processing expression: 1+1
2024-12-23 13:52:12,887 - __main__ - DEBUG - Converting trigonometric functions to degrees: 1+1
2024-12-23 13:52:12,887 - __main__ - DEBUG - Expression after trig conversion: 1+1
2024-12-23 13:52:12,887 - __main__ - DEBUG - Processed expression: 1+1
2024-12-23 13:52:12,887 - __main__ - DEBUG - Final MATLAB Expression: 1+1
2024-12-23 13:52:12,887 - matlab_interface.evaluate_expression - DEBUG - Starting evaluation of MATLAB expression: '1+1'
2024-12-23 13:52:12,892 - matlab_interface.evaluate_expression - INFO - Expression executed successfully in MATLAB.
2024-12-23 13:52:12,901 - matlab_interface.evaluate_expression - DEBUG - Is the result numeric? True
2024-12-23 13:52:12,903 - matlab_interface.evaluate_expression - DEBUG - Numeric result obtained: 2.0
2024-12-23 13:52:12,905 - matlab_interface.evaluate_expression - DEBUG - Cleared 'temp_result' from MATLAB workspace.
2024-12-23 13:52:12,907 - __main__ - DEBUG - Result: 2.0
2024-12-23 13:52:12,908 - __main__ - DEBUG - Cleared 'temp_result' from MATLAB workspace.
2024-12-23 13:52:19,870 - __main__ - DEBUG - Processing expression: d/dx 2x
2024-12-23 13:52:19,871 - __main__ - DEBUG - Converting trigonometric functions to degrees: d/dx 2x
2024-12-23 13:52:19,871 - __main__ - DEBUG - Expression after trig conversion: d/dx 2x
2024-12-23 13:52:19,872 - __main__ - DEBUG - Processed expression: diff(2.*x, x)
2024-12-23 13:52:19,872 - __main__ - DEBUG - Final MATLAB Expression: diff(2.*x, x)
2024-12-23 13:52:19,872 - matlab_interface.evaluate_expression - DEBUG - Starting evaluation of MATLAB expression: 'diff(2.*x, x)'
2024-12-23 13:52:19,991 - matlab_interface.evaluate_expression - INFO - Expression executed successfully in MATLAB.
2024-12-23 13:52:19,992 - matlab_interface.evaluate_expression - DEBUG - Is the result numeric? False
2024-12-23 13:52:19,995 - matlab_interface.evaluate_expression - DEBUG - Does the result have symbolic variables? False
2024-12-23 13:52:19,998 - matlab_interface.evaluate_expression - DEBUG - Double result obtained: 2.0
2024-12-23 13:52:19,999 - matlab_interface.evaluate_expression - DEBUG - Cleared 'temp_result' from MATLAB workspace.
2024-12-23 13:52:19,999 - __main__ - DEBUG - Result: 2.0
2024-12-23 13:52:20,000 - __main__ - DEBUG - Cleared 'temp_result' from MATLAB workspace.
2024-12-23 13:52:24,469 - __main__ - DEBUG - Processing expression: d/dx 2x^2
2024-12-23 13:52:24,469 - __main__ - DEBUG - Converting trigonometric functions to degrees: d/dx 2x^2
2024-12-23 13:52:24,470 - __main__ - DEBUG - Expression after trig conversion: d/dx 2x^2
2024-12-23 13:52:24,470 - __main__ - DEBUG - Processed expression: diff(2.*x^2, x)
2024-12-23 13:52:24,470 - __main__ - DEBUG - Final MATLAB Expression: diff(2.*x^2, x)
2024-12-23 13:52:24,470 - matlab_interface.evaluate_expression - DEBUG - Starting evaluation of MATLAB expression: 'diff(2.*x^2, x)'
2024-12-23 13:52:24,505 - matlab_interface.evaluate_expression - INFO - Expression executed successfully in MATLAB.
2024-12-23 13:52:24,507 - matlab_interface.evaluate_expression - DEBUG - Is the result numeric? False
2024-12-23 13:52:24,510 - matlab_interface.evaluate_expression - DEBUG - Does the result have symbolic variables? True
2024-12-23 13:52:24,515 - matlab_interface.evaluate_expression - DEBUG - Symbolic result obtained: 4*x
2024-12-23 13:52:24,515 - matlab_interface.evaluate_expression - DEBUG - Formatting the result string.
2024-12-23 13:52:24,515 - matlab_interface.evaluate_expression - DEBUG - Formatted string: '4*x'
2024-12-23 13:52:24,516 - matlab_interface.evaluate_expression - DEBUG - Cleared 'temp_result' from MATLAB workspace.
2024-12-23 13:52:24,516 - __main__ - DEBUG - Result: 4*x
2024-12-23 13:52:24,517 - __main__ - DEBUG - Cleared 'temp_result' from MATLAB workspace.
2024-12-23 13:52:29,906 - __main__ - DEBUG - Processing expression: int 1/x dx
2024-12-23 13:52:29,907 - __main__ - DEBUG - Converting trigonometric functions to degrees: int 1/x dx
2024-12-23 13:52:29,907 - __main__ - DEBUG - Expression after trig conversion: int 1/x dx
2024-12-23 13:52:29,907 - __main__ - DEBUG - Processed expression: int(1/x, x)
2024-12-23 13:52:29,907 - __main__ - DEBUG - Final MATLAB Expression: int(1/x, x)
2024-12-23 13:52:29,907 - matlab_interface.evaluate_expression - DEBUG - Starting evaluation of MATLAB expression: 'int(1/x, x)'
2024-12-23 13:52:30,036 - matlab_interface.evaluate_expression - INFO - Expression executed successfully in MATLAB.
2024-12-23 13:52:30,037 - matlab_interface.evaluate_expression - DEBUG - Is the result numeric? False
2024-12-23 13:52:30,056 - matlab_interface.evaluate_expression - DEBUG - Does the result have symbolic variables? True
2024-12-23 13:52:30,057 - matlab_interface.evaluate_expression - DEBUG - Symbolic result obtained: log(x)
2024-12-23 13:52:30,057 - matlab_interface.evaluate_expression - DEBUG - Formatting the result string.
2024-12-23 13:52:30,057 - matlab_interface.evaluate_expression - DEBUG - Formatted string: 'ln(x)'
2024-12-23 13:52:30,058 - matlab_interface.evaluate_expression - DEBUG - Cleared 'temp_result' from MATLAB workspace.
2024-12-23 13:52:30,059 - __main__ - DEBUG - Result: ln(x)
2024-12-23 13:52:30,060 - __main__ - DEBUG - Cleared 'temp_result' from MATLAB workspace.
2024-12-23 13:52:37,345 - __main__ - DEBUG - Processing expression: int log10(x) dx
2024-12-23 13:52:37,345 - __main__ - DEBUG - Converting trigonometric functions to degrees: int log10(x) dx
2024-12-23 13:52:37,345 - __main__ - DEBUG - Expression after trig conversion: int log10(x) dx
2024-12-23 13:52:37,346 - __main__ - DEBUG - Processed expression: int(l.*og.*10.*(x), x)
2024-12-23 13:52:37,346 - __main__ - DEBUG - Final MATLAB Expression: int(l.*og.*10.*(x), x)
2024-12-23 13:52:37,346 - matlab_interface.evaluate_expression - DEBUG - Starting evaluation of MATLAB expression: 'int(l.*og.*10.*(x), x)'
2024-12-23 13:52:37,380 - matlab_interface.evaluate_expression - ERROR - MATLAB Execution Error: Unrecognized function or variable 'l'.
Traceback (most recent call last):
  File "/Users/goge/PycharmProjects/calculator_mat/matlab_interface/evaluate_expression.py", line 45, in evaluate_matlab_expression
    self.eng.eval(f"temp_result = {matlab_expression};", nargout=0)
  File "/Users/goge/PycharmProjects/calculator_mat/venv/lib/python3.9/site-packages/matlab/engine/matlabengine.py", line 70, in __call__
    return FutureResult(self._engine(), future, nargs, _stdout,
  File "/Users/goge/PycharmProjects/calculator_mat/venv/lib/python3.9/site-packages/matlab/engine/futureresult.py", line 62, in result
    return self.__future.result(timeout)
  File "/Users/goge/PycharmProjects/calculator_mat/venv/lib/python3.9/site-packages/matlab/engine/fevalfuture.py", line 76, in result
    self._result = pythonengine.getFEvalResult(self._future,self._nargout, None, out=self._out, err=self._err)
matlab.engine.MatlabExecutionError: Unrecognized function or variable 'l'.

2024-12-23 13:52:37,382 - matlab_interface.evaluate_expression - DEBUG - Cleared 'temp_result' from MATLAB workspace.
2024-12-23 13:52:37,382 - __main__ - ERROR - Error evaluating expression: MATLAB Error: Unrecognized function or variable 'l'.
Traceback (most recent call last):
  File "/Users/goge/PycharmProjects/calculator_mat/matlab_interface/evaluate_expression.py", line 45, in evaluate_matlab_expression
    self.eng.eval(f"temp_result = {matlab_expression};", nargout=0)
  File "/Users/goge/PycharmProjects/calculator_mat/venv/lib/python3.9/site-packages/matlab/engine/matlabengine.py", line 70, in __call__
    return FutureResult(self._engine(), future, nargs, _stdout,
  File "/Users/goge/PycharmProjects/calculator_mat/venv/lib/python3.9/site-packages/matlab/engine/futureresult.py", line 62, in result
    return self.__future.result(timeout)
  File "/Users/goge/PycharmProjects/calculator_mat/venv/lib/python3.9/site-packages/matlab/engine/fevalfuture.py", line 76, in result
    self._result = pythonengine.getFEvalResult(self._future,self._nargout, None, out=self._out, err=self._err)
matlab.engine.MatlabExecutionError: Unrecognized function or variable 'l'.


The above exception was the direct cause of the following exception:

Traceback (most recent call last):
  File "/Users/goge/PycharmProjects/calculator_mat/latex_pack/latex_calculation.py", line 19, in _handle_latex_calculation
    result = self._evaluate_and_format_result(matlab_expression)
  File "/Users/goge/PycharmProjects/calculator_mat/latex_pack/latex_calculation.py", line 210, in _evaluate_and_format_result
    result = evaluator.evaluate_matlab_expression(matlab_expression)
  File "/Users/goge/PycharmProjects/calculator_mat/matlab_interface/evaluate_expression.py", line 75, in evaluate_matlab_expression
    raise ValueError(f"MATLAB Error: {me}") from me
ValueError: MATLAB Error: Unrecognized function or variable 'l'.

2024-12-23 13:52:38,505 - __main__ - DEBUG - Cleared 'temp_result' from MATLAB workspace.
2024-12-23 14:13:15,637 - __main__ - INFO - Initializing Calculator Application
2024-12-23 14:13:27,091 - __main__ - INFO - MATLAB engine started successfully
2024-12-23 14:14:03,044 - __main__ - DEBUG - Processing expression: 1+1
2024-12-23 14:14:03,046 - __main__ - DEBUG - Final MATLAB Expression: 1+1
2024-12-23 14:14:03,046 - __main__ - DEBUG - Final MATLAB Expression: 1+1
2024-12-23 14:14:03,046 - matlab_interface.evaluate_expression - DEBUG - Starting evaluation of MATLAB expression: '1+1'
2024-12-23 14:14:03,096 - matlab_interface.evaluate_expression - INFO - Expression executed successfully in MATLAB.
2024-12-23 14:14:03,110 - matlab_interface.evaluate_expression - DEBUG - Is the result numeric? True
2024-12-23 14:14:03,112 - matlab_interface.evaluate_expression - DEBUG - Numeric result obtained: 2.0
2024-12-23 14:14:03,114 - matlab_interface.evaluate_expression - DEBUG - Cleared 'temp_result' from MATLAB workspace.
2024-12-23 14:14:03,116 - __main__ - DEBUG - Result: 2.0
2024-12-23 14:14:03,119 - __main__ - DEBUG - Cleared 'temp_result' from MATLAB workspace.
2024-12-23 14:14:20,048 - __main__ - DEBUG - Processing expression: int log10(x) dx
2024-12-23 14:14:20,049 - __main__ - DEBUG - Processing integral: int log10(x) dx
2024-12-23 14:14:20,049 - __main__ - DEBUG - Converted integral to MATLAB expression: int(log10(x), x)
2024-12-23 14:14:20,050 - __main__ - DEBUG - Final MATLAB Expression: int(log10(x), x)
2024-12-23 14:14:20,050 - matlab_interface.evaluate_expression - DEBUG - Starting evaluation of MATLAB expression: 'int(log10(x), x)'
2024-12-23 14:14:20,313 - matlab_interface.evaluate_expression - INFO - Expression executed successfully in MATLAB.
2024-12-23 14:14:20,314 - matlab_interface.evaluate_expression - DEBUG - Is the result numeric? False
2024-12-23 14:14:20,370 - matlab_interface.evaluate_expression - DEBUG - Does the result have symbolic variables? True
2024-12-23 14:14:20,374 - matlab_interface.evaluate_expression - DEBUG - Symbolic result obtained: (x*(log(x) - 1))/log(10)
2024-12-23 14:14:20,375 - matlab_interface.evaluate_expression - DEBUG - Formatting the result string.
2024-12-23 14:14:20,375 - matlab_interface.evaluate_expression - DEBUG - Formatted string: '(x*(ln(x) - 1))/ln(10)'
2024-12-23 14:14:20,376 - matlab_interface.evaluate_expression - DEBUG - Cleared 'temp_result' from MATLAB workspace.
2024-12-23 14:14:20,376 - __main__ - DEBUG - Result: (x*(ln(x) - 1))/ln(10)
2024-12-23 14:14:20,377 - __main__ - DEBUG - Cleared 'temp_result' from MATLAB workspace.
2024-12-23 14:20:03,144 - __main__ - INFO - Initializing Calculator Application
2024-12-23 14:20:14,388 - __main__ - INFO - MATLAB engine started successfully
2024-12-23 14:21:59,034 - __main__ - DEBUG - Processing expression: int log10(x) dx
2024-12-23 14:21:59,035 - __main__ - DEBUG - Processing integral: int log10(x) dx
2024-12-23 14:21:59,036 - __main__ - DEBUG - Converted integral to MATLAB expression: int(log10(x), x)
2024-12-23 14:21:59,036 - __main__ - DEBUG - Final MATLAB Expression: int(log10(x), x)
2024-12-23 14:21:59,036 - matlab_interface.evaluate_expression - DEBUG - Starting evaluation of MATLAB expression: 'int(log10(x), x)'
2024-12-23 14:21:59,240 - matlab_interface.evaluate_expression - INFO - Expression executed successfully in MATLAB.
2024-12-23 14:21:59,246 - matlab_interface.evaluate_expression - DEBUG - Is the result numeric? False
2024-12-23 14:21:59,283 - matlab_interface.evaluate_expression - DEBUG - Does the result have symbolic variables? True
2024-12-23 14:21:59,287 - matlab_interface.evaluate_expression - DEBUG - Symbolic result obtained: (x*(log(x) - 1))/log(10)
2024-12-23 14:21:59,287 - matlab_interface.evaluate_expression - DEBUG - Formatting the result string.
2024-12-23 14:21:59,287 - matlab_interface.evaluate_expression - DEBUG - Formatted string: '(x*(ln(x) - 1))/ln(10)'
2024-12-23 14:21:59,289 - matlab_interface.evaluate_expression - DEBUG - Cleared 'temp_result' from MATLAB workspace.
2024-12-23 14:21:59,291 - __main__ - DEBUG - Result: (x*(ln(x) - 1))/ln(10)
2024-12-23 14:21:59,293 - __main__ - DEBUG - Cleared 'temp_result' from MATLAB workspace.
2024-12-23 14:35:55,305 - __main__ - INFO - Initializing Calculator Application
2024-12-23 14:36:06,828 - __main__ - INFO - MATLAB engine started successfully
2024-12-23 14:42:35,292 - __main__ - DEBUG - Processing expression: int log10(x) dx
2024-12-23 14:42:35,294 - __main__ - DEBUG - Processing integral: int log10(x) dx
2024-12-23 14:42:35,294 - __main__ - DEBUG - Converted integral to MATLAB expression: int(log10(x), x)
2024-12-23 14:42:35,294 - __main__ - DEBUG - Final MATLAB Expression: int(log10(x), x)
2024-12-23 14:42:35,870 - __main__ - DEBUG - Result: (x*(ln(x) - 1))/ln(10)
2024-12-23 14:42:35,872 - __main__ - DEBUG - Cleared 'temp_result' from MATLAB workspace.
2024-12-23 14:46:46,820 - __main__ - INFO - Initializing Calculator Application
2024-12-23 14:46:58,787 - __main__ - INFO - MATLAB engine started successfully
2024-12-23 14:48:11,031 - __main__ - INFO - Initializing Calculator Application
2024-12-23 14:48:23,338 - __main__ - INFO - MATLAB engine started successfully
2024-12-23 14:53:38,867 - __main__ - INFO - Initializing Calculator Application
2024-12-23 14:53:51,545 - __main__ - INFO - MATLAB engine started successfully
2024-12-23 14:54:22,651 - __main__ - INFO - Initializing Calculator Application
2024-12-23 14:54:33,589 - __main__ - INFO - MATLAB engine started successfully
2024-12-23 14:55:36,069 - __main__ - INFO - Initializing Calculator Application
2024-12-23 14:55:46,997 - __main__ - INFO - MATLAB engine started successfully
2024-12-23 14:56:52,073 - __main__ - INFO - Initializing Calculator Application
2024-12-23 14:57:02,622 - __main__ - INFO - MATLAB engine started successfully
2024-12-23 14:57:08,966 - __main__ - DEBUG - Processing expression: int 1/x dx
2024-12-23 14:57:08,966 - __main__ - DEBUG - Processing integral: int 1/x dx
2024-12-23 14:57:08,966 - __main__ - DEBUG - Converted integral to MATLAB expression: int(1/x, x)
2024-12-23 14:57:08,966 - __main__ - DEBUG - Final MATLAB Expression: int(1/x, x)
2024-12-23 14:57:09,129 - __main__ - DEBUG - Result: ln(x)
2024-12-23 14:57:09,130 - __main__ - DEBUG - Cleared 'temp_result' from MATLAB workspace.
2024-12-23 14:57:12,261 - __main__ - DEBUG - Processing expression: 1+1
2024-12-23 14:57:12,264 - __main__ - DEBUG - Final MATLAB Expression: 1+1
2024-12-23 14:57:12,264 - __main__ - DEBUG - Final MATLAB Expression: 1+1
2024-12-23 14:57:12,278 - __main__ - DEBUG - Result: 2.0
2024-12-23 14:57:12,280 - __main__ - DEBUG - Cleared 'temp_result' from MATLAB workspace.
2024-12-23 15:04:24,129 - __main__ - INFO - Initializing Calculator Application
2024-12-23 15:04:37,621 - __main__ - INFO - MATLAB engine started successfully
2024-12-23 15:05:26,259 - __main__ - DEBUG - Processing expression: int log10(x) dx
2024-12-23 15:05:26,259 - __main__ - DEBUG - Processing integral: int log10(x) dx
2024-12-23 15:05:26,259 - __main__ - DEBUG - Converted integral to MATLAB expression: int(log10(x), x)
2024-12-23 15:05:26,260 - __main__ - DEBUG - Final MATLAB Expression: int(log10(x), x)
2024-12-23 15:05:26,666 - __main__ - DEBUG - Result: (x*(ln(x) - 1))/ln(10)
2024-12-23 15:05:26,668 - __main__ - DEBUG - Cleared 'temp_result' from MATLAB workspace.
2024-12-23 15:15:03,063 - __main__ - INFO - Initializing Calculator Application
2024-12-23 15:15:15,708 - __main__ - INFO - Initializing Calculator Application
2024-12-23 15:15:24,032 - __main__ - INFO - MATLAB engine started successfully
2024-12-23 15:15:31,676 - __main__ - DEBUG - MATLAB Expression for evaluation: int log10(x) dx
2024-12-23 15:15:31,768 - __main__ - ERROR - Error in LaTeX calculation: Invalid expression. Check for missing multiplication operator, missing or unbalanced delimiters, or other syntax error. To construct matrices, use brackets instead of parentheses.
Traceback (most recent call last):
  File "/Users/goge/PycharmProjects/calculator_mat/main.py", line 791, in handle_latex_calculation
    matlab_result = self.handle_integral(matlab_expression)
  File "/Users/goge/PycharmProjects/calculator_mat/main.py", line 854, in handle_integral
    self.eng.eval(f"result = {matlab_expression};", nargout=0)
  File "/Users/goge/PycharmProjects/calculator_mat/venv/lib/python3.9/site-packages/matlab/engine/matlabengine.py", line 70, in __call__
    return FutureResult(self._engine(), future, nargs, _stdout,
  File "/Users/goge/PycharmProjects/calculator_mat/venv/lib/python3.9/site-packages/matlab/engine/futureresult.py", line 62, in result
    return self.__future.result(timeout)
  File "/Users/goge/PycharmProjects/calculator_mat/venv/lib/python3.9/site-packages/matlab/engine/fevalfuture.py", line 76, in result
    self._result = pythonengine.getFEvalResult(self._future,self._nargout, None, out=self._out, err=self._err)
SyntaxError: Invalid expression. Check for missing multiplication operator, missing or unbalanced delimiters, or other syntax error. To construct matrices, use brackets instead of parentheses.

2024-12-23 15:15:52,629 - __main__ - INFO - Initializing Calculator Application
2024-12-23 15:16:00,826 - __main__ - INFO - MATLAB engine started successfully
2024-12-23 15:16:22,964 - __main__ - DEBUG - MATLAB Expression for evaluation: int 1/x dx
2024-12-23 15:16:23,060 - __main__ - ERROR - Error in LaTeX calculation: Invalid expression. Check for missing multiplication operator, missing or unbalanced delimiters, or other syntax error. To construct matrices, use brackets instead of parentheses.
Traceback (most recent call last):
  File "/Users/goge/PycharmProjects/calculator_mat/main.py", line 791, in handle_latex_calculation
    matlab_result = self.handle_integral(matlab_expression)
  File "/Users/goge/PycharmProjects/calculator_mat/main.py", line 882, in handle_integral
    self.eng.eval(f"result = {matlab_expression};", nargout=0)
  File "/Users/goge/PycharmProjects/calculator_mat/venv/lib/python3.9/site-packages/matlab/engine/matlabengine.py", line 70, in __call__
    return FutureResult(self._engine(), future, nargs, _stdout,
  File "/Users/goge/PycharmProjects/calculator_mat/venv/lib/python3.9/site-packages/matlab/engine/futureresult.py", line 62, in result
    return self.__future.result(timeout)
  File "/Users/goge/PycharmProjects/calculator_mat/venv/lib/python3.9/site-packages/matlab/engine/fevalfuture.py", line 76, in result
    self._result = pythonengine.getFEvalResult(self._future,self._nargout, None, out=self._out, err=self._err)
SyntaxError: Invalid expression. Check for missing multiplication operator, missing or unbalanced delimiters, or other syntax error. To construct matrices, use brackets instead of parentheses.

2024-12-23 15:17:38,239 - __main__ - INFO - Initializing Calculator Application
2024-12-23 15:17:46,301 - __main__ - INFO - MATLAB engine started successfully
2024-12-23 15:18:09,985 - __main__ - DEBUG - MATLAB Expression for evaluation: int 1/x dx
2024-12-23 15:18:10,037 - __main__ - ERROR - Error in LaTeX calculation: Invalid expression. Check for missing multiplication operator, missing or unbalanced delimiters, or other syntax error. To construct matrices, use brackets instead of parentheses.
Traceback (most recent call last):
  File "/Users/goge/PycharmProjects/calculator_mat/main.py", line 791, in handle_latex_calculation
    matlab_result = self.handle_integral(matlab_expression)
  File "/Users/goge/PycharmProjects/calculator_mat/main.py", line 892, in handle_integral
    self.eng.eval(matlab_cmd, nargout=0)
  File "/Users/goge/PycharmProjects/calculator_mat/venv/lib/python3.9/site-packages/matlab/engine/matlabengine.py", line 70, in __call__
    return FutureResult(self._engine(), future, nargs, _stdout,
  File "/Users/goge/PycharmProjects/calculator_mat/venv/lib/python3.9/site-packages/matlab/engine/futureresult.py", line 62, in result
    return self.__future.result(timeout)
  File "/Users/goge/PycharmProjects/calculator_mat/venv/lib/python3.9/site-packages/matlab/engine/fevalfuture.py", line 76, in result
    self._result = pythonengine.getFEvalResult(self._future,self._nargout, None, out=self._out, err=self._err)
SyntaxError: Invalid expression. Check for missing multiplication operator, missing or unbalanced delimiters, or other syntax error. To construct matrices, use brackets instead of parentheses.

2024-12-23 15:18:48,465 - __main__ - INFO - Initializing Calculator Application
2024-12-23 15:18:56,728 - __main__ - INFO - MATLAB engine started successfully
2024-12-23 15:19:04,506 - __main__ - DEBUG - MATLAB Expression for evaluation: int 1/x dx
2024-12-23 15:19:04,564 - __main__ - ERROR - Error in LaTeX calculation: Invalid expression. Check for missing multiplication operator, missing or unbalanced delimiters, or other syntax error. To construct matrices, use brackets instead of parentheses.
Traceback (most recent call last):
  File "/Users/goge/PycharmProjects/calculator_mat/main.py", line 791, in handle_latex_calculation
    matlab_result = self.handle_integral(matlab_expression)
  File "/Users/goge/PycharmProjects/calculator_mat/main.py", line 892, in handle_integral
    self.eng.eval(matlab_cmd, nargout=0)
  File "/Users/goge/PycharmProjects/calculator_mat/venv/lib/python3.9/site-packages/matlab/engine/matlabengine.py", line 70, in __call__
    return FutureResult(self._engine(), future, nargs, _stdout,
  File "/Users/goge/PycharmProjects/calculator_mat/venv/lib/python3.9/site-packages/matlab/engine/futureresult.py", line 62, in result
    return self.__future.result(timeout)
  File "/Users/goge/PycharmProjects/calculator_mat/venv/lib/python3.9/site-packages/matlab/engine/fevalfuture.py", line 76, in result
    self._result = pythonengine.getFEvalResult(self._future,self._nargout, None, out=self._out, err=self._err)
SyntaxError: Invalid expression. Check for missing multiplication operator, missing or unbalanced delimiters, or other syntax error. To construct matrices, use brackets instead of parentheses.

2024-12-23 15:20:53,722 - __main__ - INFO - Initializing Calculator Application
2024-12-23 15:21:03,181 - __main__ - INFO - MATLAB engine started successfully
2024-12-23 15:22:33,802 - __main__ - DEBUG - MATLAB Expression for evaluation: 1+1
2024-12-23 15:22:33,863 - __main__ - DEBUG - Executing MATLAB command: result = 1+1;
2024-12-23 15:22:33,874 - __main__ - DEBUG - Displayed Result: 
2024-12-23 15:24:20,939 - __main__ - INFO - Initializing Calculator Application
2024-12-23 15:24:29,613 - __main__ - INFO - MATLAB engine started successfully
2024-12-23 15:25:42,262 - __main__ - DEBUG - MATLAB Expression for evaluation: int 1/x dx
2024-12-23 15:25:42,329 - __main__ - DEBUG - Executing MATLAB command: result = int(1/x, x);
2024-12-23 15:25:42,457 - __main__ - DEBUG - Raw result: log(x)
2024-12-23 15:25:42,457 - __main__ - DEBUG - Final displayed result: ln(x)
2024-12-23 15:25:42,457 - __main__ - DEBUG - Displayed Result: ln(x)
2024-12-23 15:25:47,819 - __main__ - DEBUG - MATLAB Expression for evaluation: 1+1
2024-12-23 15:25:47,863 - __main__ - DEBUG - Executing MATLAB command: result = 1+1;
2024-12-23 15:25:47,868 - __main__ - DEBUG - Raw result: 2.0
2024-12-23 15:25:47,868 - __main__ - DEBUG - Final displayed result: 2.0
2024-12-23 15:25:47,868 - __main__ - DEBUG - Displayed Result: 2.0
2024-12-23 15:25:53,384 - __main__ - DEBUG - MATLAB Expression for evaluation: sin(30)
2024-12-23 15:25:53,400 - __main__ - DEBUG - Executing MATLAB command: result = sin(30);
2024-12-23 15:25:53,407 - __main__ - DEBUG - Raw result: -0.9880316240928618
2024-12-23 15:25:53,407 - __main__ - DEBUG - Final displayed result: -0.9880316240928618
2024-12-23 15:25:53,407 - __main__ - DEBUG - Displayed Result: -0.9880316240928618
2024-12-23 15:27:46,094 - __main__ - DEBUG - MATLAB Expression for evaluation: 2x + 1 = 0
2024-12-23 15:27:46,135 - __main__ - DEBUG - Executing MATLAB command: result = 2x + 1 = 0;
2024-12-23 15:27:46,277 - __main__ - ERROR - Error in handle_integral: Invalid expression. Check for missing multiplication operator, missing or unbalanced delimiters, or other syntax error. To construct matrices, use brackets instead of parentheses.

2024-12-23 15:27:46,277 - __main__ - ERROR - Error in LaTeX calculation: Invalid expression. Check for missing multiplication operator, missing or unbalanced delimiters, or other syntax error. To construct matrices, use brackets instead of parentheses.
Traceback (most recent call last):
  File "/Users/goge/PycharmProjects/calculator_mat/main.py", line 791, in handle_latex_calculation
    matlab_result = self.handle_integral(matlab_expression)
  File "/Users/goge/PycharmProjects/calculator_mat/main.py", line 899, in handle_integral
    self.eng.eval(matlab_cmd, nargout=0)
  File "/Users/goge/PycharmProjects/calculator_mat/venv/lib/python3.9/site-packages/matlab/engine/matlabengine.py", line 70, in __call__
    return FutureResult(self._engine(), future, nargs, _stdout,
  File "/Users/goge/PycharmProjects/calculator_mat/venv/lib/python3.9/site-packages/matlab/engine/futureresult.py", line 62, in result
    return self.__future.result(timeout)
  File "/Users/goge/PycharmProjects/calculator_mat/venv/lib/python3.9/site-packages/matlab/engine/fevalfuture.py", line 76, in result
    self._result = pythonengine.getFEvalResult(self._future,self._nargout, None, out=self._out, err=self._err)
SyntaxError: Invalid expression. Check for missing multiplication operator, missing or unbalanced delimiters, or other syntax error. To construct matrices, use brackets instead of parentheses.

2024-12-23 15:28:23,414 - __main__ - INFO - Initializing Calculator Application
2024-12-23 15:28:32,251 - __main__ - INFO - MATLAB engine started successfully
2024-12-23 15:28:36,962 - __main__ - DEBUG - MATLAB Expression for evaluation: sin(30)
2024-12-23 15:28:37,000 - __main__ - DEBUG - Executing MATLAB command: result = sind(30);
2024-12-23 15:28:37,006 - __main__ - DEBUG - Raw result: 0.5
2024-12-23 15:28:37,006 - __main__ - DEBUG - Final displayed result: 0.5
2024-12-23 15:28:37,006 - __main__ - DEBUG - Displayed Result: 0.5
2024-12-23 15:28:42,982 - __main__ - DEBUG - MATLAB Expression for evaluation: sin(pi/6)
2024-12-23 15:28:43,002 - __main__ - DEBUG - Executing MATLAB command: result = sin(pi/6);
2024-12-23 15:28:43,008 - __main__ - DEBUG - Raw result: 0.49999999999999994
2024-12-23 15:28:43,008 - __main__ - DEBUG - Final displayed result: 0.49999999999999994
2024-12-23 15:28:43,008 - __main__ - DEBUG - Displayed Result: 0.49999999999999994
2024-12-23 15:29:12,579 - __main__ - INFO - Initializing Calculator Application
2024-12-23 15:29:20,678 - __main__ - INFO - MATLAB engine started successfully
2024-12-23 15:29:47,148 - __main__ - DEBUG - MATLAB Expression for evaluation: int sin(x) dx
2024-12-23 15:29:47,213 - __main__ - ERROR - Error in handle_integral: Invalid integral format
2024-12-23 15:29:47,214 - __main__ - ERROR - Error in LaTeX calculation: Invalid integral format
Traceback (most recent call last):
  File "/Users/goge/PycharmProjects/calculator_mat/main.py", line 791, in handle_latex_calculation
    matlab_result = self.handle_integral(matlab_expression)
  File "/Users/goge/PycharmProjects/calculator_mat/main.py", line 894, in handle_integral
    raise ValueError("Invalid integral format")
ValueError: Invalid integral format
2024-12-23 15:29:55,880 - __main__ - DEBUG - MATLAB Expression for evaluation: int log10(x) dx
2024-12-23 15:29:55,898 - __main__ - DEBUG - Executing MATLAB command: result = int(log10(x), x);
2024-12-23 15:29:56,066 - __main__ - DEBUG - Raw result: (x*(log(x) - 1))/log(10)
2024-12-23 15:29:56,067 - __main__ - DEBUG - Final displayed result: (x*(ln(x) - 1))/ln(10)
2024-12-23 15:29:56,067 - __main__ - DEBUG - Displayed Result: (x*(ln(x) - 1))/ln(10)
2024-12-23 15:31:45,716 - __main__ - INFO - Initializing Calculator Application
2024-12-23 15:31:54,647 - __main__ - INFO - MATLAB engine started successfully
2024-12-23 15:32:47,727 - __main__ - DEBUG - MATLAB Expression for evaluation: int log10(x) dx
2024-12-23 15:32:47,954 - __main__ - DEBUG - Executing MATLAB command: result = int(log10(x), x);
2024-12-23 15:32:48,193 - __main__ - DEBUG - Raw result: (x*(log(x) - 1))/log(10)
2024-12-23 15:32:48,193 - __main__ - DEBUG - Final displayed result: (x*(ln(x) - 1))/ln(10)
2024-12-23 15:32:48,193 - __main__ - DEBUG - Displayed Result: (x*(ln(x) - 1))/ln(10)
2024-12-23 15:32:53,179 - __main__ - DEBUG - MATLAB Expression for evaluation: int sin(x) dx
2024-12-23 15:32:53,223 - __main__ - DEBUG - Executing MATLAB command: result = int(sind(x), x);
2024-12-23 15:32:53,454 - __main__ - DEBUG - Raw result: -(180*cos((x*pi)/180))/pi
2024-12-23 15:32:53,454 - __main__ - DEBUG - Final displayed result: -(180*cos((x*pi)/180))/pi
2024-12-23 15:32:53,454 - __main__ - DEBUG - Displayed Result: -(180*cos((x*pi)/180))/pi
2024-12-23 15:35:48,287 - __main__ - INFO - Initializing Calculator Application
2024-12-23 15:35:58,839 - __main__ - INFO - MATLAB engine started successfully
2024-12-23 15:40:00,049 - __main__ - DEBUG - MATLAB Expression for evaluation: log10(2)
2024-12-23 15:40:00,108 - __main__ - DEBUG - Executing MATLAB command: result = log10(2);
2024-12-23 15:40:00,121 - __main__ - DEBUG - Raw result: 0.3010299956639812
2024-12-23 15:40:00,122 - __main__ - DEBUG - Final displayed result: 0.3010299956639812
2024-12-23 15:40:00,122 - __main__ - DEBUG - Displayed Result: 0.3010299956639812
2024-12-23 15:43:06,059 - __main__ - INFO - Initializing Calculator Application
2024-12-23 15:43:14,586 - __main__ - INFO - MATLAB engine started successfully
2024-12-23 15:44:24,655 - __main__ - DEBUG - MATLAB Expression for evaluation: log10(2)
2024-12-23 15:44:24,725 - __main__ - DEBUG - Executing MATLAB command: result = log10(2);
2024-12-23 15:44:24,735 - __main__ - DEBUG - Raw result: 0.3010299956639812
2024-12-23 15:44:24,735 - __main__ - DEBUG - Final displayed result: 0.3010299956639812
2024-12-23 15:44:24,735 - __main__ - DEBUG - Displayed Result: 0.3010299956639812
2024-12-23 15:44:35,174 - __main__ - DEBUG - MATLAB Expression for evaluation: log10(2)
2024-12-23 15:44:35,189 - __main__ - DEBUG - Executing MATLAB command: result = log10(2);
2024-12-23 15:44:35,193 - __main__ - DEBUG - Raw result: 0.3010299956639812
2024-12-23 15:44:35,194 - __main__ - DEBUG - Final displayed result: 0.3010299956639812
2024-12-23 15:44:35,194 - __main__ - DEBUG - Displayed Result: 0.3010299956639812
2024-12-23 15:46:22,067 - __main__ - INFO - Initializing Calculator Application
2024-12-23 15:46:30,030 - __main__ - INFO - MATLAB engine started successfully
2024-12-23 15:49:09,883 - __main__ - DEBUG - MATLAB Expression for evaluation: log10(2)
2024-12-23 15:49:09,949 - __main__ - DEBUG - Executing MATLAB command: result = log10(2);
2024-12-23 15:49:09,957 - __main__ - DEBUG - Raw result: 0.3010299956639812
2024-12-23 15:49:09,957 - __main__ - DEBUG - Final displayed result: 0.3010299956639812
2024-12-23 15:49:09,957 - __main__ - DEBUG - Displayed Result: 0.3010299956639812
2024-12-23 15:49:42,610 - __main__ - INFO - Initializing Calculator Application
2024-12-23 15:49:51,026 - __main__ - INFO - MATLAB engine started successfully
2024-12-23 15:50:01,811 - __main__ - DEBUG - MATLAB Expression for evaluation: log10(2)
2024-12-23 15:50:01,860 - __main__ - DEBUG - Executing MATLAB command: result = log10(2);
2024-12-23 15:50:01,872 - __main__ - DEBUG - Raw result: 0.3010299956639812
2024-12-23 15:50:01,872 - __main__ - DEBUG - Final displayed result: 0.3010299956639812
2024-12-23 15:50:01,872 - __main__ - DEBUG - Displayed Result: 0.3010299956639812
