2024-12-24 12:46:31,286 - __main__ - INFO - Initializing Calculator Application
2024-12-24 12:46:50,454 - __main__ - INFO - MATLAB engine started successfully
2024-12-24 12:46:56,865 - __main__ - DEBUG - Original expression: 'ln(2)'
2024-12-24 12:46:56,894 - __main__ - DEBUG - Expression is numeric? False
2024-12-24 12:46:56,894 - __main__ - DEBUG - Displayed Result: 0.6931471805599453
2024-12-24 12:47:01,595 - __main__ - DEBUG - Original expression: 'int 1/x dx'
2024-12-24 12:47:01,688 - __main__ - ERROR - Error in LaTeX calculation: Unexpected Error: Invalid expression. Check for missing multiplication operator, missing or unbalanced delimiters, or other syntax error. To construct matrices, use brackets instead of parentheses.
Traceback (most recent call last):
  File "/Users/goge/PycharmProjects/calculator_mat/matlab_interface/evaluate_expression.py", line 100, in evaluate_matlab_expression
    self.eng.eval(matlab_cmd, nargout=0)
  File "/Users/goge/PycharmProjects/calculator_mat/venv/lib/python3.9/site-packages/matlab/engine/matlabengine.py", line 70, in __call__
    return FutureResult(self._engine(), future, nargs, _stdout,
  File "/Users/goge/PycharmProjects/calculator_mat/venv/lib/python3.9/site-packages/matlab/engine/futureresult.py", line 62, in result
    return self.__future.result(timeout)
  File "/Users/goge/PycharmProjects/calculator_mat/venv/lib/python3.9/site-packages/matlab/engine/fevalfuture.py", line 76, in result
    self._result = pythonengine.getFEvalResult(self._future,self._nargout, None, out=self._out, err=self._err)
SyntaxError: Invalid expression. Check for missing multiplication operator, missing or unbalanced delimiters, or other syntax error. To construct matrices, use brackets instead of parentheses.


The above exception was the direct cause of the following exception:

Traceback (most recent call last):
  File "/Users/goge/PycharmProjects/calculator_mat/main.py", line 791, in handle_latex_calculation
    matlab_result = self.evaluate_expression(expression)
  File "/Users/goge/PycharmProjects/calculator_mat/main.py", line 820, in evaluate_expression
    return self.evaluator.evaluate_matlab_expression(matlab_expression)
  File "/Users/goge/PycharmProjects/calculator_mat/matlab_interface/evaluate_expression.py", line 130, in evaluate_matlab_expression
    raise ValueError(f"Unexpected Error: {e}") from e
ValueError: Unexpected Error: Invalid expression. Check for missing multiplication operator, missing or unbalanced delimiters, or other syntax error. To construct matrices, use brackets instead of parentheses.

2024-12-24 12:48:46,551 - __main__ - DEBUG - Original expression: 'sin(30)'
2024-12-24 12:48:46,617 - __main__ - DEBUG - Expression is numeric? False
2024-12-24 12:48:46,618 - __main__ - DEBUG - Displayed Result: -0.9880316240928618
2024-12-24 12:48:53,225 - __main__ - DEBUG - Original expression: 'sin(pi/6)'
2024-12-24 12:48:53,256 - __main__ - DEBUG - Expression is numeric? False
2024-12-24 12:48:53,256 - __main__ - DEBUG - Displayed Result: 0.49999999999999994
2024-12-24 12:48:59,576 - __main__ - DEBUG - Original expression: 'tan(0)'
2024-12-24 12:48:59,583 - __main__ - DEBUG - Expression is numeric? False
2024-12-24 12:48:59,583 - __main__ - DEBUG - Displayed Result: 0.0
2024-12-24 12:54:07,627 - __main__ - INFO - Initializing Calculator Application
2024-12-24 12:54:16,957 - __main__ - INFO - MATLAB engine started successfully
2024-12-24 12:54:25,670 - __main__ - DEBUG - Original expression: 'int 1/x dx'
2024-12-24 12:54:25,686 - __main__ - ERROR - SymPy parsing error: Sympify of expression 'could not parse 'int 1/x dx'' failed, because of exception being raised:
SyntaxError: invalid syntax (<unknown>, line 1)
2024-12-24 12:54:25,686 - __main__ - ERROR - Error in LaTeX calculation: Invalid expression format: Sympify of expression 'could not parse 'int 1/x dx'' failed, because of exception being raised:
SyntaxError: invalid syntax (<unknown>, line 1)
Traceback (most recent call last):
  File "/Users/goge/PycharmProjects/calculator_mat/venv/lib/python3.9/site-packages/sympy/core/sympify.py", line 481, in sympify
    expr = parse_expr(a, local_dict=locals, transformations=transformations, evaluate=evaluate)
  File "/Users/goge/PycharmProjects/calculator_mat/venv/lib/python3.9/site-packages/sympy/parsing/sympy_parser.py", line 1078, in parse_expr
    code = compile(evaluateFalse(code), '<string>', 'eval') # type: ignore
  File "/Users/goge/PycharmProjects/calculator_mat/venv/lib/python3.9/site-packages/sympy/parsing/sympy_parser.py", line 1097, in evaluateFalse
    node = ast.parse(s)
  File "/Library/Developer/CommandLineTools/Library/Frameworks/Python3.framework/Versions/3.9/lib/python3.9/ast.py", line 50, in parse
    return compile(source, filename, mode, flags,
  File "<unknown>", line 1
    Symbol ('int' )Integer (1 )/Symbol ('x' )Symbol ('dx' )
                   ^
SyntaxError: invalid syntax

During handling of the above exception, another exception occurred:

Traceback (most recent call last):
  File "/Users/goge/PycharmProjects/calculator_mat/main.py", line 850, in _parse_expression
    sympy_expr = sy.sympify(expression, evaluate=False)
  File "/Users/goge/PycharmProjects/calculator_mat/venv/lib/python3.9/site-packages/sympy/core/sympify.py", line 483, in sympify
    raise SympifyError('could not parse %r' % a, exc)
sympy.core.sympify.SympifyError: Sympify of expression 'could not parse 'int 1/x dx'' failed, because of exception being raised:
SyntaxError: invalid syntax (<unknown>, line 1)

The above exception was the direct cause of the following exception:

Traceback (most recent call last):
  File "/Users/goge/PycharmProjects/calculator_mat/main.py", line 792, in handle_latex_calculation
    sympy_expr = self._parse_expression(expression)
  File "/Users/goge/PycharmProjects/calculator_mat/main.py", line 854, in _parse_expression
    raise ValueError(f"Invalid expression format: {e}") from e
ValueError: Invalid expression format: Sympify of expression 'could not parse 'int 1/x dx'' failed, because of exception being raised:
SyntaxError: invalid syntax (<unknown>, line 1)
2024-12-24 13:17:08,394 - __main__ - INFO - Initializing Calculator Application
2024-12-24 13:17:20,351 - __main__ - INFO - MATLAB engine started successfully
2024-12-24 13:17:23,932 - __main__ - DEBUG - Original expression: '1+1'
2024-12-24 13:17:23,991 - __main__ - DEBUG - SymPy parsed expression: '1 + 1'
2024-12-24 13:17:23,992 - __main__ - DEBUG - Converted to MATLAB expression: '1 + 1'
2024-12-24 13:17:24,001 - __main__ - DEBUG - Expression is numeric? True
2024-12-24 13:17:24,002 - __main__ - DEBUG - Displayed Result: 2.0
2024-12-24 13:17:24,310 - __main__ - DEBUG - Original expression: '1+1'
2024-12-24 13:17:24,312 - __main__ - DEBUG - SymPy parsed expression: '1 + 1'
2024-12-24 13:17:24,313 - __main__ - DEBUG - Converted to MATLAB expression: '1 + 1'
2024-12-24 13:17:24,319 - __main__ - DEBUG - Expression is numeric? True
2024-12-24 13:17:24,319 - __main__ - DEBUG - Displayed Result: 2.0
2024-12-24 13:17:28,660 - __main__ - DEBUG - Original expression: 'sin(30)'
2024-12-24 13:17:28,663 - __main__ - DEBUG - SymPy parsed expression: 'sin(30)'
2024-12-24 13:17:28,663 - __main__ - DEBUG - Converted to MATLAB expression: 'sin(30)'
2024-12-24 13:17:28,672 - __main__ - DEBUG - Expression is numeric? True
2024-12-24 13:17:28,672 - __main__ - DEBUG - Displayed Result: -0.9880316240928618
2024-12-24 13:17:36,411 - __main__ - DEBUG - Original expression: 'int x^2 dx'
2024-12-24 13:17:36,413 - __main__ - DEBUG - SymPy parsed expression: 'Integral(x**2, x)'
2024-12-24 13:17:36,418 - __main__ - ERROR - Error in LaTeX calculation: 'Integral' object has no attribute 'expr'
Traceback (most recent call last):
  File "/Users/goge/PycharmProjects/calculator_mat/main.py", line 796, in handle_latex_calculation
    matlab_expression = self.sympy_converter.sympy_to_matlab(sympy_expr)
  File "/Users/goge/PycharmProjects/calculator_mat/matlab_interface/sympy_to_matlab.py", line 27, in sympy_to_matlab
    result = handler(expr)
  File "/Users/goge/PycharmProjects/calculator_mat/matlab_interface/sympy_to_matlab.py", line 66, in _handle_integral
    matlab_integral = f"int({self.sympy_to_str(expr.expr)}, '{var}')"
AttributeError: 'Integral' object has no attribute 'expr'
2024-12-24 13:17:53,476 - __main__ - DEBUG - Original expression: 'ln(2)'
2024-12-24 13:17:53,487 - __main__ - DEBUG - SymPy parsed expression: 'log(2)'
2024-12-24 13:17:53,488 - __main__ - DEBUG - Converted to MATLAB expression: 'log10(2)'
2024-12-24 13:17:53,515 - __main__ - DEBUG - Expression is numeric? True
2024-12-24 13:17:53,516 - __main__ - DEBUG - Displayed Result: 0.3010299956639812
2024-12-24 15:45:56,685 - __main__ - INFO - Initializing Calculator Application
2024-12-24 15:46:09,193 - __main__ - INFO - MATLAB engine started successfully
2024-12-24 15:46:25,954 - __main__ - DEBUG - Original expression: 'int x^2 dx'
2024-12-24 15:46:26,020 - __main__ - DEBUG - SymPy parsed expression: 'Integral(x**2, x)'
2024-12-24 15:46:26,020 - __main__ - DEBUG - Converted to MATLAB expression: 'int(x**2, 'x')'
2024-12-24 15:46:26,095 - __main__ - ERROR - Error in LaTeX calculation: Unexpected Error: Invalid use of operator.
Traceback (most recent call last):
  File "/Users/goge/PycharmProjects/calculator_mat/matlab_interface/evaluate_expression.py", line 100, in evaluate_matlab_expression
    self.eng.eval(matlab_cmd, nargout=0)
  File "/Users/goge/PycharmProjects/calculator_mat/venv/lib/python3.9/site-packages/matlab/engine/matlabengine.py", line 70, in __call__
    return FutureResult(self._engine(), future, nargs, _stdout,
  File "/Users/goge/PycharmProjects/calculator_mat/venv/lib/python3.9/site-packages/matlab/engine/futureresult.py", line 62, in result
    return self.__future.result(timeout)
  File "/Users/goge/PycharmProjects/calculator_mat/venv/lib/python3.9/site-packages/matlab/engine/fevalfuture.py", line 76, in result
    self._result = pythonengine.getFEvalResult(self._future,self._nargout, None, out=self._out, err=self._err)
SyntaxError: Invalid use of operator.


The above exception was the direct cause of the following exception:

Traceback (most recent call last):
  File "/Users/goge/PycharmProjects/calculator_mat/main.py", line 800, in handle_latex_calculation
    matlab_result = self.evaluate_expression(matlab_expression)
  File "/Users/goge/PycharmProjects/calculator_mat/main.py", line 829, in evaluate_expression
    return self.evaluator.evaluate_matlab_expression(matlab_expression)
  File "/Users/goge/PycharmProjects/calculator_mat/matlab_interface/evaluate_expression.py", line 130, in evaluate_matlab_expression
    raise ValueError(f"Unexpected Error: {e}") from e
ValueError: Unexpected Error: Invalid use of operator.

2024-12-24 15:46:30,514 - __main__ - DEBUG - Original expression: '1+1'
2024-12-24 15:46:30,520 - __main__ - DEBUG - SymPy parsed expression: '1 + 1'
2024-12-24 15:46:30,521 - __main__ - DEBUG - Converted to MATLAB expression: '1 + 1'
2024-12-24 15:46:30,537 - __main__ - DEBUG - Expression is numeric? True
2024-12-24 15:46:30,537 - __main__ - DEBUG - Displayed Result: 2.0
2024-12-24 15:46:35,597 - __main__ - DEBUG - Original expression: 'sin(30)'
2024-12-24 15:46:35,599 - __main__ - DEBUG - SymPy parsed expression: 'sin(30)'
2024-12-24 15:46:35,600 - __main__ - DEBUG - Converted to MATLAB expression: 'sind(30)'
2024-12-24 15:46:35,609 - __main__ - DEBUG - Expression is numeric? True
2024-12-24 15:46:35,609 - __main__ - DEBUG - Displayed Result: 0.5
2024-12-24 15:56:23,222 - __main__ - INFO - Initializing Calculator Application
2024-12-24 15:56:33,271 - __main__ - INFO - MATLAB engine started successfully
2024-12-24 15:56:48,769 - __main__ - DEBUG - Original expression: 'int x^2 dx'
2024-12-24 15:56:48,832 - __main__ - DEBUG - SymPy parsed expression: 'Integral(x**2, x)'
2024-12-24 15:56:48,832 - __main__ - DEBUG - Converted to MATLAB expression: 'int(x**2, 'x')'
2024-12-24 15:56:48,896 - __main__ - ERROR - Error in LaTeX calculation: Unexpected Error: Invalid use of operator.
Traceback (most recent call last):
  File "/Users/goge/PycharmProjects/calculator_mat/matlab_interface/evaluate_expression.py", line 100, in evaluate_matlab_expression
    self.eng.eval(matlab_cmd, nargout=0)
  File "/Users/goge/PycharmProjects/calculator_mat/venv/lib/python3.9/site-packages/matlab/engine/matlabengine.py", line 70, in __call__
    return FutureResult(self._engine(), future, nargs, _stdout,
  File "/Users/goge/PycharmProjects/calculator_mat/venv/lib/python3.9/site-packages/matlab/engine/futureresult.py", line 62, in result
    return self.__future.result(timeout)
  File "/Users/goge/PycharmProjects/calculator_mat/venv/lib/python3.9/site-packages/matlab/engine/fevalfuture.py", line 76, in result
    self._result = pythonengine.getFEvalResult(self._future,self._nargout, None, out=self._out, err=self._err)
SyntaxError: Invalid use of operator.


The above exception was the direct cause of the following exception:

Traceback (most recent call last):
  File "/Users/goge/PycharmProjects/calculator_mat/main.py", line 800, in handle_latex_calculation
    matlab_result = self.evaluate_expression(matlab_expression)
  File "/Users/goge/PycharmProjects/calculator_mat/main.py", line 829, in evaluate_expression
    return self.evaluator.evaluate_matlab_expression(matlab_expression)
  File "/Users/goge/PycharmProjects/calculator_mat/matlab_interface/evaluate_expression.py", line 130, in evaluate_matlab_expression
    raise ValueError(f"Unexpected Error: {e}") from e
ValueError: Unexpected Error: Invalid use of operator.

2024-12-24 15:58:34,062 - __main__ - INFO - Initializing Calculator Application
2024-12-24 15:58:43,284 - __main__ - INFO - MATLAB engine started successfully
2024-12-24 15:58:54,901 - __main__ - DEBUG - Original expression: 'int x^2 dx'
2024-12-24 15:58:54,973 - __main__ - DEBUG - SymPy parsed expression: 'Integral(x**2, x)'
2024-12-24 15:58:54,974 - __main__ - DEBUG - Converted to MATLAB expression: 'int(x**2, x)'
2024-12-24 15:58:55,042 - __main__ - ERROR - Error in LaTeX calculation: Unexpected Error: Invalid use of operator.
Traceback (most recent call last):
  File "/Users/goge/PycharmProjects/calculator_mat/matlab_interface/evaluate_expression.py", line 100, in evaluate_matlab_expression
    self.eng.eval(matlab_cmd, nargout=0)
  File "/Users/goge/PycharmProjects/calculator_mat/venv/lib/python3.9/site-packages/matlab/engine/matlabengine.py", line 70, in __call__
    return FutureResult(self._engine(), future, nargs, _stdout,
  File "/Users/goge/PycharmProjects/calculator_mat/venv/lib/python3.9/site-packages/matlab/engine/futureresult.py", line 62, in result
    return self.__future.result(timeout)
  File "/Users/goge/PycharmProjects/calculator_mat/venv/lib/python3.9/site-packages/matlab/engine/fevalfuture.py", line 76, in result
    self._result = pythonengine.getFEvalResult(self._future,self._nargout, None, out=self._out, err=self._err)
SyntaxError: Invalid use of operator.


The above exception was the direct cause of the following exception:

Traceback (most recent call last):
  File "/Users/goge/PycharmProjects/calculator_mat/main.py", line 800, in handle_latex_calculation
    matlab_result = self.evaluate_expression(matlab_expression)
  File "/Users/goge/PycharmProjects/calculator_mat/main.py", line 829, in evaluate_expression
    return self.evaluator.evaluate_matlab_expression(matlab_expression)
  File "/Users/goge/PycharmProjects/calculator_mat/matlab_interface/evaluate_expression.py", line 130, in evaluate_matlab_expression
    raise ValueError(f"Unexpected Error: {e}") from e
ValueError: Unexpected Error: Invalid use of operator.

2024-12-24 16:01:33,047 - __main__ - INFO - Initializing Calculator Application
2024-12-24 16:01:42,240 - __main__ - INFO - MATLAB engine started successfully
2024-12-24 16:01:47,320 - __main__ - DEBUG - Original expression: 'int x^2 dx'
2024-12-24 16:01:47,375 - __main__ - DEBUG - SymPy parsed expression: 'Integral(x**2, x)'
2024-12-24 16:01:47,375 - __main__ - DEBUG - Converted to MATLAB expression: 'int(x**2, x)'
2024-12-24 16:01:47,477 - __main__ - ERROR - Error in LaTeX calculation: Unexpected Error: Invalid use of operator.
Traceback (most recent call last):
  File "/Users/goge/PycharmProjects/calculator_mat/matlab_interface/evaluate_expression.py", line 108, in evaluate_matlab_expression
    self.eng.eval(matlab_cmd, nargout=0)
  File "/Users/goge/PycharmProjects/calculator_mat/venv/lib/python3.9/site-packages/matlab/engine/matlabengine.py", line 70, in __call__
    return FutureResult(self._engine(), future, nargs, _stdout,
  File "/Users/goge/PycharmProjects/calculator_mat/venv/lib/python3.9/site-packages/matlab/engine/futureresult.py", line 62, in result
    return self.__future.result(timeout)
  File "/Users/goge/PycharmProjects/calculator_mat/venv/lib/python3.9/site-packages/matlab/engine/fevalfuture.py", line 76, in result
    self._result = pythonengine.getFEvalResult(self._future,self._nargout, None, out=self._out, err=self._err)
SyntaxError: Invalid use of operator.


The above exception was the direct cause of the following exception:

Traceback (most recent call last):
  File "/Users/goge/PycharmProjects/calculator_mat/main.py", line 800, in handle_latex_calculation
    matlab_result = self.evaluate_expression(matlab_expression)
  File "/Users/goge/PycharmProjects/calculator_mat/main.py", line 829, in evaluate_expression
    return self.evaluator.evaluate_matlab_expression(matlab_expression)
  File "/Users/goge/PycharmProjects/calculator_mat/matlab_interface/evaluate_expression.py", line 130, in evaluate_matlab_expression
    raise ValueError(f"Unexpected Error: {e}") from e
ValueError: Unexpected Error: Invalid use of operator.

2024-12-24 17:28:58,415 - __main__ - INFO - Initializing Calculator Application
2024-12-24 17:29:10,198 - __main__ - INFO - MATLAB engine started successfully
2024-12-24 17:30:08,561 - __main__ - DEBUG - Original expression: 'int x^2 dx'
2024-12-24 17:30:08,628 - __main__ - ERROR - SymPy parsing error: Sympify of expression 'could not parse 'int x^2 dx'' failed, because of exception being raised:
SyntaxError: invalid syntax (<unknown>, line 1)
2024-12-24 17:30:08,629 - __main__ - ERROR - Error in LaTeX calculation: Invalid expression format: Sympify of expression 'could not parse 'int x^2 dx'' failed, because of exception being raised:
SyntaxError: invalid syntax (<unknown>, line 1)
Traceback (most recent call last):
  File "/Users/goge/PycharmProjects/calculator_mat/venv/lib/python3.9/site-packages/sympy/core/sympify.py", line 481, in sympify
    expr = parse_expr(a, local_dict=locals, transformations=transformations, evaluate=evaluate)
  File "/Users/goge/PycharmProjects/calculator_mat/venv/lib/python3.9/site-packages/sympy/parsing/sympy_parser.py", line 1078, in parse_expr
    code = compile(evaluateFalse(code), '<string>', 'eval') # type: ignore
  File "/Users/goge/PycharmProjects/calculator_mat/venv/lib/python3.9/site-packages/sympy/parsing/sympy_parser.py", line 1097, in evaluateFalse
    node = ast.parse(s)
  File "/Library/Developer/CommandLineTools/Library/Frameworks/Python3.framework/Versions/3.9/lib/python3.9/ast.py", line 50, in parse
    return compile(source, filename, mode, flags,
  File "<unknown>", line 1
    Symbol ('int' )Symbol ('x' )**Integer (2 )Symbol ('dx' )
                   ^
SyntaxError: invalid syntax

During handling of the above exception, another exception occurred:

Traceback (most recent call last):
  File "/Users/goge/PycharmProjects/calculator_mat/main.py", line 858, in _parse_expression
    sympy_expr = sy.sympify(expression, evaluate=False)
  File "/Users/goge/PycharmProjects/calculator_mat/venv/lib/python3.9/site-packages/sympy/core/sympify.py", line 483, in sympify
    raise SympifyError('could not parse %r' % a, exc)
sympy.core.sympify.SympifyError: Sympify of expression 'could not parse 'int x^2 dx'' failed, because of exception being raised:
SyntaxError: invalid syntax (<unknown>, line 1)

The above exception was the direct cause of the following exception:

Traceback (most recent call last):
  File "/Users/goge/PycharmProjects/calculator_mat/main.py", line 792, in handle_latex_calculation
    sympy_expr = self._parse_expression(expression)
  File "/Users/goge/PycharmProjects/calculator_mat/main.py", line 862, in _parse_expression
    raise ValueError(f"Invalid expression format: {e}") from e
ValueError: Invalid expression format: Sympify of expression 'could not parse 'int x^2 dx'' failed, because of exception being raised:
SyntaxError: invalid syntax (<unknown>, line 1)
2024-12-24 17:36:28,521 - __main__ - INFO - Initializing Calculator Application
2024-12-24 17:36:38,649 - __main__ - INFO - MATLAB engine started successfully
2024-12-24 17:36:45,808 - __main__ - DEBUG - Original expression: 'int x dx'
2024-12-24 17:36:45,812 - __main__ - DEBUG - Processed expression for SymPy: Integral(x, x)
2024-12-24 17:36:45,871 - __main__ - DEBUG - SymPy parsed expression: 'Integral(x, x)'
2024-12-24 17:36:45,871 - __main__ - DEBUG - Converted to MATLAB expression: 'int(x, 'x')'
2024-12-24 17:36:46,079 - __main__ - DEBUG - Expression is numeric? False
2024-12-24 17:36:46,079 - __main__ - DEBUG - Displayed Result: x^2/2
2024-12-24 17:36:49,435 - __main__ - DEBUG - Original expression: 'int x^2 dx'
2024-12-24 17:36:49,435 - __main__ - DEBUG - Processed expression for SymPy: Integral(x^2, x)
2024-12-24 17:36:49,436 - __main__ - DEBUG - SymPy parsed expression: 'Integral(x**2, x)'
2024-12-24 17:36:49,437 - __main__ - DEBUG - Converted to MATLAB expression: 'int(x**2, 'x')'
2024-12-24 17:36:49,569 - __main__ - ERROR - Error in LaTeX calculation: Unexpected Error: Invalid use of operator.
Traceback (most recent call last):
  File "/Users/goge/PycharmProjects/calculator_mat/matlab_interface/evaluate_expression.py", line 100, in evaluate_matlab_expression
    self.eng.eval(matlab_cmd, nargout=0)
  File "/Users/goge/PycharmProjects/calculator_mat/venv/lib/python3.9/site-packages/matlab/engine/matlabengine.py", line 70, in __call__
    return FutureResult(self._engine(), future, nargs, _stdout,
  File "/Users/goge/PycharmProjects/calculator_mat/venv/lib/python3.9/site-packages/matlab/engine/futureresult.py", line 62, in result
    return self.__future.result(timeout)
  File "/Users/goge/PycharmProjects/calculator_mat/venv/lib/python3.9/site-packages/matlab/engine/fevalfuture.py", line 76, in result
    self._result = pythonengine.getFEvalResult(self._future,self._nargout, None, out=self._out, err=self._err)
SyntaxError: Invalid use of operator.


The above exception was the direct cause of the following exception:

Traceback (most recent call last):
  File "/Users/goge/PycharmProjects/calculator_mat/main.py", line 823, in handle_latex_calculation
    matlab_result = self.evaluate_expression(matlab_expression)
  File "/Users/goge/PycharmProjects/calculator_mat/main.py", line 852, in evaluate_expression
    return self.evaluator.evaluate_matlab_expression(matlab_expression)
  File "/Users/goge/PycharmProjects/calculator_mat/matlab_interface/evaluate_expression.py", line 130, in evaluate_matlab_expression
    raise ValueError(f"Unexpected Error: {e}") from e
ValueError: Unexpected Error: Invalid use of operator.

2024-12-24 17:48:30,126 - __main__ - INFO - Initializing Calculator Application
2024-12-24 17:48:39,465 - __main__ - INFO - MATLAB engine started successfully
2024-12-24 17:49:38,418 - __main__ - INFO - Initializing Calculator Application
2024-12-24 17:49:47,547 - __main__ - INFO - MATLAB engine started successfully
2024-12-24 17:49:52,097 - __main__ - DEBUG - Original expression: 'int x dx'
2024-12-24 17:49:52,105 - __main__ - DEBUG - Processed expression for SymPy: Integral(x, x)
2024-12-24 17:49:52,174 - __main__ - DEBUG - SymPy parsed expression: 'Integral(x, x)'
2024-12-24 17:49:52,174 - __main__ - DEBUG - SymPy parsed expression: 'Integral(x, x)'
2024-12-24 17:49:52,174 - __main__ - DEBUG - Converted to MATLAB expression: 'int(x, ''x'')'
2024-12-24 17:49:52,289 - __main__ - ERROR - Error in LaTeX calculation: Unexpected Error: Invalid expression. Check for missing multiplication operator, missing or unbalanced delimiters, or other syntax error. To construct matrices, use brackets instead of parentheses.
Traceback (most recent call last):
  File "/Users/goge/PycharmProjects/calculator_mat/matlab_interface/evaluate_expression.py", line 42, in evaluate_matlab_expression
    self.eng.eval(matlab_cmd, nargout=0)
  File "/Users/goge/PycharmProjects/calculator_mat/venv/lib/python3.9/site-packages/matlab/engine/matlabengine.py", line 70, in __call__
    return FutureResult(self._engine(), future, nargs, _stdout,
  File "/Users/goge/PycharmProjects/calculator_mat/venv/lib/python3.9/site-packages/matlab/engine/futureresult.py", line 62, in result
    return self.__future.result(timeout)
  File "/Users/goge/PycharmProjects/calculator_mat/venv/lib/python3.9/site-packages/matlab/engine/fevalfuture.py", line 76, in result
    self._result = pythonengine.getFEvalResult(self._future,self._nargout, None, out=self._out, err=self._err)
SyntaxError: Invalid expression. Check for missing multiplication operator, missing or unbalanced delimiters, or other syntax error. To construct matrices, use brackets instead of parentheses.


The above exception was the direct cause of the following exception:

Traceback (most recent call last):
  File "/Users/goge/PycharmProjects/calculator_mat/main.py", line 823, in handle_latex_calculation
    matlab_result = self.evaluate_expression(matlab_expression)
  File "/Users/goge/PycharmProjects/calculator_mat/main.py", line 852, in evaluate_expression
    return self.evaluator.evaluate_matlab_expression(matlab_expression)
  File "/Users/goge/PycharmProjects/calculator_mat/matlab_interface/evaluate_expression.py", line 64, in evaluate_matlab_expression
    raise ValueError(f"Unexpected Error: {e}") from e
ValueError: Unexpected Error: Invalid expression. Check for missing multiplication operator, missing or unbalanced delimiters, or other syntax error. To construct matrices, use brackets instead of parentheses.

2024-12-24 17:50:35,165 - __main__ - INFO - Initializing Calculator Application
2024-12-24 17:50:42,007 - __main__ - INFO - MATLAB engine started successfully
2024-12-24 17:51:25,631 - __main__ - INFO - Initializing Calculator Application
2024-12-24 17:51:32,673 - __main__ - INFO - MATLAB engine started successfully
2024-12-24 17:51:59,624 - __main__ - INFO - Initializing Calculator Application
2024-12-24 17:52:07,470 - __main__ - INFO - MATLAB engine started successfully
2024-12-24 17:53:32,315 - __main__ - INFO - Initializing Calculator Application
2024-12-24 17:53:42,057 - __main__ - INFO - MATLAB engine started successfully
2024-12-25 12:58:29,252 - __main__ - INFO - Initializing Calculator Application
2024-12-25 12:58:41,506 - __main__ - INFO - MATLAB engine started successfully
2024-12-25 12:58:53,578 - __main__ - DEBUG - Original expression: 'int 1/x dx'
2024-12-25 12:58:53,582 - __main__ - DEBUG - Processed expression for SymPy: Integral(1/x, x)
2024-12-25 12:58:53,651 - __main__ - DEBUG - SymPy parsed expression: 'Integral(1/x, x)'
2024-12-25 12:58:53,651 - __main__ - DEBUG - Converted to MATLAB expression: 'int(1/x, 'x')'
2024-12-25 12:58:53,916 - __main__ - DEBUG - Expression is numeric? False
2024-12-25 12:58:53,916 - __main__ - DEBUG - Displayed Result: log(x)
2024-12-25 13:00:54,862 - __main__ - INFO - Initializing Calculator Application
2024-12-25 13:01:04,924 - __main__ - INFO - MATLAB engine started successfully
2024-12-25 13:08:15,815 - __main__ - DEBUG - Original expression: 'int 1/x dx'
2024-12-25 13:08:15,823 - __main__ - DEBUG - Processed expression for SymPy: Integral(1/x, x)
2024-12-25 13:08:15,904 - __main__ - DEBUG - SymPy parsed expression: 'Integral(1/x, x)'
2024-12-25 13:08:15,904 - __main__ - DEBUG - Converted to MATLAB expression: 'int(1/x, 'x')'
2024-12-25 13:08:16,410 - __main__ - DEBUG - Expression is numeric? False
2024-12-25 13:08:16,410 - __main__ - DEBUG - Displayed Result: ln(x)
2024-12-25 13:08:21,956 - __main__ - DEBUG - Original expression: 'int x^3 dx'
2024-12-25 13:08:21,957 - __main__ - DEBUG - Processed expression for SymPy: Integral(x^3, x)
2024-12-25 13:08:21,965 - __main__ - DEBUG - SymPy parsed expression: 'Integral(x**3, x)'
2024-12-25 13:08:21,965 - __main__ - DEBUG - Converted to MATLAB expression: 'int(x**3, 'x')'
2024-12-25 13:08:22,276 - __main__ - ERROR - Error in LaTeX calculation: Unexpected Error: Invalid use of operator.
Traceback (most recent call last):
  File "/Users/goge/PycharmProjects/calculator_mat/matlab_interface/evaluate_expression.py", line 105, in evaluate_matlab_expression
    self.eng.eval(matlab_cmd, nargout=0)
  File "/Users/goge/PycharmProjects/calculator_mat/venv/lib/python3.9/site-packages/matlab/engine/matlabengine.py", line 70, in __call__
    return FutureResult(self._engine(), future, nargs, _stdout,
  File "/Users/goge/PycharmProjects/calculator_mat/venv/lib/python3.9/site-packages/matlab/engine/futureresult.py", line 62, in result
    return self.__future.result(timeout)
  File "/Users/goge/PycharmProjects/calculator_mat/venv/lib/python3.9/site-packages/matlab/engine/fevalfuture.py", line 76, in result
    self._result = pythonengine.getFEvalResult(self._future,self._nargout, None, out=self._out, err=self._err)
SyntaxError: Invalid use of operator.


The above exception was the direct cause of the following exception:

Traceback (most recent call last):
  File "/Users/goge/PycharmProjects/calculator_mat/main.py", line 823, in handle_latex_calculation
    matlab_result = self.evaluate_expression(matlab_expression)
  File "/Users/goge/PycharmProjects/calculator_mat/main.py", line 856, in evaluate_expression
    return self.evaluator.evaluate_matlab_expression(matlab_expression)
  File "/Users/goge/PycharmProjects/calculator_mat/matlab_interface/evaluate_expression.py", line 135, in evaluate_matlab_expression
    raise ValueError(f"Unexpected Error: {e}") from e
ValueError: Unexpected Error: Invalid use of operator.

2024-12-25 13:12:06,707 - __main__ - INFO - Initializing Calculator Application
2024-12-25 13:12:17,020 - __main__ - INFO - MATLAB engine started successfully
2024-12-25 13:12:22,534 - __main__ - DEBUG - Original expression: 'int x^2 dx'
2024-12-25 13:12:22,535 - __main__ - DEBUG - Preprocessed MATLAB expression: 'int x^2 dx'
2024-12-25 13:12:22,658 - __main__ - ERROR - Error in LaTeX calculation: Unexpected Error: Invalid expression. Check for missing multiplication operator, missing or unbalanced delimiters, or other syntax error. To construct matrices, use brackets instead of parentheses.
Traceback (most recent call last):
  File "/Users/goge/PycharmProjects/calculator_mat/matlab_interface/evaluate_expression.py", line 105, in evaluate_matlab_expression
    self.eng.eval(matlab_cmd, nargout=0)
  File "/Users/goge/PycharmProjects/calculator_mat/venv/lib/python3.9/site-packages/matlab/engine/matlabengine.py", line 70, in __call__
    return FutureResult(self._engine(), future, nargs, _stdout,
  File "/Users/goge/PycharmProjects/calculator_mat/venv/lib/python3.9/site-packages/matlab/engine/futureresult.py", line 62, in result
    return self.__future.result(timeout)
  File "/Users/goge/PycharmProjects/calculator_mat/venv/lib/python3.9/site-packages/matlab/engine/fevalfuture.py", line 76, in result
    self._result = pythonengine.getFEvalResult(self._future,self._nargout, None, out=self._out, err=self._err)
SyntaxError: Invalid expression. Check for missing multiplication operator, missing or unbalanced delimiters, or other syntax error. To construct matrices, use brackets instead of parentheses.


The above exception was the direct cause of the following exception:

Traceback (most recent call last):
  File "/Users/goge/PycharmProjects/calculator_mat/main.py", line 819, in handle_latex_calculation
    matlab_result = self.evaluate_expression(matlab_expression)
  File "/Users/goge/PycharmProjects/calculator_mat/main.py", line 853, in evaluate_expression
    return self.evaluator.evaluate_matlab_expression(matlab_expression)
  File "/Users/goge/PycharmProjects/calculator_mat/matlab_interface/evaluate_expression.py", line 135, in evaluate_matlab_expression
    raise ValueError(f"Unexpected Error: {e}") from e
ValueError: Unexpected Error: Invalid expression. Check for missing multiplication operator, missing or unbalanced delimiters, or other syntax error. To construct matrices, use brackets instead of parentheses.

2024-12-25 13:16:40,636 - __main__ - INFO - Initializing Calculator Application
2024-12-25 13:16:49,336 - __main__ - INFO - MATLAB engine started successfully
2024-12-25 13:18:11,332 - __main__ - DEBUG - Original expression: 'int x^2 dx'
2024-12-25 13:18:11,336 - __main__ - DEBUG - Converted to MATLAB expression: 'int(x.^2, x)'
2024-12-25 13:18:11,706 - __main__ - DEBUG - Displayed Result: x^3/3
2024-12-25 13:18:17,857 - __main__ - DEBUG - Original expression: 'int ln(x) dx'
2024-12-25 13:18:17,858 - __main__ - DEBUG - Converted to MATLAB expression: 'int(ln(x), x)'
2024-12-25 13:18:18,066 - __main__ - ERROR - Error in LaTeX calculation: MATLAB Error: 
  File /Applications/MATLAB_R2024b.app/toolbox/symbolic/symbolic/@sym/sym.m, line 912, in sym.subsindex

  File /Applications/MATLAB_R2024b.app/toolbox/symbolic/symbolic/@sym/sym.m, line 956, in sym.subsref
Invalid MATLAB indexing or symbolic function definition. Symbolic function arguments must be symbolic variables and function body must be convertible to sym expression.
Traceback (most recent call last):
  File "/Users/goge/PycharmProjects/calculator_mat/matlab_interface/evaluate_expression.py", line 105, in evaluate_matlab_expression
    self.eng.eval(matlab_cmd, nargout=0)
  File "/Users/goge/PycharmProjects/calculator_mat/venv/lib/python3.9/site-packages/matlab/engine/matlabengine.py", line 70, in __call__
    return FutureResult(self._engine(), future, nargs, _stdout,
  File "/Users/goge/PycharmProjects/calculator_mat/venv/lib/python3.9/site-packages/matlab/engine/futureresult.py", line 62, in result
    return self.__future.result(timeout)
  File "/Users/goge/PycharmProjects/calculator_mat/venv/lib/python3.9/site-packages/matlab/engine/fevalfuture.py", line 76, in result
    self._result = pythonengine.getFEvalResult(self._future,self._nargout, None, out=self._out, err=self._err)
matlab.engine.MatlabExecutionError: 
  File /Applications/MATLAB_R2024b.app/toolbox/symbolic/symbolic/@sym/sym.m, line 912, in sym.subsindex

  File /Applications/MATLAB_R2024b.app/toolbox/symbolic/symbolic/@sym/sym.m, line 956, in sym.subsref
Invalid MATLAB indexing or symbolic function definition. Symbolic function arguments must be symbolic variables and function body must be convertible to sym expression.


The above exception was the direct cause of the following exception:

Traceback (most recent call last):
  File "/Users/goge/PycharmProjects/calculator_mat/main.py", line 821, in handle_latex_calculation
    matlab_result = self.evaluate_expression(matlab_expression)
  File "/Users/goge/PycharmProjects/calculator_mat/main.py", line 841, in evaluate_expression
    return self.evaluator.evaluate_matlab_expression(matlab_expression)
  File "/Users/goge/PycharmProjects/calculator_mat/matlab_interface/evaluate_expression.py", line 132, in evaluate_matlab_expression
    raise ValueError(f"MATLAB Error: {me}") from me
ValueError: MATLAB Error: 
  File /Applications/MATLAB_R2024b.app/toolbox/symbolic/symbolic/@sym/sym.m, line 912, in sym.subsindex

  File /Applications/MATLAB_R2024b.app/toolbox/symbolic/symbolic/@sym/sym.m, line 956, in sym.subsref
Invalid MATLAB indexing or symbolic function definition. Symbolic function arguments must be symbolic variables and function body must be convertible to sym expression.

2024-12-25 13:26:48,902 - __main__ - INFO - Initializing Calculator Application
2024-12-25 13:26:59,233 - __main__ - INFO - MATLAB engine started successfully
2024-12-25 13:30:04,050 - __main__ - DEBUG - Original expression: 'int ln(x) dx'
2024-12-25 13:30:04,057 - __main__ - DEBUG - Converted to MATLAB expression: 'int(ln(x), x)'
2024-12-25 13:30:04,526 - __main__ - DEBUG - Displayed Result: x*(ln(x) - 1)
2024-12-25 13:30:14,407 - __main__ - DEBUG - Original expression: 'sin(30)'
2024-12-25 13:30:14,407 - __main__ - DEBUG - Converted to MATLAB expression: 'sin(30)'
2024-12-25 13:30:14,419 - __main__ - DEBUG - Displayed Result: -0.9880316240928618
2024-12-25 13:44:16,033 - __main__ - INFO - Initializing Calculator Application
2024-12-25 13:44:26,513 - __main__ - INFO - MATLAB engine started successfully
2024-12-25 13:46:37,060 - __main__ - DEBUG - Original expression: 'sin(30)'
2024-12-25 13:46:37,066 - __main__ - DEBUG - Converted to MATLAB expression: 'sin(30)'
2024-12-25 13:46:37,125 - __main__ - DEBUG - Displayed Result: 0.5
2024-12-25 13:46:43,671 - __main__ - DEBUG - Original expression: 'tan(90)'
2024-12-25 13:46:43,671 - __main__ - DEBUG - Converted to MATLAB expression: 'tan(90)'
2024-12-25 13:46:43,678 - __main__ - DEBUG - Displayed Result: inf
2024-12-25 13:47:59,487 - __main__ - INFO - Initializing Calculator Application
2024-12-25 13:48:07,494 - __main__ - INFO - MATLAB engine started successfully
2024-12-25 13:48:13,318 - __main__ - DEBUG - Original expression: 'tan(90)'
2024-12-25 13:48:13,321 - __main__ - DEBUG - Converted to MATLAB expression: 'tan(90)'
2024-12-25 13:48:13,344 - __main__ - DEBUG - Displayed Result: inf
2024-12-25 13:50:46,774 - __main__ - INFO - Initializing Calculator Application
2024-12-25 13:50:56,115 - __main__ - INFO - MATLAB engine started successfully
2024-12-25 13:51:01,701 - __main__ - DEBUG - Original expression: 'tan(90)'
2024-12-25 13:51:01,703 - __main__ - DEBUG - Converted to MATLAB expression: 'tan(90)'
2024-12-25 13:51:01,725 - __main__ - DEBUG - Displayed Result: inf
2024-12-25 14:10:10,676 - __main__ - INFO - Initializing Calculator Application
2024-12-25 14:10:20,986 - __main__ - INFO - MATLAB engine started successfully
2024-12-25 14:10:41,571 - __main__ - DEBUG - Original expression: 'int (x^2)/(x^3 - 1) dx'
2024-12-25 14:10:41,575 - __main__ - DEBUG - Converted to MATLAB expression: 'int((x.^2)/(x.^3 - 1), x)'
2024-12-25 14:10:41,853 - __main__ - DEBUG - Displayed Result: ln(x^3 - 1)/3
2024-12-25 14:10:52,960 - __main__ - DEBUG - Original expression: 'int log(x) dx'
2024-12-25 14:10:52,961 - __main__ - DEBUG - Converted to MATLAB expression: 'int(log(x), x)'
2024-12-25 14:10:53,070 - __main__ - DEBUG - Displayed Result: x*(ln(x) - 1)
2024-12-25 14:10:58,493 - __main__ - DEBUG - Original expression: 'int log10(x) dx'
2024-12-25 14:10:58,493 - __main__ - DEBUG - Converted to MATLAB expression: 'int(log10(x), x)'
2024-12-25 14:10:58,564 - __main__ - DEBUG - Displayed Result: (x*(ln(x) - 1))/ln(10)
2024-12-25 14:11:56,782 - __main__ - DEBUG - Original expression: 'd2/dx2 4x^10'
2024-12-25 14:11:56,788 - __main__ - DEBUG - Converted to MATLAB expression: 'd2/dx2 4x^10'
2024-12-25 14:11:57,135 - __main__ - ERROR - Error in LaTeX calculation: Unexpected Error: Invalid expression. Check for missing multiplication operator, missing or unbalanced delimiters, or other syntax error. To construct matrices, use brackets instead of parentheses.
Traceback (most recent call last):
  File "/Users/goge/PycharmProjects/calculator_mat/matlab_interface/evaluate_expression.py", line 119, in evaluate_matlab_expression
    self.eng.eval(matlab_cmd, nargout=0)
  File "/Users/goge/PycharmProjects/calculator_mat/venv/lib/python3.9/site-packages/matlab/engine/matlabengine.py", line 70, in __call__
    return FutureResult(self._engine(), future, nargs, _stdout,
  File "/Users/goge/PycharmProjects/calculator_mat/venv/lib/python3.9/site-packages/matlab/engine/futureresult.py", line 62, in result
    return self.__future.result(timeout)
  File "/Users/goge/PycharmProjects/calculator_mat/venv/lib/python3.9/site-packages/matlab/engine/fevalfuture.py", line 76, in result
    self._result = pythonengine.getFEvalResult(self._future,self._nargout, None, out=self._out, err=self._err)
SyntaxError: Invalid expression. Check for missing multiplication operator, missing or unbalanced delimiters, or other syntax error. To construct matrices, use brackets instead of parentheses.


The above exception was the direct cause of the following exception:

Traceback (most recent call last):
  File "/Users/goge/PycharmProjects/calculator_mat/main.py", line 821, in handle_latex_calculation
    matlab_result = self.evaluate_expression(matlab_expression)
  File "/Users/goge/PycharmProjects/calculator_mat/main.py", line 841, in evaluate_expression
    return self.evaluator.evaluate_matlab_expression(matlab_expression)
  File "/Users/goge/PycharmProjects/calculator_mat/matlab_interface/evaluate_expression.py", line 149, in evaluate_matlab_expression
    raise ValueError(f"Unexpected Error: {e}") from e
ValueError: Unexpected Error: Invalid expression. Check for missing multiplication operator, missing or unbalanced delimiters, or other syntax error. To construct matrices, use brackets instead of parentheses.

2024-12-25 14:19:29,368 - __main__ - INFO - Initializing Calculator Application
2024-12-25 14:19:38,660 - __main__ - INFO - MATLAB engine started successfully
2024-12-25 14:19:58,286 - __main__ - DEBUG - Original expression: 'd2/dx2 4x^10'
2024-12-25 14:19:58,290 - __main__ - DEBUG - Converted to MATLAB expression: 'd2/dx2 4x^10'
2024-12-25 14:19:58,376 - __main__ - ERROR - Error in LaTeX calculation: Unexpected Error: Invalid expression. Check for missing multiplication operator, missing or unbalanced delimiters, or other syntax error. To construct matrices, use brackets instead of parentheses.
Traceback (most recent call last):
  File "/Users/goge/PycharmProjects/calculator_mat/matlab_interface/evaluate_expression.py", line 132, in evaluate_matlab_expression
    self.eng.eval(matlab_cmd, nargout=0)
  File "/Users/goge/PycharmProjects/calculator_mat/venv/lib/python3.9/site-packages/matlab/engine/matlabengine.py", line 70, in __call__
    return FutureResult(self._engine(), future, nargs, _stdout,
  File "/Users/goge/PycharmProjects/calculator_mat/venv/lib/python3.9/site-packages/matlab/engine/futureresult.py", line 62, in result
    return self.__future.result(timeout)
  File "/Users/goge/PycharmProjects/calculator_mat/venv/lib/python3.9/site-packages/matlab/engine/fevalfuture.py", line 76, in result
    self._result = pythonengine.getFEvalResult(self._future,self._nargout, None, out=self._out, err=self._err)
SyntaxError: Invalid expression. Check for missing multiplication operator, missing or unbalanced delimiters, or other syntax error. To construct matrices, use brackets instead of parentheses.


The above exception was the direct cause of the following exception:

Traceback (most recent call last):
  File "/Users/goge/PycharmProjects/calculator_mat/main.py", line 821, in handle_latex_calculation
    matlab_result = self.evaluate_expression(matlab_expression)
  File "/Users/goge/PycharmProjects/calculator_mat/main.py", line 841, in evaluate_expression
    return self.evaluator.evaluate_matlab_expression(matlab_expression)
  File "/Users/goge/PycharmProjects/calculator_mat/matlab_interface/evaluate_expression.py", line 162, in evaluate_matlab_expression
    raise ValueError(f"Unexpected Error: {e}") from e
ValueError: Unexpected Error: Invalid expression. Check for missing multiplication operator, missing or unbalanced delimiters, or other syntax error. To construct matrices, use brackets instead of parentheses.

2024-12-25 14:26:53,542 - __main__ - INFO - Initializing Calculator Application
2024-12-25 14:27:02,942 - __main__ - INFO - MATLAB engine started successfully
2024-12-25 14:31:53,381 - __main__ - DEBUG - Original expression: 'd/dx x^2'
2024-12-25 14:31:53,388 - __main__ - ERROR - Error in LaTeX calculation: parse_latex_expression() takes 1 positional argument but 2 were given
Traceback (most recent call last):
  File "/Users/goge/PycharmProjects/calculator_mat/main.py", line 854, in handle_latex_calculation
    sympy_expr = self.parse_latex_expression(expression)
TypeError: parse_latex_expression() takes 1 positional argument but 2 were given
2024-12-25 14:32:49,575 - __main__ - INFO - Initializing Calculator Application
2024-12-25 14:32:58,470 - __main__ - INFO - MATLAB engine started successfully
2024-12-25 14:33:33,484 - __main__ - DEBUG - Original expression: 'd/dx 2x'
2024-12-25 14:33:33,490 - __main__ - DEBUG - Converted to MATLAB expression: 'd/dx 2x'
2024-12-25 14:33:33,926 - __main__ - ERROR - Error in LaTeX calculation: Unexpected Error: Invalid expression. Check for missing multiplication operator, missing or unbalanced delimiters, or other syntax error. To construct matrices, use brackets instead of parentheses.
Traceback (most recent call last):
  File "/Users/goge/PycharmProjects/calculator_mat/matlab_interface/evaluate_expression.py", line 132, in evaluate_matlab_expression
    self.eng.eval(matlab_cmd, nargout=0)
  File "/Users/goge/PycharmProjects/calculator_mat/venv/lib/python3.9/site-packages/matlab/engine/matlabengine.py", line 70, in __call__
    return FutureResult(self._engine(), future, nargs, _stdout,
  File "/Users/goge/PycharmProjects/calculator_mat/venv/lib/python3.9/site-packages/matlab/engine/futureresult.py", line 62, in result
    return self.__future.result(timeout)
  File "/Users/goge/PycharmProjects/calculator_mat/venv/lib/python3.9/site-packages/matlab/engine/fevalfuture.py", line 76, in result
    self._result = pythonengine.getFEvalResult(self._future,self._nargout, None, out=self._out, err=self._err)
SyntaxError: Invalid expression. Check for missing multiplication operator, missing or unbalanced delimiters, or other syntax error. To construct matrices, use brackets instead of parentheses.


The above exception was the direct cause of the following exception:

Traceback (most recent call last):
  File "/Users/goge/PycharmProjects/calculator_mat/main.py", line 821, in handle_latex_calculation
    matlab_result = self.evaluate_expression(matlab_expression)
  File "/Users/goge/PycharmProjects/calculator_mat/main.py", line 841, in evaluate_expression
    return self.evaluator.evaluate_matlab_expression(matlab_expression)
  File "/Users/goge/PycharmProjects/calculator_mat/matlab_interface/evaluate_expression.py", line 162, in evaluate_matlab_expression
    raise ValueError(f"Unexpected Error: {e}") from e
ValueError: Unexpected Error: Invalid expression. Check for missing multiplication operator, missing or unbalanced delimiters, or other syntax error. To construct matrices, use brackets instead of parentheses.

2024-12-25 14:39:32,535 - __main__ - INFO - Initializing Calculator Application
2024-12-25 14:39:45,170 - __main__ - INFO - MATLAB engine started successfully
2024-12-25 14:39:56,763 - __main__ - DEBUG - Original expression: 'd/dx 2x'
2024-12-25 14:39:56,818 - __main__ - ERROR - Error in LaTeX calculation: Sympify of expression 'could not parse '2x'' failed, because of exception being raised:
SyntaxError: invalid syntax (<string>, line 1)
ValueError: Error from parse_expr with transformed code: "Integer (2 )Symbol ('x' )"

The above exception was the direct cause of the following exception:

Traceback (most recent call last):
  File "/Users/goge/PycharmProjects/calculator_mat/venv/lib/python3.9/site-packages/sympy/core/sympify.py", line 481, in sympify
    expr = parse_expr(a, local_dict=locals, transformations=transformations, evaluate=evaluate)
  File "/Users/goge/PycharmProjects/calculator_mat/venv/lib/python3.9/site-packages/sympy/parsing/sympy_parser.py", line 1090, in parse_expr
    raise e from ValueError(f"Error from parse_expr with transformed code: {code!r}")
  File "/Users/goge/PycharmProjects/calculator_mat/venv/lib/python3.9/site-packages/sympy/parsing/sympy_parser.py", line 1081, in parse_expr
    rv = eval_expr(code, local_dict, global_dict)
  File "/Users/goge/PycharmProjects/calculator_mat/venv/lib/python3.9/site-packages/sympy/parsing/sympy_parser.py", line 909, in eval_expr
    expr = eval(
  File "<string>", line 1
    Integer (2 )Symbol ('x' )
                ^
SyntaxError: invalid syntax

During handling of the above exception, another exception occurred:

Traceback (most recent call last):
  File "/Users/goge/PycharmProjects/calculator_mat/main.py", line 841, in handle_latex_calculation
    sympy_expr = parse_latex_expression(expression)
  File "/Users/goge/PycharmProjects/calculator_mat/main.py", line 91, in parse_latex_expression
    parsed_expr = re.sub(derivative_pattern, lambda m: replace_derivative(m), latex_expr)
  File "/Library/Developer/CommandLineTools/Library/Frameworks/Python3.framework/Versions/3.9/lib/python3.9/re.py", line 210, in sub
    return _compile(pattern, flags).sub(repl, string, count)
  File "/Users/goge/PycharmProjects/calculator_mat/main.py", line 91, in <lambda>
    parsed_expr = re.sub(derivative_pattern, lambda m: replace_derivative(m), latex_expr)
  File "/Users/goge/PycharmProjects/calculator_mat/main.py", line 87, in replace_derivative
    sympy_expr = sy.sympify(expr.replace('^', '**'))
  File "/Users/goge/PycharmProjects/calculator_mat/venv/lib/python3.9/site-packages/sympy/core/sympify.py", line 483, in sympify
    raise SympifyError('could not parse %r' % a, exc)
sympy.core.sympify.SympifyError: Sympify of expression 'could not parse '2x'' failed, because of exception being raised:
SyntaxError: invalid syntax (<string>, line 1)
2024-12-25 14:40:04,750 - __main__ - DEBUG - Original expression: 'int 1/x dx'
2024-12-25 14:40:04,755 - __main__ - ERROR - Error in LaTeX calculation: Sympify of expression 'could not parse 'int 1/x dx'' failed, because of exception being raised:
SyntaxError: invalid syntax (<string>, line 1)
ValueError: Error from parse_expr with transformed code: "Symbol ('int' )Integer (1 )/Symbol ('x' )Symbol ('dx' )"

The above exception was the direct cause of the following exception:

Traceback (most recent call last):
  File "/Users/goge/PycharmProjects/calculator_mat/venv/lib/python3.9/site-packages/sympy/core/sympify.py", line 481, in sympify
    expr = parse_expr(a, local_dict=locals, transformations=transformations, evaluate=evaluate)
  File "/Users/goge/PycharmProjects/calculator_mat/venv/lib/python3.9/site-packages/sympy/parsing/sympy_parser.py", line 1090, in parse_expr
    raise e from ValueError(f"Error from parse_expr with transformed code: {code!r}")
  File "/Users/goge/PycharmProjects/calculator_mat/venv/lib/python3.9/site-packages/sympy/parsing/sympy_parser.py", line 1081, in parse_expr
    rv = eval_expr(code, local_dict, global_dict)
  File "/Users/goge/PycharmProjects/calculator_mat/venv/lib/python3.9/site-packages/sympy/parsing/sympy_parser.py", line 909, in eval_expr
    expr = eval(
  File "<string>", line 1
    Symbol ('int' )Integer (1 )/Symbol ('x' )Symbol ('dx' )
                   ^
SyntaxError: invalid syntax

During handling of the above exception, another exception occurred:

Traceback (most recent call last):
  File "/Users/goge/PycharmProjects/calculator_mat/main.py", line 841, in handle_latex_calculation
    sympy_expr = parse_latex_expression(expression)
  File "/Users/goge/PycharmProjects/calculator_mat/main.py", line 92, in parse_latex_expression
    return sy.sympify(parsed_expr)
  File "/Users/goge/PycharmProjects/calculator_mat/venv/lib/python3.9/site-packages/sympy/core/sympify.py", line 483, in sympify
    raise SympifyError('could not parse %r' % a, exc)
sympy.core.sympify.SympifyError: Sympify of expression 'could not parse 'int 1/x dx'' failed, because of exception being raised:
SyntaxError: invalid syntax (<string>, line 1)
2024-12-25 14:48:04,353 - __main__ - INFO - Initializing Calculator Application
2024-12-25 14:48:14,362 - __main__ - INFO - MATLAB engine started successfully
2024-12-25 14:49:20,450 - __main__ - DEBUG - Original expression: 'int 1/x dx'
2024-12-25 14:49:20,534 - __main__ - ERROR - Error in LaTeX calculation: sequence item 0: expected str instance, Integral found
Traceback (most recent call last):
  File "/Users/goge/PycharmProjects/calculator_mat/main.py", line 855, in handle_latex_calculation
    sympy_expr = parse_latex_expression(expression)
  File "/Users/goge/PycharmProjects/calculator_mat/main.py", line 103, in parse_latex_expression
    latex_expr = re.sub(integral_pattern, lambda m: replace_integral(m), latex_expr)
  File "/Library/Developer/CommandLineTools/Library/Frameworks/Python3.framework/Versions/3.9/lib/python3.9/re.py", line 210, in sub
    return _compile(pattern, flags).sub(repl, string, count)
TypeError: sequence item 0: expected str instance, Integral found
2024-12-25 14:49:39,167 - __main__ - DEBUG - Original expression: 'sin(30)'
2024-12-25 14:49:39,178 - __main__ - DEBUG - Converted to SymPy expression: 'sin(30)'
2024-12-25 14:49:39,178 - __main__ - DEBUG - Converted to MATLAB expression: 'sin(30)'
2024-12-25 14:49:39,351 - __main__ - DEBUG - Displayed Result: 0.5
2024-12-25 14:49:45,617 - __main__ - DEBUG - Original expression: 'ln(2)'
2024-12-25 14:49:45,626 - __main__ - DEBUG - Converted to SymPy expression: 'log(2)'
2024-12-25 14:49:45,627 - __main__ - DEBUG - Converted to MATLAB expression: 'log(2)'
2024-12-25 14:49:45,865 - __main__ - DEBUG - Displayed Result: 0.6931471805599453
2024-12-25 14:53:46,994 - __main__ - INFO - Initializing Calculator Application
2024-12-25 14:53:58,551 - __main__ - INFO - MATLAB engine started successfully
2024-12-25 14:55:30,969 - __main__ - DEBUG - Original expression: 'int 1/x dx'
2024-12-25 14:55:31,029 - __main__ - DEBUG - Converted to SymPy expression: 'Integral(1/x, x)'
2024-12-25 14:55:31,030 - __main__ - DEBUG - Converted to MATLAB expression: 'int(1/x, 'x')'
2024-12-25 14:55:31,442 - __main__ - DEBUG - Displayed Result: ln(x)
2024-12-25 14:55:38,847 - __main__ - DEBUG - Original expression: 'd/dx 2x^3'
2024-12-25 14:55:38,858 - __main__ - DEBUG - Converted to SymPy expression: 'Derivative(2*x**3, x)'
2024-12-25 14:55:38,859 - __main__ - DEBUG - Converted to MATLAB expression: 'diff(2*x^3, 'x')'
2024-12-25 14:55:38,991 - __main__ - DEBUG - Displayed Result: 6*x^2
2024-12-25 14:55:46,295 - __main__ - DEBUG - Original expression: 'd2/dx2 4x^10'
2024-12-25 14:55:46,299 - __main__ - DEBUG - Converted to SymPy expression: 'Derivative(4*x**10, (x, 2))'
2024-12-25 14:55:46,300 - __main__ - DEBUG - Converted to MATLAB expression: 'diff(4*x^10, 'x')'
2024-12-25 14:55:46,347 - __main__ - DEBUG - Displayed Result: 40*x^9
2024-12-25 14:59:32,867 - __main__ - INFO - Initializing Calculator Application
2024-12-25 14:59:43,362 - __main__ - INFO - MATLAB engine started successfully
2024-12-25 15:00:38,696 - __main__ - DEBUG - Original expression: 'd2/dx2 4x^10'
2024-12-25 15:00:38,760 - __main__ - DEBUG - Converted to SymPy expression: 'Derivative(4*x**10, (x, 2))'
2024-12-25 15:00:38,760 - __main__ - DEBUG - Converted to MATLAB expression: 'diff(4*x^10, 'x', 2)'
2024-12-25 15:00:38,956 - __main__ - DEBUG - Displayed Result: 360*x^8
2024-12-25 15:00:56,366 - __main__ - DEBUG - Original expression: 'd3/dx3 4x^10'
2024-12-25 15:00:56,376 - __main__ - DEBUG - Converted to SymPy expression: 'Derivative(4*x**10, (x, 3))'
2024-12-25 15:00:56,377 - __main__ - DEBUG - Converted to MATLAB expression: 'diff(4*x^10, 'x', 3)'
2024-12-25 15:00:56,492 - __main__ - DEBUG - Displayed Result: 2880*x^7
2024-12-25 15:01:06,633 - __main__ - DEBUG - Original expression: 'iint xy'
2024-12-25 15:01:06,635 - __main__ - ERROR - Error in LaTeX calculation: Sympify of expression 'could not parse 'iint xy'' failed, because of exception being raised:
SyntaxError: invalid syntax (<string>, line 1)
ValueError: Error from parse_expr with transformed code: "Symbol ('iint' )Symbol ('xy' )"

The above exception was the direct cause of the following exception:

Traceback (most recent call last):
  File "/Users/goge/PycharmProjects/calculator_mat/venv/lib/python3.9/site-packages/sympy/core/sympify.py", line 481, in sympify
    expr = parse_expr(a, local_dict=locals, transformations=transformations, evaluate=evaluate)
  File "/Users/goge/PycharmProjects/calculator_mat/venv/lib/python3.9/site-packages/sympy/parsing/sympy_parser.py", line 1090, in parse_expr
    raise e from ValueError(f"Error from parse_expr with transformed code: {code!r}")
  File "/Users/goge/PycharmProjects/calculator_mat/venv/lib/python3.9/site-packages/sympy/parsing/sympy_parser.py", line 1081, in parse_expr
    rv = eval_expr(code, local_dict, global_dict)
  File "/Users/goge/PycharmProjects/calculator_mat/venv/lib/python3.9/site-packages/sympy/parsing/sympy_parser.py", line 909, in eval_expr
    expr = eval(
  File "<string>", line 1
    Symbol ('iint' )Symbol ('xy' )
                    ^
SyntaxError: invalid syntax

During handling of the above exception, another exception occurred:

Traceback (most recent call last):
  File "/Users/goge/PycharmProjects/calculator_mat/main.py", line 855, in handle_latex_calculation
    sympy_expr = parse_latex_expression(expression)
  File "/Users/goge/PycharmProjects/calculator_mat/main.py", line 106, in parse_latex_expression
    return sy.sympify(latex_expr)
  File "/Users/goge/PycharmProjects/calculator_mat/venv/lib/python3.9/site-packages/sympy/core/sympify.py", line 483, in sympify
    raise SympifyError('could not parse %r' % a, exc)
sympy.core.sympify.SympifyError: Sympify of expression 'could not parse 'iint xy'' failed, because of exception being raised:
SyntaxError: invalid syntax (<string>, line 1)
2024-12-25 15:01:20,570 - __main__ - INFO - Initializing Calculator Application
2024-12-25 15:01:29,117 - __main__ - INFO - MATLAB engine started successfully
2024-12-25 15:01:45,180 - __main__ - DEBUG - Original expression: 'int sin(x) dx'
2024-12-25 15:01:45,245 - __main__ - DEBUG - Converted to SymPy expression: 'Integral(sin(x), x)'
2024-12-25 15:01:45,245 - __main__ - DEBUG - Converted to MATLAB expression: 'int(sin(x), 'x')'
2024-12-25 15:01:45,728 - __main__ - DEBUG - Displayed Result: -(180*cos((x*pi)/180))/pi
2024-12-25 15:07:38,687 - __main__ - INFO - Initializing Calculator Application
2024-12-25 15:07:48,615 - __main__ - INFO - MATLAB engine started successfully
2024-12-25 15:07:59,058 - __main__ - DEBUG - Original expression: 'int sin(x) dx'
2024-12-25 15:07:59,127 - __main__ - DEBUG - Converted to SymPy expression: 'Integral(sin(x), x)'
2024-12-25 15:07:59,127 - __main__ - DEBUG - Converted to MATLAB expression: 'int(sin(x), 'x')'
2024-12-25 15:07:59,665 - __main__ - DEBUG - Displayed Result: -(180*cos((x*pi)/180))/pi
2024-12-25 15:09:13,614 - __main__ - INFO - Initializing Calculator Application
2024-12-25 15:09:22,729 - __main__ - INFO - MATLAB engine started successfully
2024-12-25 15:09:27,558 - __main__ - DEBUG - Original expression: 'sin(30)'
2024-12-25 15:09:27,626 - __main__ - DEBUG - Converted to SymPy expression: 'sin(30)'
2024-12-25 15:09:27,626 - __main__ - DEBUG - Converted to MATLAB expression: 'sin(30)'
2024-12-25 15:09:27,776 - __main__ - ERROR - Error in LaTeX calculation: MATLAB Error: 
  File /Applications/MATLAB_R2024b.app/toolbox/symbolic/symbolic/@sym/sym.m, line 956, in sym.subsref
Index exceeds the number of array elements. Index must not exceed 1.
Traceback (most recent call last):
  File "/Users/goge/PycharmProjects/calculator_mat/matlab_interface/evaluate_expression.py", line 132, in evaluate_matlab_expression
    self.eng.eval(matlab_cmd, nargout=0)
  File "/Users/goge/PycharmProjects/calculator_mat/venv/lib/python3.9/site-packages/matlab/engine/matlabengine.py", line 70, in __call__
    return FutureResult(self._engine(), future, nargs, _stdout,
  File "/Users/goge/PycharmProjects/calculator_mat/venv/lib/python3.9/site-packages/matlab/engine/futureresult.py", line 62, in result
    return self.__future.result(timeout)
  File "/Users/goge/PycharmProjects/calculator_mat/venv/lib/python3.9/site-packages/matlab/engine/fevalfuture.py", line 76, in result
    self._result = pythonengine.getFEvalResult(self._future,self._nargout, None, out=self._out, err=self._err)
matlab.engine.MatlabExecutionError: 
  File /Applications/MATLAB_R2024b.app/toolbox/symbolic/symbolic/@sym/sym.m, line 956, in sym.subsref
Index exceeds the number of array elements. Index must not exceed 1.


The above exception was the direct cause of the following exception:

Traceback (most recent call last):
  File "/Users/goge/PycharmProjects/calculator_mat/main.py", line 871, in handle_latex_calculation
    matlab_result = self.evaluate_expression(matlab_expression)
  File "/Users/goge/PycharmProjects/calculator_mat/main.py", line 896, in evaluate_expression
    return self.evaluator.evaluate_matlab_expression(matlab_expression)
  File "/Users/goge/PycharmProjects/calculator_mat/matlab_interface/evaluate_expression.py", line 159, in evaluate_matlab_expression
    raise ValueError(f"MATLAB Error: {me}") from me
ValueError: MATLAB Error: 
  File /Applications/MATLAB_R2024b.app/toolbox/symbolic/symbolic/@sym/sym.m, line 956, in sym.subsref
Index exceeds the number of array elements. Index must not exceed 1.

2024-12-25 15:17:26,500 - __main__ - INFO - Initializing Calculator Application
2024-12-25 15:17:37,436 - __main__ - INFO - MATLAB engine started successfully
2024-12-25 15:17:43,167 - __main__ - DEBUG - Original expression: 'sin(30)'
2024-12-25 15:17:43,235 - __main__ - DEBUG - Converted to SymPy expression: 'sin(30)'
2024-12-25 15:17:43,236 - __main__ - DEBUG - Converted to MATLAB expression: 'sin(30)'
2024-12-25 15:17:43,245 - __main__ - DEBUG - Displayed Result: 0.5
2024-12-25 15:32:52,875 - __main__ - INFO - Initializing Calculator Application
2024-12-25 15:33:04,667 - __main__ - INFO - MATLAB engine started successfully
2024-12-25 15:48:00,156 - __main__ - DEBUG - Original expression: 'int_{2}^{3} x dx'
2024-12-25 15:48:00,226 - __main__ - ERROR - Error in LaTeX calculation: Sympify of expression 'could not parse 'int_{2}^{3} x dx'' failed, because of exception being raised:
SyntaxError: invalid syntax (<string>, line 1)
ValueError: Error from parse_expr with transformed code: "Symbol ('int_' ){Integer (2 )}**{Integer (3 )}Symbol ('x' )Symbol ('dx' )"

The above exception was the direct cause of the following exception:

Traceback (most recent call last):
  File "/Users/goge/PycharmProjects/calculator_mat/venv/lib/python3.9/site-packages/sympy/core/sympify.py", line 481, in sympify
    expr = parse_expr(a, local_dict=locals, transformations=transformations, evaluate=evaluate)
  File "/Users/goge/PycharmProjects/calculator_mat/venv/lib/python3.9/site-packages/sympy/parsing/sympy_parser.py", line 1090, in parse_expr
    raise e from ValueError(f"Error from parse_expr with transformed code: {code!r}")
  File "/Users/goge/PycharmProjects/calculator_mat/venv/lib/python3.9/site-packages/sympy/parsing/sympy_parser.py", line 1081, in parse_expr
    rv = eval_expr(code, local_dict, global_dict)
  File "/Users/goge/PycharmProjects/calculator_mat/venv/lib/python3.9/site-packages/sympy/parsing/sympy_parser.py", line 909, in eval_expr
    expr = eval(
  File "<string>", line 1
    Symbol ('int_' ){Integer (2 )}**{Integer (3 )}Symbol ('x' )Symbol ('dx' )
                    ^
SyntaxError: invalid syntax

During handling of the above exception, another exception occurred:

Traceback (most recent call last):
  File "/Users/goge/PycharmProjects/calculator_mat/main.py", line 855, in handle_latex_calculation
    sympy_expr = parse_latex_expression(expression)
  File "/Users/goge/PycharmProjects/calculator_mat/main.py", line 106, in parse_latex_expression
    return sy.sympify(latex_expr)
  File "/Users/goge/PycharmProjects/calculator_mat/venv/lib/python3.9/site-packages/sympy/core/sympify.py", line 483, in sympify
    raise SympifyError('could not parse %r' % a, exc)
sympy.core.sympify.SympifyError: Sympify of expression 'could not parse 'int_{2}^{3} x dx'' failed, because of exception being raised:
SyntaxError: invalid syntax (<string>, line 1)
2024-12-25 15:50:43,196 - __main__ - INFO - Initializing Calculator Application
2024-12-25 15:50:53,951 - __main__ - INFO - MATLAB engine started successfully
2024-12-25 15:51:06,196 - __main__ - DEBUG - Original expression: 'int 2 to 3 x dx'
2024-12-25 15:51:06,255 - __main__ - ERROR - Error in LaTeX calculation: Sympify of expression 'could not parse '2 to 3 x'' failed, because of exception being raised:
SyntaxError: invalid syntax (<string>, line 1)
ValueError: Error from parse_expr with transformed code: "Integer (2 )Symbol ('to' )Integer (3 )Symbol ('x' )"

The above exception was the direct cause of the following exception:

Traceback (most recent call last):
  File "/Users/goge/PycharmProjects/calculator_mat/venv/lib/python3.9/site-packages/sympy/core/sympify.py", line 481, in sympify
    expr = parse_expr(a, local_dict=locals, transformations=transformations, evaluate=evaluate)
  File "/Users/goge/PycharmProjects/calculator_mat/venv/lib/python3.9/site-packages/sympy/parsing/sympy_parser.py", line 1090, in parse_expr
    raise e from ValueError(f"Error from parse_expr with transformed code: {code!r}")
  File "/Users/goge/PycharmProjects/calculator_mat/venv/lib/python3.9/site-packages/sympy/parsing/sympy_parser.py", line 1081, in parse_expr
    rv = eval_expr(code, local_dict, global_dict)
  File "/Users/goge/PycharmProjects/calculator_mat/venv/lib/python3.9/site-packages/sympy/parsing/sympy_parser.py", line 909, in eval_expr
    expr = eval(
  File "<string>", line 1
    Integer (2 )Symbol ('to' )Integer (3 )Symbol ('x' )
                ^
SyntaxError: invalid syntax

During handling of the above exception, another exception occurred:

Traceback (most recent call last):
  File "/Users/goge/PycharmProjects/calculator_mat/main.py", line 855, in handle_latex_calculation
    sympy_expr = parse_latex_expression(expression)
  File "/Users/goge/PycharmProjects/calculator_mat/main.py", line 103, in parse_latex_expression
    latex_expr = re.sub(integral_pattern, lambda m: replace_integral(m), latex_expr)
  File "/Library/Developer/CommandLineTools/Library/Frameworks/Python3.framework/Versions/3.9/lib/python3.9/re.py", line 210, in sub
    return _compile(pattern, flags).sub(repl, string, count)
  File "/Users/goge/PycharmProjects/calculator_mat/main.py", line 103, in <lambda>
    latex_expr = re.sub(integral_pattern, lambda m: replace_integral(m), latex_expr)
  File "/Users/goge/PycharmProjects/calculator_mat/main.py", line 100, in replace_integral
    sympy_expr = sy.sympify(expr.replace('^', '**'))
  File "/Users/goge/PycharmProjects/calculator_mat/venv/lib/python3.9/site-packages/sympy/core/sympify.py", line 483, in sympify
    raise SympifyError('could not parse %r' % a, exc)
sympy.core.sympify.SympifyError: Sympify of expression 'could not parse '2 to 3 x'' failed, because of exception being raised:
SyntaxError: invalid syntax (<string>, line 1)
2024-12-25 15:51:37,323 - __main__ - INFO - Initializing Calculator Application
2024-12-25 15:51:47,273 - __main__ - INFO - MATLAB engine started successfully
2024-12-25 15:52:19,219 - __main__ - DEBUG - Original expression: 'int x dx'
2024-12-25 15:52:19,300 - __main__ - DEBUG - Converted to SymPy expression: 'Integral(x, x)'
2024-12-25 15:52:19,300 - __main__ - DEBUG - Converted to MATLAB expression: 'int(x, 'x')'
2024-12-25 15:52:20,514 - __main__ - DEBUG - Displayed Result: x^2/2
2024-12-25 15:52:29,597 - __main__ - DEBUG - Original expression: 'int (2 to 3) x dx'
2024-12-25 15:52:29,606 - __main__ - ERROR - Error in LaTeX calculation: Sympify of expression 'could not parse '(2 to 3) x'' failed, because of exception being raised:
SyntaxError: invalid syntax (<string>, line 1)
ValueError: Error from parse_expr with transformed code: "(Integer (2 )Symbol ('to' )Integer (3 ))Symbol ('x' )"

The above exception was the direct cause of the following exception:

Traceback (most recent call last):
  File "/Users/goge/PycharmProjects/calculator_mat/venv/lib/python3.9/site-packages/sympy/core/sympify.py", line 481, in sympify
    expr = parse_expr(a, local_dict=locals, transformations=transformations, evaluate=evaluate)
  File "/Users/goge/PycharmProjects/calculator_mat/venv/lib/python3.9/site-packages/sympy/parsing/sympy_parser.py", line 1090, in parse_expr
    raise e from ValueError(f"Error from parse_expr with transformed code: {code!r}")
  File "/Users/goge/PycharmProjects/calculator_mat/venv/lib/python3.9/site-packages/sympy/parsing/sympy_parser.py", line 1081, in parse_expr
    rv = eval_expr(code, local_dict, global_dict)
  File "/Users/goge/PycharmProjects/calculator_mat/venv/lib/python3.9/site-packages/sympy/parsing/sympy_parser.py", line 909, in eval_expr
    expr = eval(
  File "<string>", line 1
    (Integer (2 )Symbol ('to' )Integer (3 ))Symbol ('x' )
                 ^
SyntaxError: invalid syntax

During handling of the above exception, another exception occurred:

Traceback (most recent call last):
  File "/Users/goge/PycharmProjects/calculator_mat/main.py", line 855, in handle_latex_calculation
    sympy_expr = parse_latex_expression(expression)
  File "/Users/goge/PycharmProjects/calculator_mat/main.py", line 103, in parse_latex_expression
    latex_expr = re.sub(integral_pattern, lambda m: replace_integral(m), latex_expr)
  File "/Library/Developer/CommandLineTools/Library/Frameworks/Python3.framework/Versions/3.9/lib/python3.9/re.py", line 210, in sub
    return _compile(pattern, flags).sub(repl, string, count)
  File "/Users/goge/PycharmProjects/calculator_mat/main.py", line 103, in <lambda>
    latex_expr = re.sub(integral_pattern, lambda m: replace_integral(m), latex_expr)
  File "/Users/goge/PycharmProjects/calculator_mat/main.py", line 100, in replace_integral
    sympy_expr = sy.sympify(expr.replace('^', '**'))
  File "/Users/goge/PycharmProjects/calculator_mat/venv/lib/python3.9/site-packages/sympy/core/sympify.py", line 483, in sympify
    raise SympifyError('could not parse %r' % a, exc)
sympy.core.sympify.SympifyError: Sympify of expression 'could not parse '(2 to 3) x'' failed, because of exception being raised:
SyntaxError: invalid syntax (<string>, line 1)
2024-12-25 16:07:16,718 - __main__ - INFO - Initializing Calculator Application
2024-12-25 16:07:26,751 - __main__ - INFO - MATLAB engine started successfully
2024-12-25 16:08:41,822 - __main__ - DEBUG - Original expression: 'int (2 to 3) x dx'
2024-12-25 16:08:41,889 - __main__ - ERROR - Error in LaTeX calculation: Sympify of expression 'could not parse '(2 to 3) x'' failed, because of exception being raised:
SyntaxError: invalid syntax (<string>, line 1)
ValueError: Error from parse_expr with transformed code: "(Integer (2 )Symbol ('to' )Integer (3 ))Symbol ('x' )"

The above exception was the direct cause of the following exception:

Traceback (most recent call last):
  File "/Users/goge/PycharmProjects/calculator_mat/venv/lib/python3.9/site-packages/sympy/core/sympify.py", line 481, in sympify
    expr = parse_expr(a, local_dict=locals, transformations=transformations, evaluate=evaluate)
  File "/Users/goge/PycharmProjects/calculator_mat/venv/lib/python3.9/site-packages/sympy/parsing/sympy_parser.py", line 1090, in parse_expr
    raise e from ValueError(f"Error from parse_expr with transformed code: {code!r}")
  File "/Users/goge/PycharmProjects/calculator_mat/venv/lib/python3.9/site-packages/sympy/parsing/sympy_parser.py", line 1081, in parse_expr
    rv = eval_expr(code, local_dict, global_dict)
  File "/Users/goge/PycharmProjects/calculator_mat/venv/lib/python3.9/site-packages/sympy/parsing/sympy_parser.py", line 909, in eval_expr
    expr = eval(
  File "<string>", line 1
    (Integer (2 )Symbol ('to' )Integer (3 ))Symbol ('x' )
                 ^
SyntaxError: invalid syntax

During handling of the above exception, another exception occurred:

Traceback (most recent call last):
  File "/Users/goge/PycharmProjects/calculator_mat/main.py", line 855, in handle_latex_calculation
    sympy_expr = parse_latex_expression(expression)
  File "/Users/goge/PycharmProjects/calculator_mat/main.py", line 103, in parse_latex_expression
    latex_expr = re.sub(integral_pattern, lambda m: replace_integral(m), latex_expr)
  File "/Library/Developer/CommandLineTools/Library/Frameworks/Python3.framework/Versions/3.9/lib/python3.9/re.py", line 210, in sub
    return _compile(pattern, flags).sub(repl, string, count)
  File "/Users/goge/PycharmProjects/calculator_mat/main.py", line 103, in <lambda>
    latex_expr = re.sub(integral_pattern, lambda m: replace_integral(m), latex_expr)
  File "/Users/goge/PycharmProjects/calculator_mat/main.py", line 100, in replace_integral
    sympy_expr = sy.sympify(expr.replace('^', '**'))
  File "/Users/goge/PycharmProjects/calculator_mat/venv/lib/python3.9/site-packages/sympy/core/sympify.py", line 483, in sympify
    raise SympifyError('could not parse %r' % a, exc)
sympy.core.sympify.SympifyError: Sympify of expression 'could not parse '(2 to 3) x'' failed, because of exception being raised:
SyntaxError: invalid syntax (<string>, line 1)
2024-12-25 16:19:04,825 - __main__ - INFO - Initializing Calculator Application
2024-12-25 16:19:16,369 - __main__ - INFO - MATLAB engine started successfully
2024-12-25 16:19:20,515 - __main__ - DEBUG - Original expression: 'int x dx'
2024-12-25 16:19:20,577 - __main__ - ERROR - Error in LaTeX calculation: Sympify of expression 'could not parse 'int x dx'' failed, because of exception being raised:
SyntaxError: invalid syntax (<string>, line 1)
ValueError: Error from parse_expr with transformed code: "Symbol ('int' )Symbol ('x' )Symbol ('dx' )"

The above exception was the direct cause of the following exception:

Traceback (most recent call last):
  File "/Users/goge/PycharmProjects/calculator_mat/venv/lib/python3.9/site-packages/sympy/core/sympify.py", line 481, in sympify
    expr = parse_expr(a, local_dict=locals, transformations=transformations, evaluate=evaluate)
  File "/Users/goge/PycharmProjects/calculator_mat/venv/lib/python3.9/site-packages/sympy/parsing/sympy_parser.py", line 1090, in parse_expr
    raise e from ValueError(f"Error from parse_expr with transformed code: {code!r}")
  File "/Users/goge/PycharmProjects/calculator_mat/venv/lib/python3.9/site-packages/sympy/parsing/sympy_parser.py", line 1081, in parse_expr
    rv = eval_expr(code, local_dict, global_dict)
  File "/Users/goge/PycharmProjects/calculator_mat/venv/lib/python3.9/site-packages/sympy/parsing/sympy_parser.py", line 909, in eval_expr
    expr = eval(
  File "<string>", line 1
    Symbol ('int' )Symbol ('x' )Symbol ('dx' )
                   ^
SyntaxError: invalid syntax

During handling of the above exception, another exception occurred:

Traceback (most recent call last):
  File "/Users/goge/PycharmProjects/calculator_mat/main.py", line 869, in handle_latex_calculation
    sympy_expr = parse_latex_expression(expression)
  File "/Users/goge/PycharmProjects/calculator_mat/main.py", line 120, in parse_latex_expression
    return sy.sympify(latex_expr)
  File "/Users/goge/PycharmProjects/calculator_mat/venv/lib/python3.9/site-packages/sympy/core/sympify.py", line 483, in sympify
    raise SympifyError('could not parse %r' % a, exc)
sympy.core.sympify.SympifyError: Sympify of expression 'could not parse 'int x dx'' failed, because of exception being raised:
SyntaxError: invalid syntax (<string>, line 1)
2024-12-25 16:20:35,929 - __main__ - INFO - Initializing Calculator Application
2024-12-25 16:20:45,390 - __main__ - INFO - MATLAB engine started successfully
2024-12-25 16:21:28,401 - __main__ - DEBUG - Original expression: 'int x dx'
2024-12-25 16:21:28,469 - __main__ - DEBUG - Converted to SymPy expression: 'Integral(x, x)'
2024-12-25 16:21:28,469 - __main__ - DEBUG - Converted to MATLAB expression: 'int(x, 'x')'
2024-12-25 16:21:28,916 - __main__ - DEBUG - Displayed Result: x^2/2
2024-12-25 16:21:36,224 - __main__ - DEBUG - Original expression: 'int (2 to 3) x dx'
2024-12-25 16:21:36,226 - __main__ - ERROR - Error in LaTeX calculation: Sympify of expression 'could not parse '(2 to 3) x'' failed, because of exception being raised:
SyntaxError: invalid syntax (<string>, line 1)
ValueError: Error from parse_expr with transformed code: "(Integer (2 )Symbol ('to' )Integer (3 ))Symbol ('x' )"

The above exception was the direct cause of the following exception:

Traceback (most recent call last):
  File "/Users/goge/PycharmProjects/calculator_mat/venv/lib/python3.9/site-packages/sympy/core/sympify.py", line 481, in sympify
    expr = parse_expr(a, local_dict=locals, transformations=transformations, evaluate=evaluate)
  File "/Users/goge/PycharmProjects/calculator_mat/venv/lib/python3.9/site-packages/sympy/parsing/sympy_parser.py", line 1090, in parse_expr
    raise e from ValueError(f"Error from parse_expr with transformed code: {code!r}")
  File "/Users/goge/PycharmProjects/calculator_mat/venv/lib/python3.9/site-packages/sympy/parsing/sympy_parser.py", line 1081, in parse_expr
    rv = eval_expr(code, local_dict, global_dict)
  File "/Users/goge/PycharmProjects/calculator_mat/venv/lib/python3.9/site-packages/sympy/parsing/sympy_parser.py", line 909, in eval_expr
    expr = eval(
  File "<string>", line 1
    (Integer (2 )Symbol ('to' )Integer (3 ))Symbol ('x' )
                 ^
SyntaxError: invalid syntax

During handling of the above exception, another exception occurred:

Traceback (most recent call last):
  File "/Users/goge/PycharmProjects/calculator_mat/main.py", line 869, in handle_latex_calculation
    sympy_expr = parse_latex_expression(expression)
  File "/Users/goge/PycharmProjects/calculator_mat/main.py", line 117, in parse_latex_expression
    latex_expr = re.sub(indefinite_integral_pattern, lambda m: replace_indefinite_integral(m), latex_expr)
  File "/Library/Developer/CommandLineTools/Library/Frameworks/Python3.framework/Versions/3.9/lib/python3.9/re.py", line 210, in sub
    return _compile(pattern, flags).sub(repl, string, count)
  File "/Users/goge/PycharmProjects/calculator_mat/main.py", line 117, in <lambda>
    latex_expr = re.sub(indefinite_integral_pattern, lambda m: replace_indefinite_integral(m), latex_expr)
  File "/Users/goge/PycharmProjects/calculator_mat/main.py", line 114, in replace_indefinite_integral
    sympy_expr = sy.sympify(expr.replace('^', '**'))
  File "/Users/goge/PycharmProjects/calculator_mat/venv/lib/python3.9/site-packages/sympy/core/sympify.py", line 483, in sympify
    raise SympifyError('could not parse %r' % a, exc)
sympy.core.sympify.SympifyError: Sympify of expression 'could not parse '(2 to 3) x'' failed, because of exception being raised:
SyntaxError: invalid syntax (<string>, line 1)
2024-12-25 16:28:53,466 - __main__ - INFO - Initializing Calculator Application
2024-12-25 16:29:03,707 - __main__ - INFO - MATLAB engine started successfully
2024-12-25 16:29:11,057 - __main__ - DEBUG - Original expression: 'int x dx'
2024-12-25 16:29:11,112 - __main__ - DEBUG - Converted to SymPy expression: 'int(x, x)'
2024-12-25 16:29:11,112 - __main__ - DEBUG - Converted to MATLAB expression: 'int(x, x)'
2024-12-25 16:29:11,330 - __main__ - DEBUG - Displayed Result: x^2/2
2024-12-25 16:29:21,889 - __main__ - DEBUG - Original expression: 'int (2 to 3) x dx'
2024-12-25 16:29:21,892 - __main__ - DEBUG - Converted to SymPy expression: 'int(x, x, 2, 3)'
2024-12-25 16:29:21,893 - __main__ - DEBUG - Converted to MATLAB expression: 'int(x, x, 2, 3)'
2024-12-25 16:29:21,967 - __main__ - DEBUG - Displayed Result: 2.5
2024-12-25 16:30:13,606 - __main__ - DEBUG - Original expression: 'int (2 to 3) ln(x) dx'
2024-12-25 16:30:13,623 - __main__ - DEBUG - Converted to SymPy expression: 'int(log(x), x, 2, 3)'
2024-12-25 16:30:13,624 - __main__ - DEBUG - Converted to MATLAB expression: 'int(log(x), x, 2, 3)'
2024-12-25 16:30:13,998 - __main__ - DEBUG - Displayed Result: 0.9095425048844384
2024-12-25 22:09:14,639 - __main__ - INFO - Initializing Calculator Application
2024-12-25 22:09:32,752 - __main__ - INFO - MATLAB engine started successfully
2024-12-25 22:10:26,709 - __main__ - DEBUG - Original expression: 'int (e to ln(2)) x dx'
2024-12-25 22:10:26,762 - __main__ - ERROR - Error in LaTeX calculation: Sympify of expression 'could not parse 'int((e to ln(2)) x, x)'' failed, because of exception being raised:
SyntaxError: invalid syntax (<string>, line 1)
ValueError: Error from parse_expr with transformed code: "Function ('int' )((Symbol ('e' )Symbol ('to' )ln (Integer (2 )))Symbol ('x' ),Symbol ('x' ))"

The above exception was the direct cause of the following exception:

Traceback (most recent call last):
  File "/Users/goge/PycharmProjects/calculator_mat/venv/lib/python3.9/site-packages/sympy/core/sympify.py", line 481, in sympify
    expr = parse_expr(a, local_dict=locals, transformations=transformations, evaluate=evaluate)
  File "/Users/goge/PycharmProjects/calculator_mat/venv/lib/python3.9/site-packages/sympy/parsing/sympy_parser.py", line 1090, in parse_expr
    raise e from ValueError(f"Error from parse_expr with transformed code: {code!r}")
  File "/Users/goge/PycharmProjects/calculator_mat/venv/lib/python3.9/site-packages/sympy/parsing/sympy_parser.py", line 1081, in parse_expr
    rv = eval_expr(code, local_dict, global_dict)
  File "/Users/goge/PycharmProjects/calculator_mat/venv/lib/python3.9/site-packages/sympy/parsing/sympy_parser.py", line 909, in eval_expr
    expr = eval(
  File "<string>", line 1
    Function ('int' )((Symbol ('e' )Symbol ('to' )ln (Integer (2 )))Symbol ('x' ),Symbol ('x' ))
                                    ^
SyntaxError: invalid syntax

During handling of the above exception, another exception occurred:

Traceback (most recent call last):
  File "/Users/goge/PycharmProjects/calculator_mat/main.py", line 849, in handle_latex_calculation
    sympy_expr = parse_latex_expression(expression)
  File "/Users/goge/PycharmProjects/calculator_mat/main.py", line 100, in parse_latex_expression
    return sy.sympify(latex_expr)
  File "/Users/goge/PycharmProjects/calculator_mat/venv/lib/python3.9/site-packages/sympy/core/sympify.py", line 483, in sympify
    raise SympifyError('could not parse %r' % a, exc)
sympy.core.sympify.SympifyError: Sympify of expression 'could not parse 'int((e to ln(2)) x, x)'' failed, because of exception being raised:
SyntaxError: invalid syntax (<string>, line 1)
2024-12-25 22:10:53,318 - __main__ - DEBUG - Original expression: 'int x dx'
2024-12-25 22:10:53,324 - __main__ - DEBUG - Converted to SymPy expression: 'int(x, x)'
2024-12-25 22:10:53,324 - __main__ - DEBUG - Converted to MATLAB expression: 'int(x, x)'
2024-12-25 22:10:53,758 - __main__ - DEBUG - Displayed Result: x^2/2
2024-12-25 22:10:57,201 - __main__ - DEBUG - Original expression: 'int e^x dx'
2024-12-25 22:10:57,205 - __main__ - DEBUG - Converted to SymPy expression: 'int(e**x, x)'
2024-12-25 22:10:57,205 - __main__ - DEBUG - Converted to MATLAB expression: 'int(e^x, x)'
2024-12-25 22:10:57,446 - __main__ - DEBUG - Displayed Result: e^x/ln(e)
2024-12-25 22:17:33,906 - __main__ - INFO - Initializing Calculator Application
2024-12-25 22:17:43,746 - __main__ - INFO - MATLAB engine started successfully
2024-12-25 22:19:22,676 - __main__ - DEBUG - Original expression: 'int (e to ln(2)) x dx'
2024-12-25 22:19:22,726 - __main__ - ERROR - Error in LaTeX calculation: Sympify of expression 'could not parse 'int((e to ln(2)) x, x)'' failed, because of exception being raised:
SyntaxError: invalid syntax (<string>, line 1)
ValueError: Error from parse_expr with transformed code: "Function ('int' )((Symbol ('e' )Symbol ('to' )ln (Integer (2 )))Symbol ('x' ),Symbol ('x' ))"

The above exception was the direct cause of the following exception:

Traceback (most recent call last):
  File "/Users/goge/PycharmProjects/calculator_mat/venv/lib/python3.9/site-packages/sympy/core/sympify.py", line 481, in sympify
    expr = parse_expr(a, local_dict=locals, transformations=transformations, evaluate=evaluate)
  File "/Users/goge/PycharmProjects/calculator_mat/venv/lib/python3.9/site-packages/sympy/parsing/sympy_parser.py", line 1090, in parse_expr
    raise e from ValueError(f"Error from parse_expr with transformed code: {code!r}")
  File "/Users/goge/PycharmProjects/calculator_mat/venv/lib/python3.9/site-packages/sympy/parsing/sympy_parser.py", line 1081, in parse_expr
    rv = eval_expr(code, local_dict, global_dict)
  File "/Users/goge/PycharmProjects/calculator_mat/venv/lib/python3.9/site-packages/sympy/parsing/sympy_parser.py", line 909, in eval_expr
    expr = eval(
  File "<string>", line 1
    Function ('int' )((Symbol ('e' )Symbol ('to' )ln (Integer (2 )))Symbol ('x' ),Symbol ('x' ))
                                    ^
SyntaxError: invalid syntax

During handling of the above exception, another exception occurred:

Traceback (most recent call last):
  File "/Users/goge/PycharmProjects/calculator_mat/main.py", line 849, in handle_latex_calculation
    sympy_expr = parse_latex_expression(expression)
  File "/Users/goge/PycharmProjects/calculator_mat/main.py", line 100, in parse_latex_expression
    return sy.sympify(latex_expr)
  File "/Users/goge/PycharmProjects/calculator_mat/venv/lib/python3.9/site-packages/sympy/core/sympify.py", line 483, in sympify
    raise SympifyError('could not parse %r' % a, exc)
sympy.core.sympify.SympifyError: Sympify of expression 'could not parse 'int((e to ln(2)) x, x)'' failed, because of exception being raised:
SyntaxError: invalid syntax (<string>, line 1)
2024-12-25 22:21:51,707 - __main__ - DEBUG - Original expression: 'sin(465)'
2024-12-25 22:21:51,723 - __main__ - DEBUG - Converted to SymPy expression: 'sin(465)'
2024-12-25 22:21:51,723 - __main__ - DEBUG - Converted to MATLAB expression: 'sin(465)'
2024-12-25 22:21:51,864 - __main__ - DEBUG - Displayed Result: 0.9659258262890683
2024-12-25 22:28:02,802 - __main__ - INFO - Initializing Calculator Application
2024-12-25 22:28:12,466 - __main__ - INFO - MATLAB engine started successfully
2024-12-25 22:28:18,733 - __main__ - DEBUG - Original expression: 'int x dx'
2024-12-25 22:28:18,733 - __main__ - DEBUG - Original expression: 'int x dx'
2024-12-25 22:28:18,735 - __main__ - DEBUG - Converted integral expression: 'int(x, x)'
2024-12-25 22:28:18,736 - __main__ - DEBUG - After explicit multiplication: 'int(x, x)'
2024-12-25 22:28:18,736 - __main__ - DEBUG - After handling derivatives: 'int(x, x)'
2024-12-25 22:28:18,786 - __main__ - DEBUG - SymPy expression: int(x, x)
2024-12-25 22:28:18,786 - __main__ - DEBUG - Parsed SymPy expression: int(x, x)
2024-12-25 22:28:18,788 - __main__ - ERROR - Error in LaTeX calculation: 'SympyToMatlab' object has no attribute '_handle_list_expression'
2024-12-25 22:35:26,989 - __main__ - INFO - Initializing Calculator Application
2024-12-25 22:35:35,755 - __main__ - INFO - MATLAB engine started successfully
2024-12-25 22:35:40,511 - __main__ - DEBUG - Original expression: 'sin(30)'
2024-12-25 22:35:40,511 - __main__ - DEBUG - Original expression: 'sin(30)'
2024-12-25 22:35:40,514 - __main__ - DEBUG - Converted integral expression: 'sin(30)'
2024-12-25 22:35:40,516 - __main__ - DEBUG - After explicit multiplication: 'sin(30)'
2024-12-25 22:35:40,516 - __main__ - DEBUG - After handling derivatives: 'sin(30)'
2024-12-25 22:35:40,581 - __main__ - DEBUG - SymPy expression: sin(30)
2024-12-25 22:35:40,581 - __main__ - DEBUG - Converted to SymPy expression: 'sin(30)'
2024-12-25 22:35:40,581 - __main__ - DEBUG - Converted to MATLAB expression: 'sin(30)'
2024-12-25 22:35:40,589 - __main__ - DEBUG - Displayed Result: 0.5
2024-12-25 22:35:46,592 - __main__ - DEBUG - Original expression: 'int 1/x dx'
2024-12-25 22:35:46,592 - __main__ - DEBUG - Original expression: 'int 1/x dx'
2024-12-25 22:35:46,592 - __main__ - DEBUG - Converted integral expression: 'int(1/x, x)'
2024-12-25 22:35:46,592 - __main__ - DEBUG - After explicit multiplication: 'int(1/x, x)'
2024-12-25 22:35:46,593 - __main__ - DEBUG - After handling derivatives: 'int(1/x, x)'
2024-12-25 22:35:46,594 - __main__ - DEBUG - SymPy expression: int(1/x, x)
2024-12-25 22:35:46,594 - __main__ - DEBUG - Converted to SymPy expression: 'int(1/x, x)'
2024-12-25 22:35:46,595 - __main__ - DEBUG - Converted to MATLAB expression: 'int(1/x, x)'
2024-12-25 22:35:46,790 - __main__ - DEBUG - Displayed Result: ln(x)
2024-12-25 22:35:50,567 - __main__ - DEBUG - Original expression: 'int x^2 dx'
2024-12-25 22:35:50,567 - __main__ - DEBUG - Original expression: 'int x^2 dx'
2024-12-25 22:35:50,567 - __main__ - DEBUG - Converted integral expression: 'int(x^2, x)'
2024-12-25 22:35:50,567 - __main__ - DEBUG - After explicit multiplication: 'int(x^2, x)'
2024-12-25 22:35:50,567 - __main__ - DEBUG - After handling derivatives: 'int(x^2, x)'
2024-12-25 22:35:50,568 - __main__ - DEBUG - SymPy expression: int(x**2, x)
2024-12-25 22:35:50,568 - __main__ - DEBUG - Converted to SymPy expression: 'int(x**2, x)'
2024-12-25 22:35:50,568 - __main__ - DEBUG - Converted to MATLAB expression: 'int(x^2, x)'
2024-12-25 22:35:50,656 - __main__ - DEBUG - Displayed Result: x^3/3
2024-12-25 22:35:57,858 - __main__ - DEBUG - Original expression: 'int (2 to 3) x^2 dx'
2024-12-25 22:35:57,859 - __main__ - DEBUG - Original expression: 'int (2 to 3) x^2 dx'
2024-12-25 22:35:57,859 - __main__ - DEBUG - Converted integral expression: 'int(x^2, x, 2, 3)'
2024-12-25 22:35:57,859 - __main__ - DEBUG - After explicit multiplication: 'int(x^2, x, 2, 3)'
2024-12-25 22:35:57,859 - __main__ - DEBUG - After handling derivatives: 'int(x^2, x, 2, 3)'
2024-12-25 22:35:57,860 - __main__ - DEBUG - SymPy expression: int(x**2, x, 2, 3)
2024-12-25 22:35:57,861 - __main__ - DEBUG - Converted to SymPy expression: 'int(x**2, x, 2, 3)'
2024-12-25 22:35:57,861 - __main__ - DEBUG - Converted to MATLAB expression: 'int(x^2, x, 2, 3)'
2024-12-25 22:35:57,920 - __main__ - DEBUG - Displayed Result: 6.333333333333333
2024-12-25 22:36:07,910 - __main__ - DEBUG - Original expression: 'int (2 to 3) ln(x) dx'
2024-12-25 22:36:07,911 - __main__ - DEBUG - Original expression: 'int (2 to 3) ln(x) dx'
2024-12-25 22:36:07,911 - __main__ - DEBUG - Converted integral expression: 'int(ln(x), x, 2, 3)'
2024-12-25 22:36:07,911 - __main__ - DEBUG - After explicit multiplication: 'int(ln(x), x, 2, 3)'
2024-12-25 22:36:07,912 - __main__ - DEBUG - After handling derivatives: 'int(ln(x), x, 2, 3)'
2024-12-25 22:36:07,913 - __main__ - DEBUG - SymPy expression: int(log(x), x, 2, 3)
2024-12-25 22:36:07,914 - __main__ - DEBUG - Converted to SymPy expression: 'int(log(x), x, 2, 3)'
2024-12-25 22:36:07,914 - __main__ - DEBUG - Converted to MATLAB expression: 'int(log(x), x, 2, 3)'
2024-12-25 22:36:08,235 - __main__ - DEBUG - Displayed Result: 0.9095425048844384
2024-12-25 22:36:14,560 - __main__ - DEBUG - Original expression: 'int (2 to 3) log10(x) dx'
2024-12-25 22:36:14,562 - __main__ - DEBUG - Original expression: 'int (2 to 3) log10(x) dx'
2024-12-25 22:36:14,562 - __main__ - DEBUG - Converted integral expression: 'int(log10(x), x, 2, 3)'
2024-12-25 22:36:14,562 - __main__ - DEBUG - After explicit multiplication: 'int(log10(x), x, 2, 3)'
2024-12-25 22:36:14,562 - __main__ - DEBUG - After handling derivatives: 'int(log10(x), x, 2, 3)'
2024-12-25 22:36:14,570 - __main__ - DEBUG - SymPy expression: int(log10(x), x, 2, 3)
2024-12-25 22:36:14,571 - __main__ - DEBUG - Converted to SymPy expression: 'int(log10(x), x, 2, 3)'
2024-12-25 22:36:14,571 - __main__ - DEBUG - Converted to MATLAB expression: 'int(log10(x), x, 2, 3)'
2024-12-25 22:36:14,626 - __main__ - DEBUG - Displayed Result: 0.3950092909277731
2024-12-25 22:36:21,209 - __main__ - DEBUG - Original expression: 'int (e to 3) log10(x) dx'
2024-12-25 22:36:21,210 - __main__ - DEBUG - Original expression: 'int (e to 3) log10(x) dx'
2024-12-25 22:36:21,210 - __main__ - DEBUG - Converted integral expression: 'int(log10(x), x, e, 3)'
2024-12-25 22:36:21,210 - __main__ - DEBUG - After explicit multiplication: 'int(log10(x), x, e, 3)'
2024-12-25 22:36:21,210 - __main__ - DEBUG - After handling derivatives: 'int(log10(x), x, e, 3)'
2024-12-25 22:36:21,212 - __main__ - DEBUG - SymPy expression: int(log10(x), x, e, 3)
2024-12-25 22:36:21,212 - __main__ - DEBUG - Converted to SymPy expression: 'int(log10(x), x, e, 3)'
2024-12-25 22:36:21,213 - __main__ - DEBUG - Converted to MATLAB expression: 'int(log10(x), x, e, 3)'
2024-12-25 22:36:21,558 - __main__ - DEBUG - Displayed Result: -(e*(ln(e) - 1) - ln(27) + 3)/ln(10)
2024-12-25 22:36:49,443 - __main__ - DEBUG - Original expression: 'int (ln(2) to e) x^2 dx'
2024-12-25 22:36:49,444 - __main__ - DEBUG - Original expression: 'int (ln(2) to e) x^2 dx'
2024-12-25 22:36:49,444 - __main__ - DEBUG - Converted integral expression: 'int((ln(2) to e) x^2, x)'
2024-12-25 22:36:49,444 - __main__ - DEBUG - After explicit multiplication: 'int((ln(2) to e) x^2, x)'
2024-12-25 22:36:49,445 - __main__ - DEBUG - After handling derivatives: 'int((ln(2) to e) x^2, x)'
2024-12-25 22:36:49,447 - __main__ - ERROR - Sympify error: Sympify of expression 'could not parse 'int((ln(2) to e) x^2, x)'' failed, because of exception being raised:
SyntaxError: invalid syntax (<string>, line 1)
2024-12-25 22:36:49,447 - __main__ - ERROR - Error in LaTeX calculation: Sympify of expression 'could not parse 'int((ln(2) to e) x^2, x)'' failed, because of exception being raised:
SyntaxError: invalid syntax (<string>, line 1)
ValueError: Error from parse_expr with transformed code: "Function ('int' )((ln (Integer (2 ))Symbol ('to' )Symbol ('e' ))Symbol ('x' )**Integer (2 ),Symbol ('x' ))"

The above exception was the direct cause of the following exception:

Traceback (most recent call last):
  File "/Users/goge/PycharmProjects/calculator_mat/venv/lib/python3.9/site-packages/sympy/core/sympify.py", line 481, in sympify
    expr = parse_expr(a, local_dict=locals, transformations=transformations, evaluate=evaluate)
  File "/Users/goge/PycharmProjects/calculator_mat/venv/lib/python3.9/site-packages/sympy/parsing/sympy_parser.py", line 1090, in parse_expr
    raise e from ValueError(f"Error from parse_expr with transformed code: {code!r}")
  File "/Users/goge/PycharmProjects/calculator_mat/venv/lib/python3.9/site-packages/sympy/parsing/sympy_parser.py", line 1081, in parse_expr
    rv = eval_expr(code, local_dict, global_dict)
  File "/Users/goge/PycharmProjects/calculator_mat/venv/lib/python3.9/site-packages/sympy/parsing/sympy_parser.py", line 909, in eval_expr
    expr = eval(
  File "<string>", line 1
    Function ('int' )((ln (Integer (2 ))Symbol ('to' )Symbol ('e' ))Symbol ('x' )**Integer (2 ),Symbol ('x' ))
                                        ^
SyntaxError: invalid syntax

During handling of the above exception, another exception occurred:

Traceback (most recent call last):
  File "/Users/goge/PycharmProjects/calculator_mat/main.py", line 909, in handle_latex_calculation
    sympy_expr = parse_latex_expression(expression)
  File "/Users/goge/PycharmProjects/calculator_mat/main.py", line 123, in parse_latex_expression
    sympy_expr = sy.sympify(latex_expr, locals=local_dict)
  File "/Users/goge/PycharmProjects/calculator_mat/venv/lib/python3.9/site-packages/sympy/core/sympify.py", line 483, in sympify
    raise SympifyError('could not parse %r' % a, exc)
sympy.core.sympify.SympifyError: Sympify of expression 'could not parse 'int((ln(2) to e) x^2, x)'' failed, because of exception being raised:
SyntaxError: invalid syntax (<string>, line 1)
2024-12-25 22:47:00,591 - __main__ - INFO - Initializing Calculator Application
2024-12-25 22:47:09,480 - __main__ - INFO - MATLAB engine started successfully
2024-12-25 22:50:50,161 - __main__ - INFO - Initializing Calculator Application
2024-12-25 22:50:59,105 - __main__ - INFO - MATLAB engine started successfully
2024-12-25 22:51:03,958 - __main__ - DEBUG - Original expression: 'int x dx'
2024-12-25 22:51:03,958 - __main__ - DEBUG - Original expression: 'int x dx'
2024-12-25 22:51:03,961 - __main__ - DEBUG - Converted integral expression: 'Integral(x, x)'
2024-12-25 22:51:03,962 - __main__ - DEBUG - After explicit multiplication: 'Integral(x, x)'
2024-12-25 22:51:03,962 - __main__ - DEBUG - After handling derivatives: 'Integral(x, x)'
2024-12-25 22:51:04,014 - __main__ - DEBUG - SymPy expression: Integral(x, x)
2024-12-25 22:51:04,014 - __main__ - DEBUG - Parsed SymPy expression: Integral(x, x)
2024-12-25 22:51:04,014 - __main__ - DEBUG - Converted MATLAB expression: Integral(x, x)
2024-12-25 22:51:04,208 - __main__ - ERROR - Error in LaTeX calculation: MATLAB Error: 
  File /Applications/MATLAB_R2024b.app/toolbox/symbolic/symbolic/@sym/sym.m, line 912, in sym.subsindex

  File /Applications/MATLAB_R2024b.app/toolbox/symbolic/symbolic/@sym/sym.m, line 956, in sym.subsref
Invalid MATLAB indexing or symbolic function definition. Symbolic function arguments must be symbolic variables and function body must be convertible to sym expression.
Traceback (most recent call last):
  File "/Users/goge/PycharmProjects/calculator_mat/matlab_interface/evaluate_expression.py", line 132, in evaluate_matlab_expression
    self.eng.eval(matlab_cmd, nargout=0)
  File "/Users/goge/PycharmProjects/calculator_mat/venv/lib/python3.9/site-packages/matlab/engine/matlabengine.py", line 70, in __call__
    return FutureResult(self._engine(), future, nargs, _stdout,
  File "/Users/goge/PycharmProjects/calculator_mat/venv/lib/python3.9/site-packages/matlab/engine/futureresult.py", line 62, in result
    return self.__future.result(timeout)
  File "/Users/goge/PycharmProjects/calculator_mat/venv/lib/python3.9/site-packages/matlab/engine/fevalfuture.py", line 76, in result
    self._result = pythonengine.getFEvalResult(self._future,self._nargout, None, out=self._out, err=self._err)
matlab.engine.MatlabExecutionError: 
  File /Applications/MATLAB_R2024b.app/toolbox/symbolic/symbolic/@sym/sym.m, line 912, in sym.subsindex

  File /Applications/MATLAB_R2024b.app/toolbox/symbolic/symbolic/@sym/sym.m, line 956, in sym.subsref
Invalid MATLAB indexing or symbolic function definition. Symbolic function arguments must be symbolic variables and function body must be convertible to sym expression.


The above exception was the direct cause of the following exception:

Traceback (most recent call last):
  File "/Users/goge/PycharmProjects/calculator_mat/main.py", line 925, in handle_latex_calculation
    matlab_result = self.evaluate_expression(matlab_expr)
  File "/Users/goge/PycharmProjects/calculator_mat/main.py", line 950, in evaluate_expression
    return self.evaluator.evaluate_matlab_expression(matlab_expression)
  File "/Users/goge/PycharmProjects/calculator_mat/matlab_interface/evaluate_expression.py", line 159, in evaluate_matlab_expression
    raise ValueError(f"MATLAB Error: {me}") from me
ValueError: MATLAB Error: 
  File /Applications/MATLAB_R2024b.app/toolbox/symbolic/symbolic/@sym/sym.m, line 912, in sym.subsindex

  File /Applications/MATLAB_R2024b.app/toolbox/symbolic/symbolic/@sym/sym.m, line 956, in sym.subsref
Invalid MATLAB indexing or symbolic function definition. Symbolic function arguments must be symbolic variables and function body must be convertible to sym expression.

2024-12-25 22:52:17,864 - __main__ - INFO - Initializing Calculator Application
2024-12-25 22:52:26,634 - __main__ - INFO - MATLAB engine started successfully
2024-12-25 22:52:30,221 - __main__ - DEBUG - Original expression: 'int x dx'
2024-12-25 22:52:30,222 - __main__ - DEBUG - Original expression: 'int x dx'
2024-12-25 22:52:30,227 - __main__ - DEBUG - Converted integral expression: 'Integral(x, x)'
2024-12-25 22:52:30,228 - __main__ - DEBUG - After explicit multiplication: 'Integral(x, x)'
2024-12-25 22:52:30,229 - __main__ - DEBUG - After handling derivatives: 'Integral(x, x)'
2024-12-25 22:52:30,282 - __main__ - DEBUG - SymPy expression: Integral(x, x)
2024-12-25 22:52:30,282 - __main__ - DEBUG - Parsed SymPy expression: Integral(x, x)
2024-12-25 22:52:30,282 - __main__ - DEBUG - Converted MATLAB expression: Integral(x, x)
2024-12-25 22:52:30,436 - __main__ - ERROR - Error in LaTeX calculation: MATLAB Error: 
  File /Applications/MATLAB_R2024b.app/toolbox/symbolic/symbolic/@sym/sym.m, line 912, in sym.subsindex

  File /Applications/MATLAB_R2024b.app/toolbox/symbolic/symbolic/@sym/sym.m, line 956, in sym.subsref
Invalid MATLAB indexing or symbolic function definition. Symbolic function arguments must be symbolic variables and function body must be convertible to sym expression.
Traceback (most recent call last):
  File "/Users/goge/PycharmProjects/calculator_mat/matlab_interface/evaluate_expression.py", line 132, in evaluate_matlab_expression
    self.eng.eval(matlab_cmd, nargout=0)
  File "/Users/goge/PycharmProjects/calculator_mat/venv/lib/python3.9/site-packages/matlab/engine/matlabengine.py", line 70, in __call__
    return FutureResult(self._engine(), future, nargs, _stdout,
  File "/Users/goge/PycharmProjects/calculator_mat/venv/lib/python3.9/site-packages/matlab/engine/futureresult.py", line 62, in result
    return self.__future.result(timeout)
  File "/Users/goge/PycharmProjects/calculator_mat/venv/lib/python3.9/site-packages/matlab/engine/fevalfuture.py", line 76, in result
    self._result = pythonengine.getFEvalResult(self._future,self._nargout, None, out=self._out, err=self._err)
matlab.engine.MatlabExecutionError: 
  File /Applications/MATLAB_R2024b.app/toolbox/symbolic/symbolic/@sym/sym.m, line 912, in sym.subsindex

  File /Applications/MATLAB_R2024b.app/toolbox/symbolic/symbolic/@sym/sym.m, line 956, in sym.subsref
Invalid MATLAB indexing or symbolic function definition. Symbolic function arguments must be symbolic variables and function body must be convertible to sym expression.


The above exception was the direct cause of the following exception:

Traceback (most recent call last):
  File "/Users/goge/PycharmProjects/calculator_mat/main.py", line 925, in handle_latex_calculation
    matlab_result = self.evaluate_expression(matlab_expr)
  File "/Users/goge/PycharmProjects/calculator_mat/main.py", line 950, in evaluate_expression
    return self.evaluator.evaluate_matlab_expression(matlab_expression)
  File "/Users/goge/PycharmProjects/calculator_mat/matlab_interface/evaluate_expression.py", line 159, in evaluate_matlab_expression
    raise ValueError(f"MATLAB Error: {me}") from me
ValueError: MATLAB Error: 
  File /Applications/MATLAB_R2024b.app/toolbox/symbolic/symbolic/@sym/sym.m, line 912, in sym.subsindex

  File /Applications/MATLAB_R2024b.app/toolbox/symbolic/symbolic/@sym/sym.m, line 956, in sym.subsref
Invalid MATLAB indexing or symbolic function definition. Symbolic function arguments must be symbolic variables and function body must be convertible to sym expression.

2024-12-25 22:52:58,227 - __main__ - INFO - Initializing Calculator Application
2024-12-25 22:53:04,340 - __main__ - INFO - MATLAB engine started successfully
2024-12-25 22:53:08,021 - __main__ - DEBUG - Original expression: 'int x dx'
2024-12-25 22:53:08,022 - __main__ - DEBUG - Original expression: 'int x dx'
2024-12-25 22:53:08,023 - __main__ - DEBUG - Converted integral expression: 'Integral(x, x)'
2024-12-25 22:53:08,023 - __main__ - DEBUG - After explicit multiplication: 'Integral(x, x)'
2024-12-25 22:53:08,024 - __main__ - DEBUG - After handling derivatives: 'Integral(x, x)'
2024-12-25 22:53:08,070 - __main__ - DEBUG - SymPy expression: Integral(x, x)
2024-12-25 22:53:08,070 - __main__ - DEBUG - Parsed SymPy expression: Integral(x, x)
2024-12-25 22:53:08,070 - __main__ - DEBUG - Converted MATLAB expression: Integral(x, x)
2024-12-25 22:53:08,209 - __main__ - ERROR - Error in LaTeX calculation: MATLAB Error: 
  File /Applications/MATLAB_R2024b.app/toolbox/symbolic/symbolic/@sym/sym.m, line 912, in sym.subsindex

  File /Applications/MATLAB_R2024b.app/toolbox/symbolic/symbolic/@sym/sym.m, line 956, in sym.subsref
Invalid MATLAB indexing or symbolic function definition. Symbolic function arguments must be symbolic variables and function body must be convertible to sym expression.
Traceback (most recent call last):
  File "/Users/goge/PycharmProjects/calculator_mat/matlab_interface/evaluate_expression.py", line 132, in evaluate_matlab_expression
    self.eng.eval(matlab_cmd, nargout=0)
  File "/Users/goge/PycharmProjects/calculator_mat/venv/lib/python3.9/site-packages/matlab/engine/matlabengine.py", line 70, in __call__
    return FutureResult(self._engine(), future, nargs, _stdout,
  File "/Users/goge/PycharmProjects/calculator_mat/venv/lib/python3.9/site-packages/matlab/engine/futureresult.py", line 62, in result
    return self.__future.result(timeout)
  File "/Users/goge/PycharmProjects/calculator_mat/venv/lib/python3.9/site-packages/matlab/engine/fevalfuture.py", line 76, in result
    self._result = pythonengine.getFEvalResult(self._future,self._nargout, None, out=self._out, err=self._err)
matlab.engine.MatlabExecutionError: 
  File /Applications/MATLAB_R2024b.app/toolbox/symbolic/symbolic/@sym/sym.m, line 912, in sym.subsindex

  File /Applications/MATLAB_R2024b.app/toolbox/symbolic/symbolic/@sym/sym.m, line 956, in sym.subsref
Invalid MATLAB indexing or symbolic function definition. Symbolic function arguments must be symbolic variables and function body must be convertible to sym expression.


The above exception was the direct cause of the following exception:

Traceback (most recent call last):
  File "/Users/goge/PycharmProjects/calculator_mat/main.py", line 925, in handle_latex_calculation
    matlab_result = self.evaluate_expression(matlab_expr)
  File "/Users/goge/PycharmProjects/calculator_mat/main.py", line 950, in evaluate_expression
    return self.evaluator.evaluate_matlab_expression(matlab_expression)
  File "/Users/goge/PycharmProjects/calculator_mat/matlab_interface/evaluate_expression.py", line 159, in evaluate_matlab_expression
    raise ValueError(f"MATLAB Error: {me}") from me
ValueError: MATLAB Error: 
  File /Applications/MATLAB_R2024b.app/toolbox/symbolic/symbolic/@sym/sym.m, line 912, in sym.subsindex

  File /Applications/MATLAB_R2024b.app/toolbox/symbolic/symbolic/@sym/sym.m, line 956, in sym.subsref
Invalid MATLAB indexing or symbolic function definition. Symbolic function arguments must be symbolic variables and function body must be convertible to sym expression.

2024-12-25 22:53:52,880 - __main__ - INFO - Initializing Calculator Application
2024-12-25 22:53:59,502 - __main__ - INFO - MATLAB engine started successfully
2024-12-25 22:54:02,970 - __main__ - DEBUG - Original expression: 'int x dx'
2024-12-25 22:54:02,971 - __main__ - DEBUG - Original expression: 'int x dx'
2024-12-25 22:54:02,973 - __main__ - DEBUG - Converted integral expression: 'Integral(x, x)'
2024-12-25 22:54:02,974 - __main__ - DEBUG - After explicit multiplication: 'Integral(x, x)'
2024-12-25 22:54:02,975 - __main__ - DEBUG - After handling derivatives: 'Integral(x, x)'
2024-12-25 22:54:03,030 - __main__ - DEBUG - SymPy expression: Integral(x, x)
2024-12-25 22:54:03,030 - __main__ - DEBUG - Converted to SymPy expression: 'Integral(x, x)'
2024-12-25 22:54:03,031 - __main__ - DEBUG - Converted to MATLAB expression: 'Integral(x, x)'
2024-12-25 22:54:03,194 - __main__ - ERROR - Error in LaTeX calculation: MATLAB Error: 
  File /Applications/MATLAB_R2024b.app/toolbox/symbolic/symbolic/@sym/sym.m, line 912, in sym.subsindex

  File /Applications/MATLAB_R2024b.app/toolbox/symbolic/symbolic/@sym/sym.m, line 956, in sym.subsref
Invalid MATLAB indexing or symbolic function definition. Symbolic function arguments must be symbolic variables and function body must be convertible to sym expression.
Traceback (most recent call last):
  File "/Users/goge/PycharmProjects/calculator_mat/matlab_interface/evaluate_expression.py", line 132, in evaluate_matlab_expression
    self.eng.eval(matlab_cmd, nargout=0)
  File "/Users/goge/PycharmProjects/calculator_mat/venv/lib/python3.9/site-packages/matlab/engine/matlabengine.py", line 70, in __call__
    return FutureResult(self._engine(), future, nargs, _stdout,
  File "/Users/goge/PycharmProjects/calculator_mat/venv/lib/python3.9/site-packages/matlab/engine/futureresult.py", line 62, in result
    return self.__future.result(timeout)
  File "/Users/goge/PycharmProjects/calculator_mat/venv/lib/python3.9/site-packages/matlab/engine/fevalfuture.py", line 76, in result
    self._result = pythonengine.getFEvalResult(self._future,self._nargout, None, out=self._out, err=self._err)
matlab.engine.MatlabExecutionError: 
  File /Applications/MATLAB_R2024b.app/toolbox/symbolic/symbolic/@sym/sym.m, line 912, in sym.subsindex

  File /Applications/MATLAB_R2024b.app/toolbox/symbolic/symbolic/@sym/sym.m, line 956, in sym.subsref
Invalid MATLAB indexing or symbolic function definition. Symbolic function arguments must be symbolic variables and function body must be convertible to sym expression.


The above exception was the direct cause of the following exception:

Traceback (most recent call last):
  File "/Users/goge/PycharmProjects/calculator_mat/main.py", line 925, in handle_latex_calculation
    matlab_result = self.evaluate_expression(matlab_expression)
  File "/Users/goge/PycharmProjects/calculator_mat/main.py", line 950, in evaluate_expression
    return self.evaluator.evaluate_matlab_expression(matlab_expression)
  File "/Users/goge/PycharmProjects/calculator_mat/matlab_interface/evaluate_expression.py", line 159, in evaluate_matlab_expression
    raise ValueError(f"MATLAB Error: {me}") from me
ValueError: MATLAB Error: 
  File /Applications/MATLAB_R2024b.app/toolbox/symbolic/symbolic/@sym/sym.m, line 912, in sym.subsindex

  File /Applications/MATLAB_R2024b.app/toolbox/symbolic/symbolic/@sym/sym.m, line 956, in sym.subsref
Invalid MATLAB indexing or symbolic function definition. Symbolic function arguments must be symbolic variables and function body must be convertible to sym expression.

2024-12-25 22:55:06,321 - __main__ - INFO - Initializing Calculator Application
2024-12-25 22:55:14,999 - __main__ - INFO - MATLAB engine started successfully
2024-12-25 22:55:18,397 - __main__ - DEBUG - Original expression: 'int x dx'
2024-12-25 22:55:18,397 - __main__ - DEBUG - Original expression: 'int x dx'
2024-12-25 22:55:18,400 - __main__ - DEBUG - Converted integral expression: 'int(x, x)'
2024-12-25 22:55:18,401 - __main__ - DEBUG - After explicit multiplication: 'int(x, x)'
2024-12-25 22:55:18,456 - __main__ - DEBUG - Converted to SymPy expression: 'int(x, x)'
2024-12-25 22:55:18,456 - __main__ - DEBUG - Converted to MATLAB expression: 'int(x, x)'
2024-12-25 22:55:18,638 - __main__ - DEBUG - Displayed Result: x^2/2
2024-12-25 22:55:26,544 - __main__ - DEBUG - Original expression: 'int (2 to e) x^2 dx'
2024-12-25 22:55:26,545 - __main__ - DEBUG - Original expression: 'int (2 to e) x^2 dx'
2024-12-25 22:55:26,545 - __main__ - DEBUG - Converted integral expression: 'int(x^2, x, 2, e)'
2024-12-25 22:55:26,545 - __main__ - DEBUG - After explicit multiplication: 'int(x^2, x, 2, e)'
2024-12-25 22:55:26,547 - __main__ - DEBUG - Converted to SymPy expression: 'int(x**2, x, 2, e)'
2024-12-25 22:55:26,548 - __main__ - DEBUG - Converted to MATLAB expression: 'int(x^2, x, 2, e)'
2024-12-25 22:55:26,642 - __main__ - DEBUG - Displayed Result: e^3/3 - 8/3
2024-12-25 22:55:35,358 - __main__ - DEBUG - Original expression: 'int (2 to ln2) x^2 dx'
2024-12-25 22:55:35,358 - __main__ - DEBUG - Original expression: 'int (2 to ln2) x^2 dx'
2024-12-25 22:55:35,358 - __main__ - DEBUG - Converted integral expression: 'int(x^2, x, 2, ln2)'
2024-12-25 22:55:35,358 - __main__ - DEBUG - After explicit multiplication: 'int(x^2, x, 2, ln2)'
2024-12-25 22:55:35,360 - __main__ - DEBUG - Converted to SymPy expression: 'int(x**2, x, 2, ln2)'
2024-12-25 22:55:35,360 - __main__ - DEBUG - Converted to MATLAB expression: 'int(x^2, x, 2, ln2)'
2024-12-25 22:55:35,888 - __main__ - ERROR - Error in LaTeX calculation: MATLAB Error: Unrecognized function or variable 'ln2'.
Traceback (most recent call last):
  File "/Users/goge/PycharmProjects/calculator_mat/matlab_interface/evaluate_expression.py", line 132, in evaluate_matlab_expression
    self.eng.eval(matlab_cmd, nargout=0)
  File "/Users/goge/PycharmProjects/calculator_mat/venv/lib/python3.9/site-packages/matlab/engine/matlabengine.py", line 70, in __call__
    return FutureResult(self._engine(), future, nargs, _stdout,
  File "/Users/goge/PycharmProjects/calculator_mat/venv/lib/python3.9/site-packages/matlab/engine/futureresult.py", line 62, in result
    return self.__future.result(timeout)
  File "/Users/goge/PycharmProjects/calculator_mat/venv/lib/python3.9/site-packages/matlab/engine/fevalfuture.py", line 76, in result
    self._result = pythonengine.getFEvalResult(self._future,self._nargout, None, out=self._out, err=self._err)
matlab.engine.MatlabExecutionError: Unrecognized function or variable 'ln2'.


The above exception was the direct cause of the following exception:

Traceback (most recent call last):
  File "/Users/goge/PycharmProjects/calculator_mat/main.py", line 872, in handle_latex_calculation
    matlab_result = self.evaluate_expression(matlab_expression)
  File "/Users/goge/PycharmProjects/calculator_mat/main.py", line 897, in evaluate_expression
    return self.evaluator.evaluate_matlab_expression(matlab_expression)
  File "/Users/goge/PycharmProjects/calculator_mat/matlab_interface/evaluate_expression.py", line 159, in evaluate_matlab_expression
    raise ValueError(f"MATLAB Error: {me}") from me
ValueError: MATLAB Error: Unrecognized function or variable 'ln2'.

2024-12-25 22:55:46,758 - __main__ - DEBUG - Original expression: 'int (2 to ln(2) ) x^2 dx'
2024-12-25 22:55:46,759 - __main__ - DEBUG - Original expression: 'int (2 to ln(2) ) x^2 dx'
2024-12-25 22:55:46,759 - __main__ - DEBUG - Converted integral expression: 'int() x^2, x, 2, ln(2)'
2024-12-25 22:55:46,759 - __main__ - DEBUG - After explicit multiplication: 'int() x^2, x, 2, ln(2)'
2024-12-25 22:55:46,760 - __main__ - ERROR - Error in LaTeX calculation: Sympify of expression 'could not parse 'int() x^2, x, 2, ln(2)'' failed, because of exception being raised:
SyntaxError: invalid syntax (<string>, line 1)
ValueError: Error from parse_expr with transformed code: "Function ('int' )()Symbol ('x' )**Integer (2 ),Symbol ('x' ),Integer (2 ),ln (Integer (2 ))"

The above exception was the direct cause of the following exception:

Traceback (most recent call last):
  File "/Users/goge/PycharmProjects/calculator_mat/venv/lib/python3.9/site-packages/sympy/core/sympify.py", line 481, in sympify
    expr = parse_expr(a, local_dict=locals, transformations=transformations, evaluate=evaluate)
  File "/Users/goge/PycharmProjects/calculator_mat/venv/lib/python3.9/site-packages/sympy/parsing/sympy_parser.py", line 1090, in parse_expr
    raise e from ValueError(f"Error from parse_expr with transformed code: {code!r}")
  File "/Users/goge/PycharmProjects/calculator_mat/venv/lib/python3.9/site-packages/sympy/parsing/sympy_parser.py", line 1081, in parse_expr
    rv = eval_expr(code, local_dict, global_dict)
  File "/Users/goge/PycharmProjects/calculator_mat/venv/lib/python3.9/site-packages/sympy/parsing/sympy_parser.py", line 909, in eval_expr
    expr = eval(
  File "<string>", line 1
    Function ('int' )()Symbol ('x' )**Integer (2 ),Symbol ('x' ),Integer (2 ),ln (Integer (2 ))
                       ^
SyntaxError: invalid syntax

During handling of the above exception, another exception occurred:

Traceback (most recent call last):
  File "/Users/goge/PycharmProjects/calculator_mat/main.py", line 856, in handle_latex_calculation
    sympy_expr = parse_latex_expression(expression)
  File "/Users/goge/PycharmProjects/calculator_mat/main.py", line 107, in parse_latex_expression
    return sy.sympify(latex_expr)
  File "/Users/goge/PycharmProjects/calculator_mat/venv/lib/python3.9/site-packages/sympy/core/sympify.py", line 483, in sympify
    raise SympifyError('could not parse %r' % a, exc)
sympy.core.sympify.SympifyError: Sympify of expression 'could not parse 'int() x^2, x, 2, ln(2)'' failed, because of exception being raised:
SyntaxError: invalid syntax (<string>, line 1)
2024-12-25 22:58:04,580 - __main__ - INFO - Initializing Calculator Application
2024-12-25 22:58:13,765 - __main__ - INFO - MATLAB engine started successfully
2024-12-27 10:18:13,420 - __main__ - INFO - Initializing Calculator Application
2024-12-27 10:18:23,710 - __main__ - INFO - MATLAB engine started successfully
2024-12-27 10:18:32,274 - __main__ - DEBUG - Original expression: 'int 1/x dx'
2024-12-27 10:18:32,274 - __main__ - DEBUG - Original expression: 'int 1/x dx'
2024-12-27 10:18:32,276 - __main__ - DEBUG - Converted integral expression: 'int(1/x, x)'
2024-12-27 10:18:32,277 - __main__ - DEBUG - After explicit multiplication: 'int(1/x, x)'
2024-12-27 10:18:32,314 - __main__ - DEBUG - Converted to SymPy expression: 'int(1/x, x)'
2024-12-27 10:18:32,314 - __main__ - DEBUG - Converted to MATLAB expression: 'int(1/x, x)'
2024-12-27 10:18:32,482 - __main__ - DEBUG - Displayed Result: ln(x)
2024-12-27 10:18:40,856 - __main__ - DEBUG - Original expression: 'int (2 to 3) x^2 dx'
2024-12-27 10:18:40,857 - __main__ - DEBUG - Original expression: 'int (2 to 3) x^2 dx'
2024-12-27 10:18:40,857 - __main__ - DEBUG - Converted integral expression: 'int(x^2, x, 2, 3)'
2024-12-27 10:18:40,857 - __main__ - DEBUG - After explicit multiplication: 'int(x^2, x, 2, 3)'
2024-12-27 10:18:40,858 - __main__ - DEBUG - Converted to SymPy expression: 'int(x**2, x, 2, 3)'
2024-12-27 10:18:40,859 - __main__ - DEBUG - Converted to MATLAB expression: 'int(x^2, x, 2, 3)'
2024-12-27 10:18:40,926 - __main__ - DEBUG - Displayed Result: 6.333333333333333
2024-12-27 12:02:17,419 - __main__ - INFO - Initializing Calculator Application
2024-12-27 12:02:27,159 - __main__ - INFO - MATLAB engine started successfully
2024-12-27 12:02:37,593 - __main__ - DEBUG - Original expression: 'int (e to 3) 1/x dx'
2024-12-27 12:02:37,593 - __main__ - DEBUG - Original expression: 'int (e to 3) 1/x dx'
2024-12-27 12:02:37,597 - __main__ - DEBUG - Converted integral expression: 'int(1/x, x, e, 3)'
2024-12-27 12:02:37,597 - __main__ - DEBUG - After explicit multiplication: 'int(1/x, x, e, 3)'
2024-12-27 12:02:37,655 - __main__ - DEBUG - Converted to SymPy expression: 'int(1/x, x, e, 3)'
2024-12-27 12:02:37,656 - __main__ - DEBUG - Converted to MATLAB expression: 'int(1/x, x, e, 3)'
2024-12-27 12:02:38,187 - __main__ - DEBUG - Displayed Result: piecewise(0 < e, ln(3) - ln(e), e <= 0, int(1/x, x, e, 3))
2024-12-27 13:03:41,405 - __main__ - INFO - Initializing Calculator Application
2024-12-27 13:03:50,968 - __main__ - INFO - MATLAB engine started successfully
2024-12-27 13:04:05,844 - __main__ - DEBUG - Original expression: 'int (4x^10+9x^9)/(x^2+3) dx'
2024-12-27 13:04:05,844 - __main__ - DEBUG - Original expression: 'int (4x^10+9x^9)/(x^2+3) dx'
2024-12-27 13:04:05,845 - __main__ - DEBUG - Converted integral expression: 'int((4x^10+9x^9)/(x^2+3), x)'
2024-12-27 13:04:05,846 - __main__ - DEBUG - After explicit multiplication: 'int((4*x^10+9*x^9)/(x^2+3), x)'
2024-12-27 13:04:05,912 - __main__ - DEBUG - Converted to SymPy expression: 'int((4*x**10 + 9*x**9)/(x**2 + 3), x)'
2024-12-27 13:04:05,914 - __main__ - DEBUG - Converted to MATLAB expression: 'int((4*x^10 + 9*x^9)/(x^2 + 3), x)'
2024-12-27 13:04:06,245 - __main__ - DEBUG - Displayed Result: 324*x + (729*ln(x^2 + 3))/2 - 324*3^(1/2)*atan((3^(1/2)*x)/3) - (243*x^2)/2 - 36*x^3 + (81*x^4)/4 + (36*x^5)/5 - (9*x^6)/2 - (12*x^7)/7 + (9*x^8)/8 + (4*x^9)/9
2024-12-27 13:04:23,225 - __main__ - DEBUG - Original expression: 'int 1/(x^5+1) dx'
2024-12-27 13:04:23,226 - __main__ - DEBUG - Original expression: 'int 1/(x^5+1) dx'
2024-12-27 13:04:23,227 - __main__ - DEBUG - Converted integral expression: 'int(1/(x^5+1), x)'
2024-12-27 13:04:23,227 - __main__ - DEBUG - After explicit multiplication: 'int(1/(x^5+1), x)'
2024-12-27 13:04:23,231 - __main__ - DEBUG - Converted to SymPy expression: 'int(1/(x**5 + 1), x)'
2024-12-27 13:04:23,232 - __main__ - DEBUG - Converted to MATLAB expression: 'int(1/(x^5 + 1), x)'
2024-12-27 13:04:23,550 - __main__ - DEBUG - Displayed Result: ln(x + 1)/5 - ln(x - 5^(1/2)/4 - (2^(1/2)*(5^(1/2) - 5)^(1/2))/4 - 1/4)*(5^(1/2)/20 + (2^(1/2)*(5^(1/2) - 5)^(1/2))/20 + 1/20) - ln(x - 5^(1/2)/4 + (2^(1/2)*(5^(1/2) - 5)^(1/2))/4 - 1/4)*(5^(1/2)/20 - (2^(1/2)*(5^(1/2) - 5)^(1/2))/20 + 1/20) - ln(x - (2^(1/2)*(- 5^(1/2) - 5)^(1/2))/4 + 5^(1/2)/4 - 1/4)*((2^(1/2)*(- 5^(1/2) - 5)^(1/2))/20 - 5^(1/2)/20 + 1/20) + ln(x + (2^(1/2)*(- 5^(1/2) - 5)^(1/2))/4 + 5^(1/2)/4 - 1/4)*((2^(1/2)*(- 5^(1/2) - 5)^(1/2))/20 + 5^(1/2)/20 - 1/20)
2024-12-27 13:25:16,764 - __main__ - INFO - Initializing Calculator Application
2024-12-27 13:25:26,258 - __main__ - INFO - MATLAB engine started successfully
2024-12-27 13:25:33,505 - __main__ - DEBUG - Original expression: 'int 1/x dx'
2024-12-27 13:25:33,505 - __main__ - DEBUG - Original expression: 'int 1/x dx'
2024-12-27 13:25:33,506 - __main__ - DEBUG - Converted integral expression: 'int(1/x, x)'
2024-12-27 13:25:33,507 - __main__ - DEBUG - After explicit multiplication: 'int(1/x, x)'
2024-12-27 13:25:33,548 - __main__ - DEBUG - Converted to SymPy expression: 'int(1/x, x)'
2024-12-27 13:25:33,548 - __main__ - DEBUG - Converted to MATLAB expression: 'int(1/x, x)'
2024-12-27 13:25:33,710 - __main__ - DEBUG - Displayed Result: ln(x)
2024-12-27 13:25:41,821 - __main__ - DEBUG - Original expression: 'int 1/(x^5+1) dx'
2024-12-27 13:25:41,821 - __main__ - DEBUG - Original expression: 'int 1/(x^5+1) dx'
2024-12-27 13:25:41,822 - __main__ - DEBUG - Converted integral expression: 'int(1/(x^5+1), x)'
2024-12-27 13:25:41,822 - __main__ - DEBUG - After explicit multiplication: 'int(1/(x^5+1), x)'
2024-12-27 13:25:41,863 - __main__ - DEBUG - Converted to SymPy expression: 'int(1/(x**5 + 1), x)'
2024-12-27 13:25:41,864 - __main__ - DEBUG - Converted to MATLAB expression: 'int(1/(x^5 + 1), x)'
2024-12-27 13:25:42,273 - __main__ - DEBUG - Displayed Result: ln(x + 1)/5 - ln(x - 5^(1/2)/4 - (2^(1/2)*(5^(1/2) - 5)^(1/2))/4 - 1/4)*(5^(1/2)/20 + (2^(1/2)*(5^(1/2) - 5)^(1/2))/20 + 1/20) - ln(x - 5^(1/2)/4 + (2^(1/2)*(5^(1/2) - 5)^(1/2))/4 - 1/4)*(5^(1/2)/20 - (2^(1/2)*(5^(1/2) - 5)^(1/2))/20 + 1/20) - ln(x - (2^(1/2)*(- 5^(1/2) - 5)^(1/2))/4 + 5^(1/2)/4 - 1/4)*((2^(1/2)*(- 5^(1/2) - 5)^(1/2))/20 - 5^(1/2)/20 + 1/20) + ln(x + (2^(1/2)*(- 5^(1/2) - 5)^(1/2))/4 + 5^(1/2)/4 - 1/4)*((2^(1/2)*(- 5^(1/2) - 5)^(1/2))/20 + 5^(1/2)/20 - 1/20)
2024-12-27 13:25:55,691 - __main__ - INFO - Initializing Calculator Application
2024-12-27 13:26:01,388 - __main__ - INFO - MATLAB engine started successfully
2024-12-27 13:32:02,072 - __main__ - INFO - Initializing Calculator Application
2024-12-27 13:32:12,039 - __main__ - INFO - MATLAB engine started successfully
2024-12-27 13:33:21,570 - __main__ - INFO - Initializing Calculator Application
2024-12-27 13:33:28,838 - __main__ - INFO - MATLAB engine started successfully
2024-12-27 13:56:41,357 - __main__ - INFO - Initializing Calculator Application
2024-12-27 13:56:51,924 - __main__ - INFO - MATLAB engine started successfully
2024-12-27 13:59:32,946 - __main__ - INFO - Initializing Calculator Application
2024-12-27 13:59:40,247 - __main__ - INFO - MATLAB engine started successfully
2024-12-27 14:00:17,956 - __main__ - DEBUG - Original expression: 'int 1/(x^5+1) dx'
2024-12-27 14:00:17,957 - __main__ - DEBUG - Original expression: 'int 1/(x^5+1) dx'
2024-12-27 14:00:17,957 - __main__ - DEBUG - Converted integral expression: 'int(1/(x^5+1), x)'
2024-12-27 14:00:17,958 - __main__ - DEBUG - After explicit multiplication: 'int(1/(x^5+1), x)'
2024-12-27 14:00:18,025 - __main__ - DEBUG - Converted to SymPy expression: 'int(1/(x**5 + 1), x)'
2024-12-27 14:00:18,026 - __main__ - DEBUG - Converted to MATLAB expression: 'int(1/(x^5 + 1), x)'
2024-12-27 14:00:18,556 - __main__ - DEBUG - Displayed Result: ln(x + 1)/5 - ln(x - 5^(1/2)/4 - (2^(1/2)*(5^(1/2) - 5)^(1/2))/4 - 1/4)*(5^(1/2)/20 + (2^(1/2)*(5^(1/2) - 5)^(1/2))/20 + 1/20) - ln(x - 5^(1/2)/4 + (2^(1/2)*(5^(1/2) - 5)^(1/2))/4 - 1/4)*(5^(1/2)/20 - (2^(1/2)*(5^(1/2) - 5)^(1/2))/20 + 1/20) - ln(x - (2^(1/2)*(- 5^(1/2) - 5)^(1/2))/4 + 5^(1/2)/4 - 1/4)*((2^(1/2)*(- 5^(1/2) - 5)^(1/2))/20 - 5^(1/2)/20 + 1/20) + ln(x + (2^(1/2)*(- 5^(1/2) - 5)^(1/2))/4 + 5^(1/2)/4 - 1/4)*((2^(1/2)*(- 5^(1/2) - 5)^(1/2))/20 + 5^(1/2)/20 - 1/20)
2024-12-27 14:09:41,137 - __main__ - INFO - Initializing Calculator Application
2024-12-27 14:12:10,231 - __main__ - INFO - Initializing Calculator Application
2024-12-27 14:14:57,924 - __main__ - INFO - Initializing Calculator Application
2024-12-27 14:15:08,480 - __main__ - INFO - MATLAB engine started successfully
2024-12-27 15:04:48,135 - __main__ - INFO - Initializing Calculator Application
2024-12-27 15:05:07,470 - __main__ - INFO - MATLAB engine started successfully
2024-12-27 15:10:46,296 - __main__ - INFO - Initializing Calculator Application
2024-12-27 15:10:55,073 - __main__ - INFO - MATLAB engine started successfully
2024-12-27 15:15:28,310 - __main__ - INFO - Initializing Calculator Application
2024-12-27 15:15:36,906 - __main__ - INFO - MATLAB engine started successfully
2024-12-27 15:16:22,213 - __main__ - INFO - Initializing Calculator Application
2024-12-27 15:16:30,453 - __main__ - INFO - MATLAB engine started successfully
2024-12-27 15:17:31,498 - __main__ - INFO - Initializing Calculator Application
2024-12-27 15:17:40,420 - __main__ - INFO - MATLAB engine started successfully
2024-12-27 15:18:51,750 - __main__ - INFO - Initializing Calculator Application
2024-12-27 15:19:01,528 - __main__ - INFO - MATLAB engine started successfully
2024-12-27 15:20:39,170 - __main__ - DEBUG - Original expression: '1+1'
2024-12-27 15:20:39,171 - __main__ - DEBUG - Original expression: '1+1'
2024-12-27 15:20:39,173 - __main__ - DEBUG - Converted integral expression: '1+1'
2024-12-27 15:20:39,173 - __main__ - DEBUG - After explicit multiplication: '1+1'
2024-12-27 15:20:39,209 - __main__ - DEBUG - Converted to SymPy expression: '2'
2024-12-27 15:20:39,209 - __main__ - DEBUG - Converted to MATLAB expression: '2'
2024-12-27 15:20:39,238 - __main__ - DEBUG - Displayed Result: 2.0
2024-12-27 15:20:39,239 - __main__ - ERROR - Error in LaTeX calculation: 'CalculatorApp' object has no attribute 'result_label'
Traceback (most recent call last):
  File "/Users/goge/MATLAB-Calculator-on-py/main.py", line 873, in handle_latex_calculation
    self.result_label.setText(f"Result: {displayed_result}")
AttributeError: 'CalculatorApp' object has no attribute 'result_label'
2024-12-27 15:21:08,186 - __main__ - INFO - Initializing Calculator Application
2024-12-27 15:21:17,200 - __main__ - INFO - MATLAB engine started successfully
2024-12-27 15:21:20,590 - __main__ - DEBUG - Original expression: '1+1'
2024-12-27 15:21:20,591 - __main__ - DEBUG - Original expression: '1+1'
2024-12-27 15:21:20,593 - __main__ - DEBUG - Converted integral expression: '1+1'
2024-12-27 15:21:20,594 - __main__ - DEBUG - After explicit multiplication: '1+1'
2024-12-27 15:21:20,647 - __main__ - DEBUG - Converted to SymPy expression: '2'
2024-12-27 15:21:20,648 - __main__ - DEBUG - Converted to MATLAB expression: '2'
2024-12-27 15:21:20,659 - __main__ - DEBUG - Displayed Result: 2.0
2024-12-27 15:21:20,659 - __main__ - ERROR - Error in LaTeX calculation: 'CalculatorApp' object has no attribute 'result_label'
Traceback (most recent call last):
  File "/Users/goge/MATLAB-Calculator-on-py/main.py", line 873, in handle_latex_calculation
    self.result_label.setText(f"Result: {displayed_result}")
AttributeError: 'CalculatorApp' object has no attribute 'result_label'
2024-12-27 15:23:15,005 - __main__ - INFO - Initializing Calculator Application
2024-12-27 15:23:24,105 - __main__ - INFO - MATLAB engine started successfully
2024-12-27 15:23:29,510 - __main__ - DEBUG - Original expression: '1+1'
2024-12-27 15:23:29,512 - __main__ - DEBUG - Original expression: '1+1'
2024-12-27 15:23:29,515 - __main__ - DEBUG - Converted integral expression: '1+1'
2024-12-27 15:23:29,516 - __main__ - DEBUG - After explicit multiplication: '1+1'
2024-12-27 15:23:29,572 - __main__ - DEBUG - Converted to SymPy expression: '2'
2024-12-27 15:23:29,572 - __main__ - DEBUG - Converted to MATLAB expression: '2'
2024-12-27 15:23:29,583 - __main__ - DEBUG - Displayed Result: 2.0
2024-12-27 15:25:54,085 - __main__ - DEBUG - Original expression: 'int 1/(x^5+1) dx'
2024-12-27 15:25:54,088 - __main__ - DEBUG - Original expression: 'int 1/(x^5+1) dx'
2024-12-27 15:25:54,088 - __main__ - DEBUG - Converted integral expression: 'int(1/(x^5+1), x)'
2024-12-27 15:25:54,089 - __main__ - DEBUG - After explicit multiplication: 'int(1/(x^5+1), x)'
2024-12-27 15:25:54,135 - __main__ - DEBUG - Converted to SymPy expression: 'int(1/(x**5 + 1), x)'
2024-12-27 15:25:54,136 - __main__ - DEBUG - Converted to MATLAB expression: 'int(1/(x^5 + 1), x)'
2024-12-27 15:25:55,095 - __main__ - DEBUG - Displayed Result: ln(x + 1)/5 - ln(x - 5^(1/2)/4 - (2^(1/2)*(5^(1/2) - 5)^(1/2))/4 - 1/4)*(5^(1/2)/20 + (2^(1/2)*(5^(1/2) - 5)^(1/2))/20 + 1/20) - ln(x - 5^(1/2)/4 + (2^(1/2)*(5^(1/2) - 5)^(1/2))/4 - 1/4)*(5^(1/2)/20 - (2^(1/2)*(5^(1/2) - 5)^(1/2))/20 + 1/20) - ln(x - (2^(1/2)*(- 5^(1/2) - 5)^(1/2))/4 + 5^(1/2)/4 - 1/4)*((2^(1/2)*(- 5^(1/2) - 5)^(1/2))/20 - 5^(1/2)/20 + 1/20) + ln(x + (2^(1/2)*(- 5^(1/2) - 5)^(1/2))/4 + 5^(1/2)/4 - 1/4)*((2^(1/2)*(- 5^(1/2) - 5)^(1/2))/20 + 5^(1/2)/20 - 1/20)
2024-12-27 15:26:18,647 - __main__ - INFO - Initializing Calculator Application
2024-12-27 15:26:27,384 - __main__ - INFO - MATLAB engine started successfully
2024-12-27 15:26:34,180 - __main__ - DEBUG - Original expression: 'int 1/x dx'
2024-12-27 15:26:34,181 - __main__ - DEBUG - Original expression: 'int 1/x dx'
2024-12-27 15:26:34,184 - __main__ - DEBUG - Converted integral expression: 'int(1/x, x)'
2024-12-27 15:26:34,185 - __main__ - DEBUG - After explicit multiplication: 'int(1/x, x)'
2024-12-27 15:26:34,231 - __main__ - DEBUG - Converted to SymPy expression: 'int(1/x, x)'
2024-12-27 15:26:34,232 - __main__ - DEBUG - Converted to MATLAB expression: 'int(1/x, x)'
2024-12-27 15:26:34,396 - __main__ - DEBUG - Displayed Result: ln(x)
2024-12-27 15:28:25,799 - __main__ - INFO - Initializing Calculator Application
2024-12-27 15:28:34,852 - __main__ - INFO - MATLAB engine started successfully
2024-12-27 15:29:48,347 - __main__ - INFO - Initializing Calculator Application
2024-12-27 15:29:57,330 - __main__ - INFO - MATLAB engine started successfully
2024-12-27 15:33:28,186 - __main__ - INFO - Initializing Calculator Application
2024-12-27 15:33:37,937 - __main__ - INFO - MATLAB engine started successfully
2024-12-27 15:33:43,784 - __main__ - DEBUG - Original expression: 'int 1/x dx'
2024-12-27 15:33:43,786 - __main__ - DEBUG - Original expression: 'int 1/x dx'
2024-12-27 15:33:43,790 - __main__ - DEBUG - Converted integral expression: 'int(1/x, x)'
2024-12-27 15:33:43,790 - __main__ - DEBUG - After explicit multiplication: 'int(1/x, x)'
2024-12-27 15:33:43,844 - __main__ - DEBUG - Converted to SymPy expression: 'int(1/x, x)'
2024-12-27 15:33:43,844 - __main__ - DEBUG - Converted to MATLAB expression: 'int(1/x, x)'
2024-12-27 15:33:44,018 - __main__ - DEBUG - Displayed Result: ln(x)
2024-12-27 15:34:13,172 - __main__ - INFO - Initializing Calculator Application
2024-12-27 15:34:15,854 - __main__ - INFO - Initializing Calculator Application
2024-12-27 15:34:50,045 - __main__ - INFO - Initializing Calculator Application
2024-12-27 15:34:59,305 - __main__ - INFO - MATLAB engine started successfully
2024-12-27 15:35:39,654 - __main__ - INFO - Initializing Calculator Application
2024-12-27 15:35:47,131 - __main__ - INFO - MATLAB engine started successfully
2024-12-27 15:37:19,816 - __main__ - INFO - Initializing Calculator Application
2024-12-27 15:37:28,991 - __main__ - INFO - MATLAB engine started successfully
2024-12-27 15:40:15,848 - __main__ - INFO - Initializing Calculator Application
2024-12-27 15:40:24,560 - __main__ - INFO - MATLAB engine started successfully
2024-12-27 15:42:33,525 - __main__ - INFO - Initializing Calculator Application
2024-12-27 15:42:41,746 - __main__ - INFO - MATLAB engine started successfully
2024-12-27 15:44:02,607 - __main__ - INFO - Initializing Calculator Application
2024-12-27 15:44:12,415 - __main__ - INFO - MATLAB engine started successfully
2024-12-27 15:44:56,671 - __main__ - INFO - Initializing Calculator Application
2024-12-27 15:45:03,512 - __main__ - INFO - MATLAB engine started successfully
2024-12-27 15:48:16,333 - __main__ - INFO - Initializing Calculator Application
2024-12-27 15:48:41,206 - __main__ - INFO - MATLAB engine started successfully
2024-12-27 15:55:04,889 - __main__ - INFO - Initializing Calculator Application
2024-12-27 15:56:34,759 - __main__ - INFO - Initializing Calculator Application
2024-12-27 15:56:45,435 - __main__ - INFO - MATLAB engine started successfully
2024-12-27 16:01:39,222 - __main__ - INFO - Initializing Calculator Application
2024-12-27 16:01:49,577 - __main__ - INFO - MATLAB engine started successfully
2024-12-27 16:03:16,249 - __main__ - INFO - Initializing Calculator Application
2024-12-27 16:03:24,870 - __main__ - INFO - MATLAB engine started successfully
2024-12-27 16:04:25,415 - __main__ - INFO - Initializing Calculator Application
2024-12-27 16:04:34,712 - __main__ - INFO - MATLAB engine started successfully
2024-12-27 16:08:20,495 - __main__ - INFO - Initializing Calculator Application
2024-12-27 16:08:30,738 - __main__ - INFO - MATLAB engine started successfully
2024-12-27 16:11:32,608 - __main__ - INFO - Initializing Calculator Application
2024-12-27 16:11:42,706 - __main__ - INFO - MATLAB engine started successfully
2024-12-27 16:14:29,457 - __main__ - INFO - Initializing Calculator Application
2024-12-27 16:14:43,636 - __main__ - INFO - MATLAB engine started successfully
2024-12-27 16:15:18,443 - __main__ - DEBUG - Original expression: 'int 1/(x^5+1) dx'
2024-12-27 16:15:18,444 - __main__ - DEBUG - Original expression: 'int 1/(x^5+1) dx'
2024-12-27 16:15:18,446 - __main__ - DEBUG - Converted integral expression: 'int(1/(x^5+1), x)'
2024-12-27 16:15:18,447 - __main__ - DEBUG - After explicit multiplication: 'int(1/(x^5+1), x)'
2024-12-27 16:15:18,542 - __main__ - DEBUG - Converted to SymPy expression: 'int(1/(x**5 + 1), x)'
2024-12-27 16:15:18,543 - __main__ - DEBUG - Converted to MATLAB expression: 'int(1/(x^5 + 1), x)'
2024-12-27 16:15:20,802 - __main__ - DEBUG - Displayed Result: ln(x + 1)/5 - ln(x - 5^(1/2)/4 - (2^(1/2)*(5^(1/2) - 5)^(1/2))/4 - 1/4)*(5^(1/2)/20 + (2^(1/2)*(5^(1/2) - 5)^(1/2))/20 + 1/20) - ln(x - 5^(1/2)/4 + (2^(1/2)*(5^(1/2) - 5)^(1/2))/4 - 1/4)*(5^(1/2)/20 - (2^(1/2)*(5^(1/2) - 5)^(1/2))/20 + 1/20) - ln(x - (2^(1/2)*(- 5^(1/2) - 5)^(1/2))/4 + 5^(1/2)/4 - 1/4)*((2^(1/2)*(- 5^(1/2) - 5)^(1/2))/20 - 5^(1/2)/20 + 1/20) + ln(x + (2^(1/2)*(- 5^(1/2) - 5)^(1/2))/4 + 5^(1/2)/4 - 1/4)*((2^(1/2)*(- 5^(1/2) - 5)^(1/2))/20 + 5^(1/2)/20 - 1/20)
2024-12-27 16:19:21,439 - __main__ - INFO - Initializing Calculator Application
2024-12-27 16:19:30,269 - __main__ - INFO - MATLAB engine started successfully
2024-12-27 16:20:21,531 - __main__ - DEBUG - Original expression: 'int 1/x dx'
2024-12-27 16:20:21,532 - __main__ - DEBUG - Original expression: 'int 1/x dx'
2024-12-27 16:20:21,534 - __main__ - DEBUG - Converted integral expression: 'int(1/x, x)'
2024-12-27 16:20:21,535 - __main__ - DEBUG - After explicit multiplication: 'int(1/x, x)'
2024-12-27 16:20:21,585 - __main__ - DEBUG - Converted to SymPy expression: 'int(1/x, x)'
2024-12-27 16:20:21,585 - __main__ - DEBUG - Converted to MATLAB expression: 'int(1/x, x)'
2024-12-27 16:20:21,862 - __main__ - DEBUG - Displayed Result: ln(x)
2024-12-27 16:20:27,726 - __main__ - DEBUG - Original expression: 'sin(30)'
2024-12-27 16:20:27,727 - __main__ - DEBUG - Original expression: 'sin(30)'
2024-12-27 16:20:27,727 - __main__ - DEBUG - Converted integral expression: 'sin(30)'
2024-12-27 16:20:27,727 - __main__ - DEBUG - After explicit multiplication: 'sin(30)'
2024-12-27 16:20:27,733 - __main__ - DEBUG - Converted to SymPy expression: 'sin(30)'
2024-12-27 16:20:27,734 - __main__ - DEBUG - Converted to MATLAB expression: 'sin(30)'
2024-12-27 16:20:27,747 - __main__ - DEBUG - Displayed Result: 0.5
2024-12-27 16:20:37,835 - __main__ - DEBUG - Original expression: 'int 1/(x^5+1) dx'
2024-12-27 16:20:37,836 - __main__ - DEBUG - Original expression: 'int 1/(x^5+1) dx'
2024-12-27 16:20:37,836 - __main__ - DEBUG - Converted integral expression: 'int(1/(x^5+1), x)'
2024-12-27 16:20:37,836 - __main__ - DEBUG - After explicit multiplication: 'int(1/(x^5+1), x)'
2024-12-27 16:20:37,878 - __main__ - DEBUG - Converted to SymPy expression: 'int(1/(x**5 + 1), x)'
2024-12-27 16:20:37,879 - __main__ - DEBUG - Converted to MATLAB expression: 'int(1/(x^5 + 1), x)'
2024-12-27 16:20:38,294 - __main__ - DEBUG - Displayed Result: ln(x
+ 1)/5
- ln(x
- 5^(1/2)/4
- (2^(1/2)*(5^(1/2)
- 5)^(1/2))/4
- 1/4)*(5^(1/2)/20
+ (2^(1/2)*(5^(1/2)
- 5)^(1/2))/20
+ 1/20)
- ln(x
- 5^(1/2)/4
+ (2^(1/2)*(5^(1/2)
- 5)^(1/2))/4
- 1/4)*(5^(1/2)/20
- (2^(1/2)*(5^(1/2)
- 5)^(1/2))/20
+ 1/20)
- ln(x
- (2^(1/2)*(- 5^(1/2)
- 5)^(1/2))/4
+ 5^(1/2)/4
- 1/4)*((2^(1/2)*(- 5^(1/2)
- 5)^(1/2))/20
- 5^(1/2)/20
+ 1/20)
+ ln(x
+ (2^(1/2)*(- 5^(1/2)
- 5)^(1/2))/4
+ 5^(1/2)/4
- 1/4)*((2^(1/2)*(- 5^(1/2)
- 5)^(1/2))/20
+ 5^(1/2)/20
- 1/20)
2024-12-27 16:21:10,864 - __main__ - INFO - Initializing Calculator Application
2024-12-27 16:21:19,069 - __main__ - INFO - MATLAB engine started successfully
2024-12-27 16:21:56,276 - __main__ - DEBUG - Original expression: 'int 1/(x^5+1) dx'
2024-12-27 16:21:56,278 - __main__ - DEBUG - Original expression: 'int 1/(x^5+1) dx'
2024-12-27 16:21:56,279 - __main__ - DEBUG - Converted integral expression: 'int(1/(x^5+1), x)'
2024-12-27 16:21:56,279 - __main__ - DEBUG - After explicit multiplication: 'int(1/(x^5+1), x)'
2024-12-27 16:21:56,350 - __main__ - DEBUG - Converted to SymPy expression: 'int(1/(x**5 + 1), x)'
2024-12-27 16:21:56,351 - __main__ - DEBUG - Converted to MATLAB expression: 'int(1/(x^5 + 1), x)'
2024-12-27 16:21:56,889 - __main__ - DEBUG - Displayed Result: ln(x + 1)/5 - ln(x - 5^(1/2)/4 - (2^(1/2)*(5^(1/2) - 5)^(1/2))/4 - 1/4)*(5^(1/2)/20 + (2^(1/2)*(5^(1/2) - 5)^(1/2))/20 + 1/20) - ln(x - 5^(1/2)/4 + (2^(1/2)*(5^(1/2) - 5)^(1/2))/4 - 1/4)*(5^(1/2)/20 - (2^(1/2)*(5^(1/2) - 5)^(1/2))/20 + 1/20) - ln(x - (2^(1/2)*(- 5^(1/2) - 5)^(1/2))/4 + 5^(1/2)/4 - 1/4)*((2^(1/2)*(- 5^(1/2) - 5)^(1/2))/20 - 5^(1/2)/20 + 1/20) + ln(x + (2^(1/2)*(- 5^(1/2) - 5)^(1/2))/4 + 5^(1/2)/4 - 1/4)*((2^(1/2)*(- 5^(1/2) - 5)^(1/2))/20 + 5^(1/2)/20 - 1/20)
2024-12-27 16:22:09,008 - __main__ - DEBUG - Original expression: '1+1'
2024-12-27 16:22:09,009 - __main__ - DEBUG - Original expression: '1+1'
2024-12-27 16:22:09,009 - __main__ - DEBUG - Converted integral expression: '1+1'
2024-12-27 16:22:09,009 - __main__ - DEBUG - After explicit multiplication: '1+1'
2024-12-27 16:22:09,011 - __main__ - DEBUG - Converted to SymPy expression: '2'
2024-12-27 16:22:09,011 - __main__ - DEBUG - Converted to MATLAB expression: '2'
2024-12-27 16:22:09,034 - __main__ - DEBUG - Displayed Result: 2.0
2024-12-27 16:22:32,414 - __main__ - DEBUG - Original expression: 'int 1/(x^4 + 1) dx'
2024-12-27 16:22:32,415 - __main__ - DEBUG - Original expression: 'int 1/(x^4 + 1) dx'
2024-12-27 16:22:32,416 - __main__ - DEBUG - Converted integral expression: 'int(1/(x^4 + 1), x)'
2024-12-27 16:22:32,416 - __main__ - DEBUG - After explicit multiplication: 'int(1/(x^4 + 1), x)'
2024-12-27 16:22:32,420 - __main__ - DEBUG - Converted to SymPy expression: 'int(1/(x**4 + 1), x)'
2024-12-27 16:22:32,421 - __main__ - DEBUG - Converted to MATLAB expression: 'int(1/(x^4 + 1), x)'
2024-12-27 16:22:32,547 - __main__ - DEBUG - Displayed Result: 2^(1/2)*atan(2^(1/2)*x*(1/2 - 1i/2))*(1/4 + 1i/4) + 2^(1/2)*atan(2^(1/2)*x*(1/2 + 1i/2))*(1/4 - 1i/4)
2024-12-27 16:22:37,414 - __main__ - DEBUG - Original expression: 'int 1/(x^5 + 1) dx'
2024-12-27 16:22:37,414 - __main__ - DEBUG - Original expression: 'int 1/(x^5 + 1) dx'
2024-12-27 16:22:37,414 - __main__ - DEBUG - Converted integral expression: 'int(1/(x^5 + 1), x)'
2024-12-27 16:22:37,415 - __main__ - DEBUG - After explicit multiplication: 'int(1/(x^5 + 1), x)'
2024-12-27 16:22:37,416 - __main__ - DEBUG - Converted to SymPy expression: 'int(1/(x**5 + 1), x)'
2024-12-27 16:22:37,418 - __main__ - DEBUG - Converted to MATLAB expression: 'int(1/(x^5 + 1), x)'
2024-12-27 16:22:37,474 - __main__ - DEBUG - Displayed Result: ln(x + 1)/5 - ln(x - 5^(1/2)/4 - (2^(1/2)*(5^(1/2) - 5)^(1/2))/4 - 1/4)*(5^(1/2)/20 + (2^(1/2)*(5^(1/2) - 5)^(1/2))/20 + 1/20) - ln(x - 5^(1/2)/4 + (2^(1/2)*(5^(1/2) - 5)^(1/2))/4 - 1/4)*(5^(1/2)/20 - (2^(1/2)*(5^(1/2) - 5)^(1/2))/20 + 1/20) - ln(x - (2^(1/2)*(- 5^(1/2) - 5)^(1/2))/4 + 5^(1/2)/4 - 1/4)*((2^(1/2)*(- 5^(1/2) - 5)^(1/2))/20 - 5^(1/2)/20 + 1/20) + ln(x + (2^(1/2)*(- 5^(1/2) - 5)^(1/2))/4 + 5^(1/2)/4 - 1/4)*((2^(1/2)*(- 5^(1/2) - 5)^(1/2))/20 + 5^(1/2)/20 - 1/20)
2024-12-27 16:23:34,322 - __main__ - INFO - Initializing Calculator Application
2024-12-27 16:23:42,955 - __main__ - INFO - MATLAB engine started successfully
2024-12-27 16:23:55,029 - __main__ - DEBUG - Original expression: 'int 1/(x^5 + 1) dx'
2024-12-27 16:23:55,030 - __main__ - DEBUG - Original expression: 'int 1/(x^5 + 1) dx'
2024-12-27 16:23:55,031 - __main__ - DEBUG - Converted integral expression: 'int(1/(x^5 + 1), x)'
2024-12-27 16:23:55,032 - __main__ - DEBUG - After explicit multiplication: 'int(1/(x^5 + 1), x)'
2024-12-27 16:23:55,104 - __main__ - DEBUG - Converted to SymPy expression: 'int(1/(x**5 + 1), x)'
2024-12-27 16:23:55,105 - __main__ - DEBUG - Converted to MATLAB expression: 'int(1/(x^5 + 1), x)'
2024-12-27 16:23:55,627 - __main__ - DEBUG - Displayed Result: ln(x + 1)/5 - ln(x - 5^(1/2)/4 - (2^(1/2)*(5^(1/2) - 5)^(1/2))/4 - 1/4)*(5^(1/2)/20 + (2^(1/2)*(5^(1/2) - 5)^(1/2))/20 + 1/20) - ln(x - 5^(1/2)/4 + (2^(1/2)*(5^(1/2) - 5)^(1/2))/4 - 1/4)*(5^(1/2)/20 - (2^(1/2)*(5^(1/2) - 5)^(1/2))/20 + 1/20) - ln(x - (2^(1/2)*(- 5^(1/2) - 5)^(1/2))/4 + 5^(1/2)/4 - 1/4)*((2^(1/2)*(- 5^(1/2) - 5)^(1/2))/20 - 5^(1/2)/20 + 1/20) + ln(x + (2^(1/2)*(- 5^(1/2) - 5)^(1/2))/4 + 5^(1/2)/4 - 1/4)*((2^(1/2)*(- 5^(1/2) - 5)^(1/2))/20 + 5^(1/2)/20 - 1/20)
2024-12-27 16:24:33,071 - __main__ - INFO - Initializing Calculator Application
2024-12-27 16:24:39,341 - __main__ - INFO - MATLAB engine started successfully
2024-12-27 16:28:01,838 - __main__ - INFO - Initializing Calculator Application
2024-12-27 16:28:10,717 - __main__ - INFO - MATLAB engine started successfully
2024-12-27 16:30:36,012 - __main__ - INFO - Initializing Calculator Application
2024-12-27 16:30:43,744 - __main__ - INFO - MATLAB engine started successfully
2024-12-27 16:31:52,945 - __main__ - INFO - Initializing Calculator Application
2024-12-27 16:32:01,757 - __main__ - INFO - MATLAB engine started successfully
2024-12-27 16:32:22,993 - __main__ - DEBUG - Original expression: 'int 1/(x^5 +1) dx'
2024-12-27 16:32:22,994 - __main__ - DEBUG - Original expression: 'int 1/(x^5 +1) dx'
2024-12-27 16:32:22,997 - __main__ - DEBUG - Converted integral expression: 'int(1/(x^5 +1), x)'
2024-12-27 16:32:22,997 - __main__ - DEBUG - After explicit multiplication: 'int(1/(x^5 +1), x)'
2024-12-27 16:32:23,069 - __main__ - DEBUG - Converted to SymPy expression: 'int(1/(x**5 + 1), x)'
2024-12-27 16:32:23,069 - __main__ - DEBUG - Converted to MATLAB expression: 'int(1/(x^5 + 1), x)'
2024-12-27 16:32:23,598 - __main__ - DEBUG - Displayed Result: ln(x + 1)/5 - ln(x - 5^(1/2)/4 - (2^(1/2)*(5^(1/2) - 5)^(1/2))/4 - 1/4)*(5^(1/2)/20 + (2^(1/2)*(5^(1/2) - 5)^(1/2))/20 + 1/20) - ln(x - 5^(1/2)/4 + (2^(1/2)*(5^(1/2) - 5)^(1/2))/4 - 1/4)*(5^(1/2)/20 - (2^(1/2)*(5^(1/2) - 5)^(1/2))/20 + 1/20) - ln(x - (2^(1/2)*(- 5^(1/2) - 5)^(1/2))/4 + 5^(1/2)/4 - 1/4)*((2^(1/2)*(- 5^(1/2) - 5)^(1/2))/20 - 5^(1/2)/20 + 1/20) + ln(x + (2^(1/2)*(- 5^(1/2) - 5)^(1/2))/4 + 5^(1/2)/4 - 1/4)*((2^(1/2)*(- 5^(1/2) - 5)^(1/2))/20 + 5^(1/2)/20 - 1/20)
2024-12-27 16:35:30,059 - __main__ - INFO - Initializing Calculator Application
2024-12-27 16:35:40,749 - __main__ - INFO - MATLAB engine started successfully
2024-12-27 16:36:09,920 - __main__ - DEBUG - Original expression: 'int 1/(x^5 + 1) dx'
2024-12-27 16:36:09,921 - __main__ - DEBUG - Original expression: 'int 1/(x^5 + 1) dx'
2024-12-27 16:36:09,923 - __main__ - DEBUG - Converted integral expression: 'int(1/(x^5 + 1), x)'
2024-12-27 16:36:09,923 - __main__ - DEBUG - After explicit multiplication: 'int(1/(x^5 + 1), x)'
2024-12-27 16:36:10,006 - __main__ - DEBUG - Converted to SymPy expression: 'int(1/(x**5 + 1), x)'
2024-12-27 16:36:10,007 - __main__ - DEBUG - Converted to MATLAB expression: 'int(1/(x^5 + 1), x)'
2024-12-27 16:36:10,601 - __main__ - DEBUG - Displayed Result: ln(x + 1)/5 - ln(x - 5^(1/2)/4 - (2^(1/2)*(5^(1/2) - 5)^(1/2))/4 - 1/4)*(5^(1/2)/20 + (2^(1/2)*(5^(1/2) - 5)^(1/2))/20 + 1/20) - ln(x - 5^(1/2)/4 + (2^(1/2)*(5^(1/2) - 5)^(1/2))/4 - 1/4)*(5^(1/2)/20 - (2^(1/2)*(5^(1/2) - 5)^(1/2))/20 + 1/20) - ln(x - (2^(1/2)*(- 5^(1/2) - 5)^(1/2))/4 + 5^(1/2)/4 - 1/4)*((2^(1/2)*(- 5^(1/2) - 5)^(1/2))/20 - 5^(1/2)/20 + 1/20) + ln(x + (2^(1/2)*(- 5^(1/2) - 5)^(1/2))/4 + 5^(1/2)/4 - 1/4)*((2^(1/2)*(- 5^(1/2) - 5)^(1/2))/20 + 5^(1/2)/20 - 1/20)
2024-12-27 16:37:26,529 - __main__ - INFO - Initializing Calculator Application
2024-12-27 16:37:36,920 - __main__ - INFO - MATLAB engine started successfully
2024-12-27 16:38:22,478 - __main__ - INFO - Initializing Calculator Application
2024-12-27 16:38:29,845 - __main__ - INFO - MATLAB engine started successfully
2024-12-27 16:40:03,506 - __main__ - INFO - Initializing Calculator Application
2024-12-27 16:40:12,777 - __main__ - INFO - MATLAB engine started successfully
2024-12-27 16:42:30,948 - __main__ - INFO - Initializing Calculator Application
2024-12-27 16:42:39,750 - __main__ - INFO - MATLAB engine started successfully
2024-12-27 16:43:49,418 - __main__ - DEBUG - Original expression: 'int 1/(x^5+1) dx'
2024-12-27 16:43:49,419 - __main__ - DEBUG - Original expression: 'int 1/(x^5+1) dx'
2024-12-27 16:43:49,422 - __main__ - DEBUG - Converted integral expression: 'int(1/(x^5+1), x)'
2024-12-27 16:43:49,423 - __main__ - DEBUG - After explicit multiplication: 'int(1/(x^5+1), x)'
2024-12-27 16:43:49,512 - __main__ - DEBUG - Converted to SymPy expression: 'int(1/(x**5 + 1), x)'
2024-12-27 16:43:49,513 - __main__ - DEBUG - Converted to MATLAB expression: 'int(1/(x^5 + 1), x)'
2024-12-27 16:43:50,107 - __main__ - DEBUG - Displayed Result: ln(x + 1)/5 - ln(x - 5^(1/2)/4 - (2^(1/2)*(5^(1/2) - 5)^(1/2))/4 - 1/4)*(5^(1/2)/20 + (2^(1/2)*(5^(1/2) - 5)^(1/2))/20 + 1/20) - ln(x - 5^(1/2)/4 + (2^(1/2)*(5^(1/2) - 5)^(1/2))/4 - 1/4)*(5^(1/2)/20 - (2^(1/2)*(5^(1/2) - 5)^(1/2))/20 + 1/20) - ln(x - (2^(1/2)*(- 5^(1/2) - 5)^(1/2))/4 + 5^(1/2)/4 - 1/4)*((2^(1/2)*(- 5^(1/2) - 5)^(1/2))/20 - 5^(1/2)/20 + 1/20) + ln(x + (2^(1/2)*(- 5^(1/2) - 5)^(1/2))/4 + 5^(1/2)/4 - 1/4)*((2^(1/2)*(- 5^(1/2) - 5)^(1/2))/20 + 5^(1/2)/20 - 1/20)
2024-12-27 16:44:36,618 - __main__ - INFO - Initializing Calculator Application
2024-12-27 16:44:44,948 - __main__ - INFO - MATLAB engine started successfully
2024-12-27 16:45:29,717 - __main__ - INFO - Initializing Calculator Application
2024-12-27 16:46:08,749 - __main__ - INFO - Initializing Calculator Application
2024-12-27 16:46:18,486 - __main__ - INFO - MATLAB engine started successfully
2024-12-27 16:46:33,141 - __main__ - DEBUG - Original expression: 'int 1/(x^5 + 1) dx'
2024-12-27 16:46:33,142 - __main__ - DEBUG - Original expression: 'int 1/(x^5 + 1) dx'
2024-12-27 16:46:33,147 - __main__ - DEBUG - Converted integral expression: 'int(1/(x^5 + 1), x)'
2024-12-27 16:46:33,149 - __main__ - DEBUG - After explicit multiplication: 'int(1/(x^5 + 1), x)'
2024-12-27 16:46:33,229 - __main__ - DEBUG - Converted to SymPy expression: 'int(1/(x**5 + 1), x)'
2024-12-27 16:46:33,229 - __main__ - DEBUG - Converted to MATLAB expression: 'int(1/(x^5 + 1), x)'
2024-12-27 16:46:33,798 - __main__ - DEBUG - Displayed Result: ln(x + 1)/5 - ln(x - 5^(1/2)/4 - (2^(1/2)*(5^(1/2) - 5)^(1/2))/4 - 1/4)*(5^(1/2)/20 + (2^(1/2)*(5^(1/2) - 5)^(1/2))/20 + 1/20) - ln(x - 5^(1/2)/4 + (2^(1/2)*(5^(1/2) - 5)^(1/2))/4 - 1/4)*(5^(1/2)/20 - (2^(1/2)*(5^(1/2) - 5)^(1/2))/20 + 1/20) - ln(x - (2^(1/2)*(- 5^(1/2) - 5)^(1/2))/4 + 5^(1/2)/4 - 1/4)*((2^(1/2)*(- 5^(1/2) - 5)^(1/2))/20 - 5^(1/2)/20 + 1/20) + ln(x + (2^(1/2)*(- 5^(1/2) - 5)^(1/2))/4 + 5^(1/2)/4 - 1/4)*((2^(1/2)*(- 5^(1/2) - 5)^(1/2))/20 + 5^(1/2)/20 - 1/20)
2024-12-27 16:46:41,639 - __main__ - DEBUG - Original expression: 'int ln(x) dx'
2024-12-27 16:46:41,641 - __main__ - DEBUG - Original expression: 'int ln(x) dx'
2024-12-27 16:46:41,641 - __main__ - DEBUG - Converted integral expression: 'int(ln(x), x)'
2024-12-27 16:46:41,641 - __main__ - DEBUG - After explicit multiplication: 'int(ln(x), x)'
2024-12-27 16:46:41,647 - __main__ - DEBUG - Converted to SymPy expression: 'int(log(x), x)'
2024-12-27 16:46:41,648 - __main__ - DEBUG - Converted to MATLAB expression: 'int(log(x), x)'
2024-12-27 16:46:41,738 - __main__ - DEBUG - Displayed Result: x*(ln(x) - 1)
2024-12-27 16:47:22,966 - __main__ - INFO - Initializing Calculator Application
2024-12-27 16:47:32,474 - __main__ - INFO - MATLAB engine started successfully
2024-12-27 17:32:01,234 - __main__ - DEBUG - Original expression: 'int e^x dx'
2024-12-27 17:32:01,236 - __main__ - DEBUG - Original expression: 'int e^x dx'
2024-12-27 17:32:01,239 - __main__ - DEBUG - Converted integral expression: 'int(e^x, x)'
2024-12-27 17:32:01,240 - __main__ - DEBUG - After explicit multiplication: 'int(e^x, x)'
2024-12-27 17:32:01,302 - __main__ - DEBUG - Converted to SymPy expression: 'int(e**x, x)'
2024-12-27 17:32:01,302 - __main__ - DEBUG - Converted to MATLAB expression: 'int(e^x, x)'
2024-12-27 17:32:02,056 - __main__ - DEBUG - Displayed Result: e^x/ln(e)
2024-12-27 17:48:24,738 - __main__ - INFO - Initializing Calculator Application
2024-12-27 17:48:46,933 - __main__ - INFO - MATLAB engine started successfully
2024-12-27 17:48:55,258 - __main__ - DEBUG - Original expression: 'int e^x dx'
2024-12-27 17:48:55,261 - __main__ - DEBUG - Original expression: 'int e^x dx'
2024-12-27 17:48:55,265 - __main__ - DEBUG - Converted integral expression: 'int(e^x, x)'
2024-12-27 17:48:55,266 - __main__ - DEBUG - After explicit multiplication: 'int(e^x, x)'
2024-12-27 17:48:55,320 - __main__ - DEBUG - Converted to SymPy expression: 'int(e**x, x)'
2024-12-27 17:48:55,321 - __main__ - DEBUG - Converted to MATLAB expression: 'int(e^x, x)'
2024-12-27 17:48:55,668 - __main__ - ERROR - Error in LaTeX calculation: Unexpected Error: 'EvaluateExpression' object has no attribute 'simplifier'
2024-12-27 17:50:46,948 - __main__ - INFO - Initializing Calculator Application
2024-12-27 17:50:56,279 - __main__ - INFO - MATLAB engine started successfully
2024-12-27 17:52:59,319 - __main__ - DEBUG - Original expression: 'int e^x dx'
2024-12-27 17:52:59,323 - __main__ - DEBUG - Original expression: 'int e^x dx'
2024-12-27 17:52:59,326 - __main__ - DEBUG - Converted integral expression: 'int(e^x, x)'
2024-12-27 17:52:59,327 - __main__ - DEBUG - After explicit multiplication: 'int(e^x, x)'
2024-12-27 17:52:59,383 - __main__ - DEBUG - Converted to SymPy expression: 'int(e**x, x)'
2024-12-27 17:52:59,384 - __main__ - DEBUG - Converted to MATLAB expression: 'int(e^x, x)'
2024-12-27 17:52:59,901 - __main__ - DEBUG - Displayed Result: e^x/ln(e)
2024-12-27 17:57:03,327 - __main__ - INFO - Initializing Calculator Application
2024-12-27 17:57:15,709 - __main__ - INFO - MATLAB engine started successfully
2024-12-27 17:57:21,500 - __main__ - DEBUG - Original expression: 'int e^x dx'
2024-12-27 17:57:21,501 - __main__ - DEBUG - Original expression: 'int e^x dx'
2024-12-27 17:57:21,504 - __main__ - DEBUG - Converted integral expression: 'int(e^x, x)'
2024-12-27 17:57:21,504 - __main__ - DEBUG - After explicit multiplication: 'int(e^x, x)'
2024-12-27 17:57:21,571 - __main__ - DEBUG - Converted to SymPy expression: 'int(e**x, x)'
2024-12-27 17:57:21,572 - __main__ - DEBUG - Converted to MATLAB expression: 'int(e^x, x)'
2024-12-27 17:57:21,930 - __main__ - DEBUG - Displayed Result: (6121026514868073/2251799813685248)^x
2024-12-27 17:58:09,948 - __main__ - INFO - Initializing Calculator Application
2024-12-27 17:58:18,829 - __main__ - INFO - MATLAB engine started successfully
2024-12-27 18:02:46,626 - __main__ - INFO - Initializing Calculator Application
2024-12-27 18:02:54,378 - __main__ - INFO - MATLAB engine started successfully
2024-12-27 18:02:59,607 - __main__ - DEBUG - Original expression: 'int e^x dx'
2024-12-27 18:02:59,608 - __main__ - DEBUG - Original expression: 'int e^x dx'
2024-12-27 18:02:59,612 - __main__ - DEBUG - Converted integral expression: 'int(e^x, x)'
2024-12-27 18:02:59,612 - __main__ - DEBUG - After explicit multiplication: 'int(e^x, x)'
2024-12-27 18:02:59,675 - __main__ - DEBUG - Converted to SymPy expression: 'int(e**x, x)'
2024-12-27 18:02:59,675 - __main__ - DEBUG - Converted to MATLAB expression: 'int(e^x, x)'
2024-12-27 18:03:00,039 - __main__ - DEBUG - Displayed Result: (e)^x
2024-12-27 18:03:07,234 - __main__ - DEBUG - Original expression: 'int ln(x) dx'
2024-12-27 18:03:07,234 - __main__ - DEBUG - Original expression: 'int ln(x) dx'
2024-12-27 18:03:07,235 - __main__ - DEBUG - Converted integral expression: 'int(ln(x), x)'
2024-12-27 18:03:07,235 - __main__ - DEBUG - After explicit multiplication: 'int(ln(x), x)'
2024-12-27 18:03:07,240 - __main__ - DEBUG - Converted to SymPy expression: 'int(log(x), x)'
2024-12-27 18:03:07,241 - __main__ - DEBUG - Converted to MATLAB expression: 'int(log(x), x)'
2024-12-27 18:03:07,409 - __main__ - DEBUG - Displayed Result: x*(ln(x) - 1)
2024-12-27 18:20:55,122 - __main__ - INFO - Initializing Calculator Application
2024-12-27 18:21:02,079 - __main__ - INFO - Initializing Calculator Application
2024-12-27 18:22:05,500 - __main__ - INFO - Initializing Calculator Application
2024-12-27 18:23:46,313 - __main__ - INFO - Initializing Calculator Application
2024-12-27 18:23:57,669 - __main__ - INFO - MATLAB engine started successfully
2024-12-27 18:24:09,083 - __main__ - DEBUG - Original expression: 'int x^2 dx'
2024-12-27 18:24:09,086 - __main__ - DEBUG - Original expression: 'int x^2 dx'
2024-12-27 18:24:09,089 - __main__ - DEBUG - Converted integral expression: 'int(x^2, x)'
2024-12-27 18:24:09,090 - __main__ - DEBUG - After explicit multiplication: 'int(x^2, x)'
2024-12-27 18:24:09,161 - __main__ - DEBUG - Converted to SymPy expression: 'int(x**2, x)'
2024-12-27 18:24:09,162 - __main__ - DEBUG - Converted to MATLAB expression: 'int(x^2, x)'
2024-12-27 18:24:09,542 - __main__ - DEBUG - Displayed Result: x^3/3
2024-12-27 20:18:17,313 - __main__ - INFO - Initializing Calculator Application
2024-12-27 20:20:57,925 - __main__ - INFO - Initializing Calculator Application
2024-12-27 20:22:20,809 - __main__ - INFO - Initializing Calculator Application
2024-12-27 20:22:50,151 - __main__ - DEBUG - Original expression: 'int 1/x dx'
2024-12-27 20:22:50,153 - __main__ - DEBUG - Original expression: 'int 1/x dx'
2024-12-27 20:22:50,153 - __main__ - DEBUG - Converted integral expression: 'int(1/x, x)'
2024-12-27 20:22:50,154 - __main__ - DEBUG - After explicit multiplication: 'int(1/x, x)'
2024-12-27 20:22:50,193 - __main__ - DEBUG - Converted to SymPy expression: 'int(1/x, x)'
2024-12-27 20:22:50,194 - __main__ - DEBUG - Converted to MATLAB expression: 'int(1/x, x)'
2024-12-27 20:22:50,195 - __main__ - ERROR - Error in LaTeX calculation: 'CalculatorApp' object has no attribute 'evaluator'
2024-12-27 20:24:17,501 - __main__ - WARNING - Error terminating MATLAB engine: 'CalculatorApp' object has no attribute 'eng'
2024-12-27 20:24:21,494 - __main__ - INFO - Initializing Calculator Application
2024-12-27 20:24:31,039 - __main__ - DEBUG - Original expression: 'int 1/x dx'
2024-12-27 20:24:31,040 - __main__ - DEBUG - Original expression: 'int 1/x dx'
2024-12-27 20:24:31,041 - __main__ - DEBUG - Converted integral expression: 'int(1/x, x)'
2024-12-27 20:24:31,041 - __main__ - DEBUG - After explicit multiplication: 'int(1/x, x)'
2024-12-27 20:24:31,086 - __main__ - DEBUG - Converted to SymPy expression: 'int(1/x, x)'
2024-12-27 20:24:31,086 - __main__ - DEBUG - Converted to MATLAB expression: 'int(1/x, x)'
2024-12-27 20:24:31,086 - __main__ - ERROR - Error in LaTeX calculation: 'CalculatorApp' object has no attribute 'evaluator'
2024-12-27 20:25:19,453 - __main__ - WARNING - Error terminating MATLAB engine: 'CalculatorApp' object has no attribute 'eng'
2024-12-27 20:25:25,478 - __main__ - INFO - Initializing Calculator Application
2024-12-27 20:25:32,291 - __main__ - DEBUG - Original expression: 'int 1/x dx'
2024-12-27 20:25:32,292 - __main__ - DEBUG - Original expression: 'int 1/x dx'
2024-12-27 20:25:32,293 - __main__ - DEBUG - Converted integral expression: 'int(1/x, x)'
2024-12-27 20:25:32,293 - __main__ - DEBUG - After explicit multiplication: 'int(1/x, x)'
2024-12-27 20:25:32,345 - __main__ - DEBUG - Converted to SymPy expression: 'int(1/x, x)'
2024-12-27 20:25:32,345 - __main__ - DEBUG - Converted to MATLAB expression: 'int(1/x, x)'
2024-12-27 20:25:32,346 - __main__ - ERROR - Error in LaTeX calculation: 'CalculatorApp' object has no attribute 'evaluator'
2024-12-27 20:28:08,787 - __main__ - WARNING - Error terminating MATLAB engine: 'CalculatorApp' object has no attribute 'eng'
2024-12-27 20:28:12,963 - __main__ - INFO - Initializing Calculator Application
2024-12-27 20:28:18,589 - __main__ - DEBUG - Original expression: 'int 1/x dx'
2024-12-27 20:28:18,590 - __main__ - DEBUG - Original expression: 'int 1/x dx'
2024-12-27 20:28:18,591 - __main__ - DEBUG - Converted integral expression: 'int(1/x, x)'
2024-12-27 20:28:18,591 - __main__ - DEBUG - After explicit multiplication: 'int(1/x, x)'
2024-12-27 20:28:18,629 - __main__ - DEBUG - Converted to SymPy expression: 'int(1/x, x)'
2024-12-27 20:28:18,629 - __main__ - DEBUG - Converted to MATLAB expression: 'int(1/x, x)'
2024-12-27 20:28:18,630 - __main__ - ERROR - Error in LaTeX calculation: 'CalculatorApp' object has no attribute 'evaluator'
2024-12-27 20:28:21,340 - __main__ - WARNING - Error terminating MATLAB engine: 'CalculatorApp' object has no attribute 'eng'
2024-12-27 20:31:03,684 - __main__ - INFO - Initializing Calculator Application
2024-12-27 20:31:20,893 - __main__ - INFO - MATLAB engine started successfully
2024-12-27 20:31:26,457 - __main__ - DEBUG - Original expression: 'int 1/x dx'
2024-12-27 20:31:26,459 - __main__ - DEBUG - Original expression: 'int 1/x dx'
2024-12-27 20:31:26,462 - __main__ - DEBUG - Converted integral expression: 'int(1/x, x)'
2024-12-27 20:31:26,463 - __main__ - DEBUG - After explicit multiplication: 'int(1/x, x)'
2024-12-27 20:31:26,529 - __main__ - DEBUG - Converted to SymPy expression: 'int(1/x, x)'
2024-12-27 20:31:26,530 - __main__ - DEBUG - Converted to MATLAB expression: 'int(1/x, x)'
2024-12-27 20:31:26,731 - __main__ - DEBUG - Displayed Result: ln(x)
2024-12-27 20:31:29,840 - __main__ - INFO - MATLAB engine terminated
2024-12-27 20:31:48,636 - __main__ - INFO - Initializing Calculator Application
2024-12-27 20:31:55,617 - __main__ - INFO - MATLAB engine started successfully
2024-12-27 20:32:22,069 - __main__ - DEBUG - Original expression: 'int 1/x dx'
2024-12-27 20:32:22,071 - __main__ - DEBUG - Original expression: 'int 1/x dx'
2024-12-27 20:32:22,073 - __main__ - DEBUG - Converted integral expression: 'int(1/x, x)'
2024-12-27 20:32:22,073 - __main__ - DEBUG - After explicit multiplication: 'int(1/x, x)'
2024-12-27 20:32:22,126 - __main__ - DEBUG - Converted to SymPy expression: 'int(1/x, x)'
2024-12-27 20:32:22,127 - __main__ - DEBUG - Converted to MATLAB expression: 'int(1/x, x)'
2024-12-27 20:32:22,348 - __main__ - DEBUG - Displayed Result: ln(x)
2024-12-27 20:34:16,902 - __main__ - INFO - MATLAB engine terminated
2024-12-27 20:34:21,125 - __main__ - INFO - Initializing Calculator Application
2024-12-27 20:34:31,104 - __main__ - INFO - MATLAB engine started successfully
2024-12-27 20:34:37,301 - __main__ - DEBUG - Original expression: 'int 1/x dx'
2024-12-27 20:34:37,302 - __main__ - DEBUG - Original expression: 'int 1/x dx'
2024-12-27 20:34:37,303 - __main__ - DEBUG - Converted integral expression: 'int(1/x, x)'
2024-12-27 20:34:37,304 - __main__ - DEBUG - After explicit multiplication: 'int(1/x, x)'
2024-12-27 20:34:37,363 - __main__ - DEBUG - Converted to SymPy expression: 'int(1/x, x)'
2024-12-27 20:34:37,363 - __main__ - DEBUG - Converted to MATLAB expression: 'int(1/x, x)'
2024-12-27 20:34:37,623 - __main__ - DEBUG - Displayed Result: ln(x)
2024-12-27 20:34:45,254 - __main__ - DEBUG - Original expression: 'sin(30)'
2024-12-27 20:34:45,255 - __main__ - DEBUG - Original expression: 'sin(30)'
2024-12-27 20:34:45,255 - __main__ - DEBUG - Converted integral expression: 'sin(30)'
2024-12-27 20:34:45,256 - __main__ - DEBUG - After explicit multiplication: 'sin(30)'
2024-12-27 20:34:45,261 - __main__ - DEBUG - Converted to SymPy expression: 'sin(30)'
2024-12-27 20:34:45,261 - __main__ - DEBUG - Converted to MATLAB expression: 'sin(30)'
2024-12-27 20:34:45,274 - __main__ - DEBUG - Displayed Result: 0.5
2024-12-27 20:34:50,606 - __main__ - DEBUG - Original expression: 'ln(2)'
2024-12-27 20:34:50,608 - __main__ - DEBUG - Original expression: 'ln(2)'
2024-12-27 20:34:50,608 - __main__ - DEBUG - Converted integral expression: 'ln(2)'
2024-12-27 20:34:50,609 - __main__ - DEBUG - After explicit multiplication: 'ln(2)'
2024-12-27 20:34:50,616 - __main__ - DEBUG - Converted to SymPy expression: 'log(2)'
2024-12-27 20:34:50,617 - __main__ - DEBUG - Converted to MATLAB expression: 'log(2)'
2024-12-27 20:34:50,629 - __main__ - DEBUG - Displayed Result: 0.6931471805599453
2024-12-27 20:34:57,123 - __main__ - DEBUG - Original expression: 'log10(2)'
2024-12-27 20:34:57,124 - __main__ - DEBUG - Original expression: 'log10(2)'
2024-12-27 20:34:57,124 - __main__ - DEBUG - Converted integral expression: 'log10(2)'
2024-12-27 20:34:57,124 - __main__ - DEBUG - After explicit multiplication: 'log10(2)'
2024-12-27 20:34:57,127 - __main__ - DEBUG - Converted to SymPy expression: 'log10(2)'
2024-12-27 20:34:57,127 - __main__ - DEBUG - Converted to MATLAB expression: 'log10(2)'
2024-12-27 20:34:57,140 - __main__ - DEBUG - Displayed Result: 0.3010299956639812
2024-12-27 20:35:06,971 - __main__ - DEBUG - Original expression: 'log10(2) + log10(5)'
2024-12-27 20:35:06,974 - __main__ - DEBUG - Original expression: 'log10(2) + log10(5)'
2024-12-27 20:35:06,974 - __main__ - DEBUG - Converted integral expression: 'log10(2) + log10(5)'
2024-12-27 20:35:06,974 - __main__ - DEBUG - After explicit multiplication: 'log10(2) + log10(5)'
2024-12-27 20:35:07,027 - __main__ - DEBUG - Converted to SymPy expression: 'log10(2) + log10(5)'
2024-12-27 20:35:07,028 - __main__ - DEBUG - Converted to MATLAB expression: 'log10(2) + log10(5)'
2024-12-27 20:35:07,060 - __main__ - DEBUG - Displayed Result: 1.0
2024-12-27 20:35:56,768 - __main__ - DEBUG - Original expression: 'log10(2) * log10(5)'
2024-12-27 20:35:56,769 - __main__ - DEBUG - Original expression: 'log10(2) * log10(5)'
2024-12-27 20:35:56,769 - __main__ - DEBUG - Converted integral expression: 'log10(2) * log10(5)'
2024-12-27 20:35:56,770 - __main__ - DEBUG - After explicit multiplication: 'log10(2) * log10(5)'
2024-12-27 20:35:56,790 - __main__ - DEBUG - Converted to SymPy expression: 'log10(2)*log10(5)'
2024-12-27 20:35:56,791 - __main__ - DEBUG - Converted to MATLAB expression: 'log10(2)*log10(5)'
2024-12-27 20:35:56,818 - __main__ - DEBUG - Displayed Result: 0.21041093737452468
2024-12-27 20:39:09,149 - __main__ - INFO - MATLAB engine terminated
2024-12-27 20:39:14,761 - __main__ - INFO - Initializing Calculator Application
2024-12-27 20:39:24,157 - __main__ - INFO - MATLAB engine started successfully
2024-12-27 20:58:21,583 - __main__ - DEBUG - Original expression: 'int 1/x dx'
2024-12-27 20:58:21,585 - __main__ - DEBUG - Original expression: 'int 1/x dx'
2024-12-27 20:58:21,586 - __main__ - DEBUG - Converted integral expression: 'int(1/x, x)'
2024-12-27 20:58:21,587 - __main__ - DEBUG - After explicit multiplication: 'int(1/x, x)'
2024-12-27 20:58:21,651 - __main__ - DEBUG - Converted to SymPy expression: 'int(1/x, x)'
2024-12-27 20:58:21,651 - __main__ - DEBUG - Converted to MATLAB expression: 'int(1/x, x)'
2024-12-27 20:58:22,122 - __main__ - DEBUG - Displayed Result: ln(x)
2024-12-27 20:58:35,215 - __main__ - INFO - MATLAB engine terminated
2024-12-27 20:58:47,876 - __main__ - INFO - Initializing Calculator Application
2024-12-27 20:58:57,352 - __main__ - INFO - MATLAB engine started successfully
2024-12-27 20:59:25,077 - __main__ - DEBUG - Original expression: 'int 1/x dx'
2024-12-27 20:59:25,078 - __main__ - DEBUG - Original expression: 'int 1/x dx'
2024-12-27 20:59:25,080 - __main__ - DEBUG - Converted integral expression: 'int(1/x, x)'
2024-12-27 20:59:25,081 - __main__ - DEBUG - After explicit multiplication: 'int(1/x, x)'
2024-12-27 20:59:25,139 - __main__ - DEBUG - Converted to SymPy expression: 'int(1/x, x)'
2024-12-27 20:59:25,139 - __main__ - DEBUG - Converted to MATLAB expression: 'int(1/x, x)'
2024-12-27 20:59:25,399 - __main__ - DEBUG - Displayed Result: ln(x)
2024-12-27 20:59:29,898 - __main__ - DEBUG - Original expression: '1+2'
2024-12-27 20:59:29,899 - __main__ - DEBUG - Original expression: '1+2'
2024-12-27 20:59:29,899 - __main__ - DEBUG - Converted integral expression: '1+2'
2024-12-27 20:59:29,899 - __main__ - DEBUG - After explicit multiplication: '1+2'
2024-12-27 20:59:29,901 - __main__ - DEBUG - Converted to SymPy expression: '3'
2024-12-27 20:59:29,901 - __main__ - DEBUG - Converted to MATLAB expression: '3'
2024-12-27 20:59:29,911 - __main__ - DEBUG - Displayed Result: 3.0
2024-12-27 21:00:55,683 - __main__ - INFO - MATLAB engine terminated
2024-12-27 21:01:00,770 - __main__ - INFO - Initializing Calculator Application
2024-12-27 21:01:09,834 - __main__ - INFO - MATLAB engine started successfully
2024-12-27 21:02:29,003 - __main__ - INFO - MATLAB engine terminated
2024-12-27 21:03:17,678 - __main__ - INFO - Initializing Calculator Application
2024-12-27 21:03:27,723 - __main__ - INFO - MATLAB engine started successfully
2024-12-27 21:03:56,623 - __main__ - INFO - MATLAB engine terminated
2024-12-27 23:18:38,850 - __main__ - INFO - Initializing Calculator Application
2024-12-27 23:18:47,545 - __main__ - INFO - MATLAB engine started successfully
2024-12-27 23:19:34,655 - __main__ - DEBUG - Original expression: 'int 1/(x^5+1) dx'
2024-12-27 23:19:34,658 - __main__ - DEBUG - Original expression: 'int 1/(x^5+1) dx'
2024-12-27 23:19:34,661 - __main__ - DEBUG - Converted integral expression: 'int(1/(x^5+1), x)'
2024-12-27 23:19:34,662 - __main__ - DEBUG - After explicit multiplication: 'int(1/(x^5+1), x)'
2024-12-27 23:19:34,752 - __main__ - DEBUG - Converted to SymPy expression: 'int(1/(x**5 + 1), x)'
2024-12-27 23:19:34,753 - __main__ - DEBUG - Converted to MATLAB expression: 'int(1/(x^5 + 1), x)'
2024-12-27 23:19:35,544 - __main__ - DEBUG - Displayed Result: ln(x + 5^(1/2)/4 - (1/4 + 8566355544790273i/9007199254740992))*(4453404226298125/72057594037927936 - 3426542217916109i/18014398509481984) + ln(x + 5^(1/2)/4 - (1/4 - 8566355544790273i/9007199254740992))*(4453404226298125/72057594037927936 + 3426542217916109i/18014398509481984) + ln(x + 1)/5 - ln(x - 5^(1/2)/4 - (1/4 + 2647149443198255i/4503599627370496))*(1457395453761365/9007199254740992 + 529429888639651i/4503599627370496) - ln(x - 5^(1/2)/4 - (1/4 - 2647149443198255i/4503599627370496))*(1457395453761365/9007199254740992 - 529429888639651i/4503599627370496)
2024-12-27 23:21:55,700 - __main__ - INFO - MATLAB engine terminated
2024-12-27 23:22:43,711 - __main__ - INFO - Initializing Calculator Application
2024-12-27 23:22:53,121 - __main__ - INFO - MATLAB engine started successfully
2024-12-27 23:23:03,655 - __main__ - DEBUG - Original expression: 'int x^2 dx'
2024-12-27 23:23:03,656 - __main__ - DEBUG - Original expression: 'int x^2 dx'
2024-12-27 23:23:03,659 - __main__ - DEBUG - Converted integral expression: 'int(x^2, x)'
2024-12-27 23:23:03,660 - __main__ - DEBUG - After explicit multiplication: 'int(x^2, x)'
2024-12-27 23:23:03,722 - __main__ - DEBUG - Converted to SymPy expression: 'int(x**2, x)'
2024-12-27 23:23:03,723 - __main__ - DEBUG - Converted to MATLAB expression: 'int(x^2, x)'
2024-12-27 23:23:03,962 - __main__ - ERROR - Error in LaTeX calculation: 'matlab.object' object has no attribute 'replace'
2024-12-27 23:23:37,848 - __main__ - INFO - MATLAB engine terminated
2024-12-27 23:25:36,807 - __main__ - INFO - Initializing Calculator Application
2024-12-27 23:25:46,813 - __main__ - INFO - MATLAB engine started successfully
2024-12-27 23:26:07,739 - __main__ - DEBUG - Original expression: 'int 1/x dx'
2024-12-27 23:26:07,740 - __main__ - DEBUG - Original expression: 'int 1/x dx'
2024-12-27 23:26:07,742 - __main__ - DEBUG - Converted integral expression: 'int(1/x, x)'
2024-12-27 23:26:07,742 - __main__ - DEBUG - After explicit multiplication: 'int(1/x, x)'
2024-12-27 23:26:07,809 - __main__ - DEBUG - Converted to SymPy expression: 'int(1/x, x)'
2024-12-27 23:26:07,809 - __main__ - DEBUG - Converted to MATLAB expression: 'int(1/x, x)'
2024-12-27 23:26:08,624 - __main__ - DEBUG - Displayed Result: ln(x)
2024-12-27 23:26:14,851 - __main__ - DEBUG - Original expression: 'd/dx 2x^3'
2024-12-27 23:26:14,853 - __main__ - DEBUG - Original expression: 'd/dx 2x^3'
2024-12-27 23:26:14,853 - __main__ - DEBUG - Converted integral expression: 'd/dx 2x^3'
2024-12-27 23:26:14,853 - __main__ - DEBUG - After explicit multiplication: 'd/dx 2*x^3'
2024-12-27 23:26:14,872 - __main__ - DEBUG - Converted to SymPy expression: 'Derivative(2*x**3, x)'
2024-12-27 23:26:14,872 - __main__ - DEBUG - Converted to MATLAB expression: 'Derivative(2*x^3, x)'
2024-12-27 23:26:15,003 - __main__ - ERROR - Error in LaTeX calculation: MATLAB Error: 
  File /Applications/MATLAB_R2024b.app/toolbox/symbolic/symbolic/@sym/sym.m, line 912, in sym.subsindex

  File /Applications/MATLAB_R2024b.app/toolbox/symbolic/symbolic/@sym/sym.m, line 956, in sym.subsref
Invalid MATLAB indexing or symbolic function definition. Symbolic function arguments must be symbolic variables and function body must be convertible to sym expression.

2024-12-27 23:30:09,506 - __main__ - INFO - MATLAB engine terminated
2024-12-27 23:31:04,151 - __main__ - INFO - Initializing Calculator Application
2024-12-27 23:31:13,892 - __main__ - INFO - MATLAB engine started successfully
2024-12-27 23:31:27,655 - __main__ - DEBUG - Original expression: 'int x^2 dx'
2024-12-27 23:31:27,656 - __main__ - DEBUG - Original expression: 'int x^2 dx'
2024-12-27 23:31:27,658 - __main__ - DEBUG - Converted integral expression: 'int(x^2, x)'
2024-12-27 23:31:27,658 - __main__ - DEBUG - After explicit multiplication: 'int(x^2, x)'
2024-12-27 23:31:27,709 - __main__ - DEBUG - Converted to SymPy expression: 'int(x**2, x)'
2024-12-27 23:31:27,709 - __main__ - DEBUG - Converted to MATLAB expression: 'int(x^2, x)'
2024-12-27 23:31:28,389 - __main__ - DEBUG - Displayed Result: x^3/3
2024-12-27 23:31:35,318 - __main__ - DEBUG - Original expression: 'd/dx 2x^4'
2024-12-27 23:31:35,319 - __main__ - DEBUG - Original expression: 'd/dx 2x^4'
2024-12-27 23:31:35,319 - __main__ - DEBUG - Converted integral expression: 'd/dx 2x^4'
2024-12-27 23:31:35,319 - __main__ - DEBUG - After explicit multiplication: 'd/dx 2*x^4'
2024-12-27 23:31:35,323 - __main__ - DEBUG - Converted to SymPy expression: 'Derivative(2*x**4, x)'
2024-12-27 23:31:35,324 - __main__ - DEBUG - Converted to MATLAB expression: 'diff(2*x^4, x)'
2024-12-27 23:31:35,480 - __main__ - DEBUG - Displayed Result: 8*x^3
2024-12-27 23:32:06,461 - __main__ - INFO - MATLAB engine terminated
2024-12-27 23:33:25,767 - __main__ - INFO - Initializing Calculator Application
2024-12-27 23:33:36,637 - __main__ - INFO - MATLAB engine started successfully
2024-12-27 23:34:45,680 - __main__ - DEBUG - Original expression: 'd/dx 2x^4'
2024-12-27 23:34:45,683 - __main__ - DEBUG - Original expression: 'd/dx 2x^4'
2024-12-27 23:34:45,685 - __main__ - DEBUG - Converted integral expression: 'd/dx 2x^4'
2024-12-27 23:34:45,686 - __main__ - DEBUG - After explicit multiplication: 'd/dx 2*x^4'
2024-12-27 23:34:45,747 - __main__ - DEBUG - Converted to SymPy expression: 'Derivative(2*x**4, x)'
2024-12-27 23:34:45,748 - __main__ - DEBUG - Converted to MATLAB expression: 'diff(2*x^4, x)'
2024-12-27 23:34:46,757 - __main__ - DEBUG - Displayed Result: 8*x^3
2024-12-27 23:35:00,604 - __main__ - DEBUG - Original expression: 'd2/dx2 4x^9'
2024-12-27 23:35:00,605 - __main__ - DEBUG - Original expression: 'd2/dx2 4x^9'
2024-12-27 23:35:00,605 - __main__ - DEBUG - Converted integral expression: 'd2/dx2 4x^9'
2024-12-27 23:35:00,606 - __main__ - DEBUG - After explicit multiplication: 'd2/dx2 4*x^9'
2024-12-27 23:35:00,618 - __main__ - DEBUG - Converted to SymPy expression: 'Derivative(4*x**9, (x, 2))'
2024-12-27 23:35:00,620 - __main__ - DEBUG - Converted to MATLAB expression: 'diff(4*x^9, x, 2)'
2024-12-27 23:35:00,948 - __main__ - DEBUG - Displayed Result: 288*x^7
2024-12-27 23:38:17,339 - __main__ - INFO - MATLAB engine terminated
